C51 COMPILER V9.60.7.0   MAIN                                                              06/16/2026 15:43:16 PAGE 1   


C51 COMPILER V9.60.7.0, COMPILATION OF MODULE MAIN
OBJECT MODULE PLACED IN .\Objects\main.obj
COMPILER INVOKED BY: C:\Program Files (x86)\keil5\C51\BIN\C51.EXE main.c OPTIMIZE(8,SPEED) BROWSE DEBUG OBJECTEXTEND PRI
                    -NT(.\Listings\main.lst) OBJECT(.\Objects\main.obj)

line level    source

   1          #include <REGX52.H>
   2          #include "Delay.h"
   3          #include "MatrixLED.h"
   4          
   5          /*==========================================
   6            5×7 ASCII字模（逐列式，每字5字节）
   7            索引: 0=空格, 1=A, 2=B ... 26=Z
   8          ==========================================*/
   9          unsigned char code Font5x7[] = {
  10              // 0:空格
  11              0x00,0x00,0x00,0x00,0x00,
  12              // 1:A        2:B         3:C         4:D         5:E
  13              0x7C,0x12,0x11,0x12,0x7C, 0x7F,0x49,0x49,0x49,0x36,
  14              0x3E,0x41,0x41,0x41,0x22, 0x7F,0x41,0x41,0x22,0x1C,
  15              0x7F,0x49,0x49,0x49,0x41,
  16              // 6:F        7:G         8:H         9:I         10:J
  17              0x7F,0x09,0x09,0x09,0x01, 0x3E,0x41,0x49,0x49,0x7A,
  18              0x7F,0x08,0x08,0x08,0x7F, 0x00,0x41,0x7F,0x41,0x00,
  19              0x20,0x40,0x41,0x3F,0x01,
  20              // 11:K       12:L        13:M        14:N        15:O
  21              0x7F,0x08,0x14,0x22,0x41, 0x7F,0x40,0x40,0x40,0x40,
  22              0x7F,0x02,0x0C,0x02,0x7F, 0x7F,0x04,0x08,0x10,0x7F,
  23              0x3E,0x41,0x41,0x41,0x3E,
  24              // 16:P       17:Q        18:R        19:S        20:T
  25              0x7F,0x09,0x09,0x09,0x06, 0x3E,0x41,0x51,0x21,0x5E,
  26              0x7F,0x09,0x19,0x29,0x46, 0x46,0x49,0x49,0x49,0x31,
  27              0x01,0x01,0x7F,0x01,0x01,
  28              // 21:U       22:V        23:W        24:X        25:Y
  29              0x3F,0x40,0x40,0x40,0x3F, 0x1F,0x20,0x40,0x20,0x1F,
  30              0x3F,0x40,0x30,0x40,0x3F, 0x63,0x14,0x08,0x14,0x63,
  31              0x03,0x04,0x78,0x04,0x03,
  32              // 26:Z
  33              0x61,0x51,0x49,0x45,0x43
  34          };
  35          
  36          /*==========================================
  37            字母 → 字模索引转换
  38          ==========================================*/
  39          unsigned char GetFontIndex(unsigned char ch)
  40          {
  41   1          if(ch >= 'A' && ch <= 'Z') return ch - 'A' + 1;
  42   1          return 0;
  43   1      }
  44          
  45          /*==========================================
  46            四段文本（直接用字符串定义）
  47          ==========================================*/
  48          unsigned char code Text_Wait[]   = "PLEASE WAIT";
  49          unsigned char code Text_Board[]  = "PLEASE BOARD";
  50          unsigned char code Text_Repair[] = "UNDER REPAIR";
  51          unsigned char code Text_Door[]   = "DOOR CLOSED";
  52          
  53          // 指针与长度表
  54          unsigned char code *pText[] = {Text_Wait, Text_Board, Text_Repair, Text_Door};
C51 COMPILER V9.60.7.0   MAIN                                                              06/16/2026 15:43:16 PAGE 2   

  55          unsigned char code TextLen[] = {
  56              sizeof(Text_Wait) - 1,
  57              sizeof(Text_Board) - 1,
  58              sizeof(Text_Repair) - 1,
  59              sizeof(Text_Door) - 1
  60          };
  61          
  62          void main()
  63          {
  64   1          unsigned char i, Select = 0, LastSelect = 1;
  65   1          unsigned char CharPos = 0, Count = 0;
  66   1          unsigned char idx;
  67   1          unsigned char *pFont;           // ← 移到函数开头
  68   1          
  69   1          MatrixLED_Init();
  70   1          
  71   1          while(1)
  72   1          {
  73   2              /*========== 按键检测 ==========*/
  74   2              if(P3_1 == 0) { Delay(20); while(P3_1 == 0); Delay(20); Select = 0; }
  75   2              if(P3_0 == 0) { Delay(20); while(P3_0 == 0); Delay(20); Select = 1; }
  76   2              if(P3_2 == 0) { Delay(20); while(P3_2 == 0); Delay(20); Select = 2; }
  77   2              if(P3_3 == 0) { Delay(20); while(P3_3 == 0); Delay(20); Select = 3; }
  78   2              
  79   2              // 切换文本时重置
  80   2              if(Select != LastSelect)
  81   2              {
  82   3                  LastSelect = Select;
  83   3                  CharPos = 0;
  84   3                  Count = 0;
  85   3              }
  86   2              
  87   2              /*========== 显示当前字符 ==========*/
  88   2              idx = GetFontIndex(pText[Select][CharPos]);
  89   2              pFont = Font5x7 + idx * 5;
  90   2              
  91   2              // 左2列空白 + 5列字模 + 右1列空白
  92   2              MatrixLED_ShowColumn(0, 0x00);
  93   2              MatrixLED_ShowColumn(1, 0x00);
  94   2              for(i = 0; i < 5; i++)
  95   2                  MatrixLED_ShowColumn(i + 2, pFont[i]);
  96   2              MatrixLED_ShowColumn(7, 0x00);
  97   2              
  98   2              /*========== 切换下一个字 ==========*/
  99   2              Count++;
 100   2              if(Count > 15)
 101   2              {
 102   3                  Count = 0;
 103   3                  CharPos++;
 104   3                  if(CharPos >= TextLen[Select])
 105   3                      CharPos = 0;
 106   3              }
 107   2          }
 108   1      }


MODULE INFORMATION:   STATIC OVERLAYABLE
   CODE SIZE        =    285    ----
   CONSTANT SIZE    =    189    ----
   XDATA SIZE       =   ----    ----
   PDATA SIZE       =   ----    ----
   DATA SIZE        =      8       8
C51 COMPILER V9.60.7.0   MAIN                                                              06/16/2026 15:43:16 PAGE 3   

   IDATA SIZE       =   ----    ----
   BIT SIZE         =   ----    ----
END OF MODULE INFORMATION.


C51 COMPILATION COMPLETE.  0 WARNING(S),  0 ERROR(S)
