BL51 BANKED LINKER/LOCATER V6.22.4.0                                                    01/31/2026  21:35:44  PAGE 1


BL51 BANKED LINKER/LOCATER V6.22.4.0, INVOKED BY:
D:\K5\C51\BIN\BL51.EXE .\Objects\main.obj TO .\Objects\独立按键2进制 PRINT (.\Listings\独立按键2进制.m51) RAMSIZE (256)


MEMORY MODEL: SMALL


INPUT MODULES INCLUDED:
  .\Objects\main.obj (MAIN)
  D:\K5\C51\LIB\C51S.LIB (?C_STARTUP)


LINK MAP OF MODULE:  .\Objects\独立按键2进制 (MAIN)


            TYPE    BASE      LENGTH    RELOCATION   SEGMENT NAME
            -----------------------------------------------------

            * * * * * * *   D A T A   M E M O R Y   * * * * * * *
            REG     0000H     0008H     ABSOLUTE     "REG BANK 0"
            IDATA   0008H     0001H     UNIT         ?STACK

            * * * * * * *   C O D E   M E M O R Y   * * * * * * *
            CODE    0000H     0003H     ABSOLUTE     
            CODE    0003H     001DH     UNIT         ?PR?MAIN?MAIN
            CODE    0020H     0014H     UNIT         ?PR?_DELAY?MAIN
            CODE    0034H     000CH     UNIT         ?C_C51STARTUP



OVERLAY MAP OF MODULE:   .\Objects\独立按键2进制 (MAIN)


SEGMENT
  +--> CALLED SEGMENT
---------------------
?C_C51STARTUP
  +--> ?PR?MAIN?MAIN

?PR?MAIN?MAIN
  +--> ?PR?_DELAY?MAIN



SYMBOL TABLE OF MODULE:  .\Objects\独立按键2进制 (MAIN)

  VALUE           TYPE          NAME
  ----------------------------------

  -------         MODULE        MAIN
  C:0000H         SYMBOL        _ICE_DUMMY_
  D:0090H         PUBLIC        P1
  D:00A0H         PUBLIC        P2
  D:00B0H         PUBLIC        P3
  D:00A8H         PUBLIC        IE
  B:00B0H.1       PUBLIC        P3_1
  D:00B8H         PUBLIC        IP
  C:0003H         PUBLIC        main
BL51 BANKED LINKER/LOCATER V6.22.4.0                                                  01/31/2026  21:35:44  PAGE 2


  D:0098H         PUBLIC        SCON
  D:0088H         PUBLIC        TCON
  D:00C8H         PUBLIC        T2CON
  C:0020H         PUBLIC        _Delay
  D:00D0H         PUBLIC        PSW
  -------         PROC          _DELAY
  D:0006H         SYMBOL        xms
  -------         DO            
  D:0005H         SYMBOL        i
  D:0004H         SYMBOL        j
  -------         ENDDO         
  C:0020H         LINE#         2
  C:0020H         LINE#         3
  C:0020H         LINE#         5
  C:0024H         LINE#         6
  C:0024H         LINE#         7
  C:0026H         LINE#         8
  C:0028H         LINE#         10
  C:0028H         LINE#         11
  C:002AH         LINE#         12
  C:002CH         LINE#         13
  C:0031H         LINE#         14
  C:0033H         LINE#         15
  -------         ENDPROC       _DELAY
  -------         PROC          MAIN
  -------         DO            
  D:0003H         SYMBOL        LEDum
  -------         ENDDO         
  C:0003H         LINE#         17
  C:0003H         LINE#         18
  C:0003H         LINE#         19
  C:0005H         LINE#         20
  C:0005H         LINE#         21
  C:0005H         LINE#         22
  C:0008H         LINE#         23
  C:0008H         LINE#         24
  C:000FH         LINE#         25
  C:0012H         LINE#         26
  C:0019H         LINE#         27
  C:001AH         LINE#         28
  C:001EH         LINE#         29
  C:001EH         LINE#         30
  -------         ENDPROC       MAIN
  -------         ENDMOD        MAIN

Program Size: data=9.0 xdata=0 code=64
LINK/LOCATE RUN COMPLETE.  0 WARNING(S),  0 ERROR(S)
