BL51 BANKED LINKER/LOCATER V6.22.4.0                                                    02/01/2026  20:08:09  PAGE 1


BL51 BANKED LINKER/LOCATER V6.22.4.0, INVOKED BY:
D:\K5\C51\BIN\BL51.EXE .\Objects\main.obj TO .\Objects\1 PRINT (.\Listings\1.m51) RAMSIZE (256)


MEMORY MODEL: SMALL


INPUT MODULES INCLUDED:
  .\Objects\main.obj (MAIN)
  D:\K5\C51\LIB\C51S.LIB (?C_STARTUP)
  D:\K5\C51\LIB\C51S.LIB (?C_INIT)


LINK MAP OF MODULE:  .\Objects\1 (MAIN)


            TYPE    BASE      LENGTH    RELOCATION   SEGMENT NAME
            -----------------------------------------------------

            * * * * * * *   D A T A   M E M O R Y   * * * * * * *
            REG     0000H     0008H     ABSOLUTE     "REG BANK 0"
            DATA    0008H     000AH     UNIT         ?DT?MAIN
            IDATA   0012H     0001H     UNIT         ?STACK

            * * * * * * *   C O D E   M E M O R Y   * * * * * * *
            CODE    0000H     0003H     ABSOLUTE     
            CODE    0003H     008CH     UNIT         ?C_C51STARTUP
            CODE    008FH     0063H     UNIT         ?PR?_NIXIE?MAIN
            CODE    00F2H     001EH     UNIT         ?PR?MAIN?MAIN
            CODE    0110H     0015H     UNIT         ?PR?_DELAY?MAIN
            CODE    0125H     000DH     UNIT         ?C_INITSEG



OVERLAY MAP OF MODULE:   .\Objects\1 (MAIN)


SEGMENT
  +--> CALLED SEGMENT
---------------------
?C_C51STARTUP
  +--> ?PR?MAIN?MAIN
  +--> ?C_INITSEG

?PR?MAIN?MAIN
  +--> ?PR?_NIXIE?MAIN
  +--> ?PR?_DELAY?MAIN



SYMBOL TABLE OF MODULE:  .\Objects\1 (MAIN)

  VALUE           TYPE          NAME
  ----------------------------------

  -------         MODULE        MAIN
  C:0000H         SYMBOL        _ICE_DUMMY_
  D:0080H         PUBLIC        P0
BL51 BANKED LINKER/LOCATER V6.22.4.0                                                  02/01/2026  20:08:09  PAGE 2


  D:0090H         PUBLIC        P1
  D:00A0H         PUBLIC        P2
  D:00B0H         PUBLIC        P3
  D:00A8H         PUBLIC        IE
  B:00A0H.2       PUBLIC        P2_2
  B:00A0H.3       PUBLIC        P2_3
  B:00A0H.4       PUBLIC        P2_4
  D:00B8H         PUBLIC        IP
  C:008FH         PUBLIC        _nixie
  C:00F2H         PUBLIC        main
  D:0098H         PUBLIC        SCON
  D:0088H         PUBLIC        TCON
  D:00C8H         PUBLIC        T2CON
  C:0110H         PUBLIC        _Delay
  D:0008H         PUBLIC        nixieT
  D:00D0H         PUBLIC        PSW
  -------         PROC          _DELAY
  D:0006H         SYMBOL        xms
  -------         DO            
  D:0005H         SYMBOL        i
  D:0004H         SYMBOL        j
  -------         ENDDO         
  C:0110H         LINE#         5
  C:0110H         LINE#         6
  C:0110H         LINE#         8
  C:011AH         LINE#         9
  C:011AH         LINE#         10
  C:011CH         LINE#         11
  C:011EH         LINE#         13
  C:011EH         LINE#         14
  C:0120H         LINE#         15
  C:0122H         LINE#         16
  C:0124H         LINE#         17
  -------         ENDPROC       _DELAY
  -------         PROC          _NIXIE
  D:0007H         SYMBOL        loc
  D:0004H         SYMBOL        num
  C:008FH         LINE#         18
  C:008FH         LINE#         19
  C:008FH         LINE#         20
  C:00BCH         LINE#         21
  C:00BCH         LINE#         22
  C:00C0H         LINE#         23
  C:00C4H         LINE#         24
  C:00C8H         LINE#         25
  C:00CCH         LINE#         26
  C:00D4H         LINE#         27
  C:00DCH         LINE#         28
  C:00E4H         LINE#         29
  C:00EAH         LINE#         30
  C:00EAH         LINE#         31
  C:00F1H         LINE#         32
  -------         ENDPROC       _NIXIE
  -------         PROC          MAIN
  -------         DO            
  D:0006H         SYMBOL        i
  -------         ENDDO         
BL51 BANKED LINKER/LOCATER V6.22.4.0                                                  02/01/2026  20:08:09  PAGE 3


  C:00F2H         LINE#         33
  C:00F2H         LINE#         34
  C:00F2H         LINE#         36
  C:00F2H         LINE#         37
  C:00F2H         LINE#         38
  C:00F4H         LINE#         39
  C:0107H         LINE#         40
  C:010EH         LINE#         41
  -------         ENDPROC       MAIN
  -------         ENDMOD        MAIN

Program Size: data=19.0 xdata=0 code=306
LINK/LOCATE RUN COMPLETE.  0 WARNING(S),  0 ERROR(S)
