C51 COMPILER V9.60.7.0   1                                                                 01/27/2026 14:44:01 PAGE 1   


C51 COMPILER V9.60.7.0, COMPILATION OF MODULE 1
OBJECT MODULE PLACED IN .\Objects\1.obj
COMPILER INVOKED BY: D:\k5\C51\BIN\C51.EXE 1.c OPTIMIZE(8,SPEED) BROWSE DEBUG OBJECTEXTEND PRINT(.\Listings\1.lst) TABS(
                    -2) OBJECT(.\Objects\1.obj)

line level    source

   1          #include <REGX52.H>
   2          void main()
   3          {
   4   1        P2=0x55;//0101 0101
   5   1        while(1)
   6   1        {
   7   2          
   8   2        }   
   9   1      }


MODULE INFORMATION:   STATIC OVERLAYABLE
   CODE SIZE        =      5    ----
   CONSTANT SIZE    =   ----    ----
   XDATA SIZE       =   ----    ----
   PDATA SIZE       =   ----    ----
   DATA SIZE        =   ----    ----
   IDATA SIZE       =   ----    ----
   BIT SIZE         =   ----    ----
END OF MODULE INFORMATION.


C51 COMPILATION COMPLETE.  0 WARNING(S),  0 ERROR(S)
