C51 COMPILER V9.60.7.0   MAIN                                                              06/15/2026 15:12:21 PAGE 1   


C51 COMPILER V9.60.7.0, COMPILATION OF MODULE MAIN
OBJECT MODULE PLACED IN .\Objects\main.obj
COMPILER INVOKED BY: C:\Program Files (x86)\keil5\C51\BIN\C51.EXE main.c OPTIMIZE(8,SPEED) BROWSE DEBUG OBJECTEXTEND PRI
                    -NT(.\Listings\main.lst) OBJECT(.\Objects\main.obj)

line level    source

   1          #include <REGX52.H>
   2          #include "LCD1602.h"
   3          #include "DS18B20.h"
   4          #include "Delay.h"
   5          
   6          // ===== LED引脚定义（低电平亮） =====
   7          sbit LED_20 = P2^0;   // 温度 > 20°C 时点亮
   8          sbit LED_25 = P2^1;   // 温度 > 25°C 时点亮
   9          sbit LED_30 = P2^2;   // 温度 > 30°C 时点亮
  10          
  11          // ===== 蜂鸣器引脚定义（无源蜂鸣器，需要方波驱动） =====
  12          sbit Buzzer = P2^5;
  13          
  14          float T, TShow;
  15          
  16          /**
  17            * @brief  无源蜂鸣器短延时
  18            * @param  无
  19            * @retval 无
  20            */
  21          void Buzzer_Delay(void)
  22          {
  23   1          unsigned char i;
  24   1          for(i = 0; i < 60; i++);
  25   1      }
  26          
  27          /**
  28            * @brief  根据温度控制三路LED（低电平亮）
  29            * @param  Temp 当前温度值
  30            * @retval 无
  31            */
  32          void LED_Control(float Temp)
  33          {
  34   1          if(Temp > 30.0)
  35   1          {
  36   2              LED_20 = 0;   // 三灯全亮（低电平）
  37   2              LED_25 = 0;
  38   2              LED_30 = 0;
  39   2          }
  40   1          else if(Temp > 25.0)
  41   1          {
  42   2              LED_20 = 0;   // 两灯亮
  43   2              LED_25 = 0;
  44   2              LED_30 = 1;
  45   2          }
  46   1          else if(Temp > 20.0)
  47   1          {
  48   2              LED_20 = 0;   // 一灯亮
  49   2              LED_25 = 1;
  50   2              LED_30 = 1;
  51   2          }
  52   1          else
  53   1          {
  54   2              LED_20 = 1;   // 全灭（高电平）
C51 COMPILER V9.60.7.0   MAIN                                                              06/15/2026 15:12:21 PAGE 2   

  55   2              LED_25 = 1;
  56   2              LED_30 = 1;
  57   2          }
  58   1      }
  59          
  60          /**
  61            * @brief  蜂鸣器控制（温度>30°C时发出报警声）
  62            *         使用无源蜂鸣器，需要方波脉冲驱动
  63            * @param  Temp 当前温度值
  64            * @retval 无
  65            */
  66          void Buzzer_Control(float Temp)
  67          {
  68   1          unsigned char j;
  69   1          
  70   1          if(Temp > 30.0)
  71   1          {
  72   2              // 产生一定数量的方波脉冲，发出间歇报警声
  73   2              for(j = 0; j < 100; j++)
  74   2              {
  75   3                  Buzzer = 0;
  76   3                  Buzzer_Delay();
  77   3                  Buzzer = 1;
  78   3                  Buzzer_Delay();
  79   3              }
  80   2          }
  81   1          else
  82   1          {
  83   2              Buzzer = 1;   // 蜂鸣器关闭（高电平）
  84   2          }
  85   1      }
  86          
  87          /**
  88            * @brief  LCD第二行显示报警状态
  89            *         注意：使用16个空格清空整行，避免残留字符
  90            * @param  Temp 当前温度值
  91            * @retval 无
  92            */
  93          void LCD_ShowAlarmState(float Temp)
  94          {
  95   1          // 先清空第二行（防止短字符串覆盖后残留字符）
  96   1          LCD_ShowString(2, 1, "                ");
  97   1          
  98   1          if(Temp > 30.0)
  99   1          {
 100   2              LCD_ShowString(2, 1, "Alarm: HIGH!   ");
 101   2          }
 102   1          else if(Temp > 25.0)
 103   1          {
 104   2              LCD_ShowString(2, 1, "Alarm: MIDDLE  ");
 105   2          }
 106   1          else if(Temp > 20.0)
 107   1          {
 108   2              LCD_ShowString(2, 1, "Alarm: LOW     ");
 109   2          }
 110   1          else
 111   1          {
 112   2              LCD_ShowString(2, 1, "Temp Normal    ");
 113   2          }
 114   1      }
 115          
 116          void main()
C51 COMPILER V9.60.7.0   MAIN                                                              06/15/2026 15:12:21 PAGE 3   

 117          {
 118   1          // 上电先转换一次温度，防止第一次读数据错误
 119   1          DS18B20_ConvertT();
 120   1          Delay(1000);
 121   1          
 122   1          // 初始化所有输出
 123   1          LED_20 = 1;   // 初始熄灭
 124   1          LED_25 = 1;
 125   1          LED_30 = 1;
 126   1          Buzzer = 1;   // 蜂鸣器初始关闭
 127   1          
 128   1          LCD_Init();
 129   1          LCD_ShowString(1, 1, "Temp:");
 130   1          LCD_ShowString(2, 1, "Initializing...");
 131   1          Delay(500);
 132   1          
 133   1          while(1)
 134   1          {
 135   2              /* 温度读取 */
 136   2              DS18B20_ConvertT();      // 启动温度转换
 137   2              T = DS18B20_ReadT();     // 读取温度值
 138   2              
 139   2              /* LCD第一行显示温度 */
 140   2              if(T < 0)
 141   2              {
 142   3                  LCD_ShowChar(1, 6, '-');
 143   3                  TShow = -T;
 144   3              }
 145   2              else
 146   2              {
 147   3                  LCD_ShowChar(1, 6, '+');
 148   3                  TShow = T;
 149   3              }
 150   2              LCD_ShowNum(1, 7, (unsigned int)TShow, 3);            // 整数部分
 151   2              LCD_ShowChar(1, 10, '.');
 152   2              LCD_ShowNum(1, 11, (unsigned long)(TShow * 100) % 100, 2);  // 小数部分
 153   2              LCD_ShowChar(1, 13, 0xDF);   // 显示温度符号 °
 154   2              LCD_ShowChar(1, 14, 'C');
 155   2              
 156   2              /* LED分级报警控制 */
 157   2              LED_Control(T);
 158   2              
 159   2              /* LCD第二行显示报警状态（先清空再显示） */
 160   2              LCD_ShowAlarmState(T);
 161   2              
 162   2              /* 蜂鸣器控制（温度>30°C时发出方波报警声） */
 163   2              Buzzer_Control(T);
 164   2              
 165   2              Delay(200);  // 适度延时，避免刷新过快
 166   2          }
 167   1      }


MODULE INFORMATION:   STATIC OVERLAYABLE
   CODE SIZE        =    551    ----
   CONSTANT SIZE    =    103    ----
   XDATA SIZE       =   ----    ----
   PDATA SIZE       =   ----    ----
   DATA SIZE        =      8      12
   IDATA SIZE       =   ----    ----
   BIT SIZE         =   ----    ----
END OF MODULE INFORMATION.

C51 COMPILER V9.60.7.0   MAIN                                                              06/15/2026 15:12:21 PAGE 4   


C51 COMPILATION COMPLETE.  0 WARNING(S),  0 ERROR(S)
