BL51 BANKED LINKER/LOCATER V6.22.4.0                                                    06/15/2026  15:12:22  PAGE 1


BL51 BANKED LINKER/LOCATER V6.22.4.0, INVOKED BY:
C:\PROGRAM FILES (X86)\KEIL5\C51\BIN\BL51.EXE .\Objects\main.obj, .\Objects\Delay.obj, .\Objects\LCD1602.obj, .\Objects\
>> AT24C02.obj, .\Objects\I2C.obj, .\Objects\DS18B20.obj, .\Objects\OneWire.obj, .\Objects\Key.obj, .\Objects\Timer0.obj
>>  TO .\Objects\Project PRINT (.\Listings\Project.m51) RAMSIZE (256) DISABLEWARNING (16)


MEMORY MODEL: SMALL WITH FLOATING POINT ARITHMETIC


INPUT MODULES INCLUDED:
  .\Objects\main.obj (MAIN)
  .\Objects\Delay.obj (DELAY)
  .\Objects\LCD1602.obj (LCD1602)
  .\Objects\AT24C02.obj (AT24C02)
  .\Objects\I2C.obj (I2C)
  .\Objects\DS18B20.obj (DS18B20)
  .\Objects\OneWire.obj (ONEWIRE)
  .\Objects\Key.obj (KEY)
  .\Objects\Timer0.obj (TIMER0)
  C:\PROGRAM FILES (X86)\KEIL5\C51\LIB\C51FPS.LIB (?C?FPMUL)
  C:\PROGRAM FILES (X86)\KEIL5\C51\LIB\C51FPS.LIB (?C?FPDIV)
  C:\PROGRAM FILES (X86)\KEIL5\C51\LIB\C51FPS.LIB (?C?FPCMP)
  C:\PROGRAM FILES (X86)\KEIL5\C51\LIB\C51FPS.LIB (?C?FPNEG)
  C:\PROGRAM FILES (X86)\KEIL5\C51\LIB\C51FPS.LIB (?C?FCAST)
  C:\PROGRAM FILES (X86)\KEIL5\C51\LIB\C51FPS.LIB (?C?CASTF)
  C:\PROGRAM FILES (X86)\KEIL5\C51\LIB\C51FPS.LIB (?C?FPGETOPN)
  C:\PROGRAM FILES (X86)\KEIL5\C51\LIB\C51S.LIB (?C_STARTUP)
  C:\PROGRAM FILES (X86)\KEIL5\C51\LIB\C51S.LIB (?C?CLDOPTR)
  C:\PROGRAM FILES (X86)\KEIL5\C51\LIB\C51S.LIB (?C?IMUL)
  C:\PROGRAM FILES (X86)\KEIL5\C51\LIB\C51S.LIB (?C?UIDIV)
  C:\PROGRAM FILES (X86)\KEIL5\C51\LIB\C51S.LIB (?C?ULDIV)
  C:\PROGRAM FILES (X86)\KEIL5\C51\LIB\C51S.LIB (?C?LNEG)


LINK MAP OF MODULE:  .\Objects\Project (MAIN)


            TYPE    BASE      LENGTH    RELOCATION   SEGMENT NAME
            -----------------------------------------------------

            * * * * * * *   D A T A   M E M O R Y   * * * * * * *
            REG     0000H     0008H     ABSOLUTE     "REG BANK 0"
            DATA    0008H     0009H     UNIT         _DATA_GROUP_
            DATA    0011H     0008H     UNIT         ?DT?MAIN
            DATA    0019H     0007H     UNIT         ?DT?_LCD_SHOWSIGNEDNUM?LCD1602
            DATA    0020H     0005H     UNIT         ?DT?_LCD_SHOWHEXNUM?LCD1602
            DATA    0025H     0005H     UNIT         ?DT?_LCD_SHOWBINNUM?LCD1602
            DATA    002AH     0003H     UNIT         ?DT?_AT24C02_WRITEBYTE?AT24C02
            DATA    002DH     0003H     UNIT         ?DT?KEY
            DATA    0030H     0002H     UNIT         ?DT?_AT24C02_READBYTE?AT24C02
            IDATA   0032H     0001H     UNIT         ?STACK

            * * * * * * *   C O D E   M E M O R Y   * * * * * * *
            CODE    0000H     0003H     ABSOLUTE     
            CODE    0003H     045FH     UNIT         ?C?LIB_CODE
            CODE    0462H     0110H     UNIT         ?PR?MAIN?MAIN
            CODE    0572H     007BH     UNIT         ?PR?_LCD_SHOWALARMSTATE?MAIN
            CODE    05EDH     0067H     UNIT         ?CO?MAIN
BL51 BANKED LINKER/LOCATER V6.22.4.0                                                  06/15/2026  15:12:22  PAGE 2


            CODE    0654H     0063H     UNIT         ?PR?_LED_CONTROL?MAIN
            CODE    06B7H     003AH     UNIT         ?PR?_LCD_SHOWSIGNEDNUM?LCD1602
            CODE    06F1H     0039H     UNIT         ?PR?_LCD_SHOWHEXNUM?LCD1602
            CODE    072AH     0039H     UNIT         ?PR?KEY_LOOP?KEY
            CODE    0763H     0038H     UNIT         ?PR?_LCD_SHOWBINNUM?LCD1602
            CODE    079BH     0033H     UNIT         ?PR?_LCD_POW?LCD1602
            CODE    07CEH     0032H     UNIT         ?PR?_BUZZER_CONTROL?MAIN
            CODE    0800H     0030H     UNIT         ?PR?_AT24C02_READBYTE?AT24C02
            CODE    0830H     002BH     UNIT         ?PR?DS18B20_READT?DS18B20
            CODE    085BH     0029H     UNIT         ?PR?_I2C_SENDBYTE?I2C
            CODE    0884H     0024H     UNIT         ?PR?_AT24C02_WRITEBYTE?AT24C02
            CODE    08A8H     0023H     UNIT         ?PR?_LCD_SHOWSTRING?LCD1602
            CODE    08CBH     001EH     UNIT         ?PR?_LCD_WRITEDATA?LCD1602
            CODE    08E9H     001EH     UNIT         ?PR?I2C_RECEIVEBYTE?I2C
            CODE    0907H     001EH     UNIT         ?PR?ONEWIRE_INIT?ONEWIRE
            CODE    0925H     001DH     UNIT         ?PR?_LCD_SHOWNUM?LCD1602
            CODE    0942H     001DH     UNIT         ?PR?ONEWIRE_RECEIVEBYTE?ONEWIRE
            CODE    095FH     001CH     UNIT         ?PR?ONEWIRE_RECEIVEBIT?ONEWIRE
            CODE    097BH     0019H     UNIT         ?PR?_ONEWIRE_SENDBYTE?ONEWIRE
            CODE    0994H     0017H     UNIT         ?PR?TIMER0_INIT?TIMER0
            CODE    09ABH     0016H     UNIT         ?PR?_LCD_SETCURSOR?LCD1602
            CODE    09C1H     0016H     UNIT         ?PR?_ONEWIRE_SENDBIT?ONEWIRE
            CODE    09D7H     0016H     UNIT         ?PR?KEY_GETSTATE?KEY
            CODE    09EDH     0015H     UNIT         ?PR?_DELAY?DELAY
            CODE    0A02H     0014H     UNIT         ?PR?LCD_INIT?LCD1602
            CODE    0A16H     000FH     UNIT         ?PR?LCD_DELAY?LCD1602
            CODE    0A25H     000DH     UNIT         ?PR?DS18B20_CONVERTT?DS18B20
            CODE    0A32H     000CH     UNIT         ?PR?I2C_RECEIVEACK?I2C
            CODE    0A3EH     000CH     UNIT         ?C_C51STARTUP
            CODE    0A4AH     000AH     UNIT         ?PR?_LCD_WRITECOMMAND?LCD1602
            CODE    0A54H     000AH     UNIT         ?PR?_LCD_SHOWCHAR?LCD1602
            CODE    0A5EH     000AH     UNIT         ?PR?_I2C_SENDACK?I2C
            CODE    0A68H     0009H     UNIT         ?PR?I2C_START?I2C
            CODE    0A71H     0007H     UNIT         ?PR?BUZZER_DELAY?MAIN
            CODE    0A78H     0007H     UNIT         ?PR?I2C_STOP?I2C
            CODE    0A7FH     0006H     UNIT         ?PR?KEY?KEY



OVERLAY MAP OF MODULE:   .\Objects\Project (MAIN)


SEGMENT                                   DATA_GROUP 
  +--> CALLED SEGMENT                   START    LENGTH
-------------------------------------------------------
?C_C51STARTUP                           -----    -----
  +--> ?PR?MAIN?MAIN

?PR?MAIN?MAIN                           -----    -----
  +--> ?PR?DS18B20_CONVERTT?DS18B20
  +--> ?PR?_DELAY?DELAY
  +--> ?PR?LCD_INIT?LCD1602
  +--> ?CO?MAIN
  +--> ?PR?_LCD_SHOWSTRING?LCD1602
  +--> ?PR?DS18B20_READT?DS18B20
  +--> ?PR?_LCD_SHOWCHAR?LCD1602
  +--> ?PR?_LCD_SHOWNUM?LCD1602
BL51 BANKED LINKER/LOCATER V6.22.4.0                                                  06/15/2026  15:12:22  PAGE 3


  +--> ?PR?_LED_CONTROL?MAIN
  +--> ?PR?_LCD_SHOWALARMSTATE?MAIN
  +--> ?PR?_BUZZER_CONTROL?MAIN

?PR?DS18B20_CONVERTT?DS18B20            -----    -----
  +--> ?PR?ONEWIRE_INIT?ONEWIRE
  +--> ?PR?_ONEWIRE_SENDBYTE?ONEWIRE

?PR?_ONEWIRE_SENDBYTE?ONEWIRE           -----    -----
  +--> ?PR?_ONEWIRE_SENDBIT?ONEWIRE

?PR?LCD_INIT?LCD1602                    -----    -----
  +--> ?PR?_LCD_WRITECOMMAND?LCD1602

?PR?_LCD_WRITECOMMAND?LCD1602           -----    -----
  +--> ?PR?LCD_DELAY?LCD1602

?PR?_LCD_SHOWSTRING?LCD1602             000CH    0003H
  +--> ?PR?_LCD_SETCURSOR?LCD1602
  +--> ?PR?_LCD_WRITEDATA?LCD1602

?PR?_LCD_SETCURSOR?LCD1602              -----    -----
  +--> ?PR?_LCD_WRITECOMMAND?LCD1602

?PR?_LCD_WRITEDATA?LCD1602              -----    -----
  +--> ?PR?LCD_DELAY?LCD1602

?PR?DS18B20_READT?DS18B20               0008H    0001H
  +--> ?PR?ONEWIRE_INIT?ONEWIRE
  +--> ?PR?_ONEWIRE_SENDBYTE?ONEWIRE
  +--> ?PR?ONEWIRE_RECEIVEBYTE?ONEWIRE

?PR?ONEWIRE_RECEIVEBYTE?ONEWIRE         -----    -----
  +--> ?PR?ONEWIRE_RECEIVEBIT?ONEWIRE

?PR?_LCD_SHOWCHAR?LCD1602               -----    -----
  +--> ?PR?_LCD_SETCURSOR?LCD1602
  +--> ?PR?_LCD_WRITEDATA?LCD1602

?PR?_LCD_SHOWNUM?LCD1602                0008H    0005H
  +--> ?PR?_LCD_SETCURSOR?LCD1602
  +--> ?PR?_LCD_POW?LCD1602
  +--> ?PR?_LCD_WRITEDATA?LCD1602

?PR?_LCD_POW?LCD1602                    000DH    0004H

?PR?_LED_CONTROL?MAIN                   0008H    0004H

?PR?_LCD_SHOWALARMSTATE?MAIN            0008H    0004H
  +--> ?CO?MAIN
  +--> ?PR?_LCD_SHOWSTRING?LCD1602

?PR?_BUZZER_CONTROL?MAIN                0008H    0004H
  +--> ?PR?BUZZER_DELAY?MAIN



BL51 BANKED LINKER/LOCATER V6.22.4.0                                                  06/15/2026  15:12:22  PAGE 4


SYMBOL TABLE OF MODULE:  .\Objects\Project (MAIN)

  VALUE           TYPE          NAME
  ----------------------------------

  -------         MODULE        MAIN
  C:0000H         SYMBOL        _ICE_DUMMY_
  D:00A0H         PUBLIC        P2
  B:00A0H.5       PUBLIC        Buzzer
  B:00A0H.0       PUBLIC        LED_20
  B:00A0H.2       PUBLIC        LED_30
  C:0654H         PUBLIC        _LED_Control
  B:00A0H.1       PUBLIC        LED_25
  C:0462H         PUBLIC        main
  C:07CEH         PUBLIC        _Buzzer_Control
  C:0572H         PUBLIC        _LCD_ShowAlarmState
  D:0011H         PUBLIC        T
  C:0A71H         PUBLIC        Buzzer_Delay
  D:0015H         PUBLIC        TShow
  -------         PROC          BUZZER_DELAY
  -------         DO            
  D:0007H         SYMBOL        i
  -------         ENDDO         
  C:0A71H         LINE#         21
  C:0A71H         LINE#         22
  C:0A71H         LINE#         24
  C:0A77H         LINE#         25
  -------         ENDPROC       BUZZER_DELAY
  -------         PROC          _LED_CONTROL
  D:0008H         SYMBOL        Temp
  C:0654H         LINE#         32
  C:065CH         LINE#         33
  C:065CH         LINE#         34
  C:0672H         LINE#         35
  C:0672H         LINE#         36
  C:0674H         LINE#         37
  C:0676H         LINE#         38
  C:0678H         LINE#         39
  C:0679H         LINE#         40
  C:068FH         LINE#         41
  C:068FH         LINE#         42
  C:0691H         LINE#         43
  C:0693H         LINE#         44
  C:0695H         LINE#         45
  C:0696H         LINE#         46
  C:06ACH         LINE#         47
  C:06ACH         LINE#         48
  C:06AEH         LINE#         49
  C:06AEH         LINE#         50
  C:06AEH         LINE#         51
  C:06B0H         LINE#         53
  C:06B0H         LINE#         54
  C:06B2H         LINE#         55
  C:06B4H         LINE#         56
  C:06B6H         LINE#         57
  C:06B6H         LINE#         58
  -------         ENDPROC       _LED_CONTROL
BL51 BANKED LINKER/LOCATER V6.22.4.0                                                  06/15/2026  15:12:22  PAGE 5


  -------         PROC          _BUZZER_CONTROL
  D:0008H         SYMBOL        Temp
  -------         DO            
  D:0006H         SYMBOL        j
  -------         ENDDO         
  C:07CEH         LINE#         66
  C:07D6H         LINE#         67
  C:07D6H         LINE#         70
  C:07ECH         LINE#         71
  C:07ECH         LINE#         73
  C:07EEH         LINE#         74
  C:07EEH         LINE#         75
  C:07F0H         LINE#         76
  C:07F3H         LINE#         77
  C:07F5H         LINE#         78
  C:07F8H         LINE#         79
  C:07FDH         LINE#         80
  C:07FDH         LINE#         82
  C:07FDH         LINE#         83
  C:07FFH         LINE#         84
  C:07FFH         LINE#         85
  -------         ENDPROC       _BUZZER_CONTROL
  -------         PROC          _LCD_SHOWALARMSTATE
  D:0008H         SYMBOL        Temp
  C:0572H         LINE#         93
  C:057AH         LINE#         94
  C:057AH         LINE#         96
  C:0587H         LINE#         98
  C:059DH         LINE#         99
  C:059DH         LINE#         100
  C:05A3H         LINE#         101
  C:05A5H         LINE#         102
  C:05BBH         LINE#         103
  C:05BBH         LINE#         104
  C:05C1H         LINE#         105
  C:05C3H         LINE#         106
  C:05DBH         LINE#         107
  C:05DBH         LINE#         108
  C:05DFH         LINE#         109
  C:05E1H         LINE#         111
  C:05E1H         LINE#         112
  C:05ECH         LINE#         113
  C:05ECH         LINE#         114
  -------         ENDPROC       _LCD_SHOWALARMSTATE
  -------         PROC          MAIN
  C:0462H         LINE#         116
  C:0462H         LINE#         117
  C:0462H         LINE#         119
  C:0465H         LINE#         120
  C:046CH         LINE#         123
  C:046EH         LINE#         124
  C:0470H         LINE#         125
  C:0472H         LINE#         126
  C:0474H         LINE#         128
  C:0477H         LINE#         129
  C:0484H         LINE#         130
  C:0491H         LINE#         131
BL51 BANKED LINKER/LOCATER V6.22.4.0                                                  06/15/2026  15:12:22  PAGE 6


  C:0498H         LINE#         133
  C:0498H         LINE#         134
  C:0498H         LINE#         136
  C:049BH         LINE#         137
  C:04A6H         LINE#         140
  C:04B8H         LINE#         141
  C:04B8H         LINE#         142
  C:04C1H         LINE#         143
  C:04D4H         LINE#         144
  C:04D6H         LINE#         146
  C:04D6H         LINE#         147
  C:04DFH         LINE#         148
  C:04EBH         LINE#         149
  C:04EBH         LINE#         150
  C:0504H         LINE#         151
  C:050DH         LINE#         152
  C:0535H         LINE#         153
  C:053EH         LINE#         154
  C:0547H         LINE#         157
  C:0552H         LINE#         160
  C:055DH         LINE#         163
  C:0568H         LINE#         165
  C:056FH         LINE#         166
  -------         ENDPROC       MAIN
  -------         ENDMOD        MAIN

  -------         MODULE        DELAY
  C:0000H         SYMBOL        _ICE_DUMMY_
  C:09EDH         PUBLIC        _Delay
  -------         PROC          _DELAY
  D:0006H         SYMBOL        xms
  -------         DO            
  D:0005H         SYMBOL        i
  D:0004H         SYMBOL        j
  -------         ENDDO         
  C:09EDH         LINE#         2
  C:09EDH         LINE#         3
  C:09EDH         LINE#         5
  C:09F7H         LINE#         6
  C:09F7H         LINE#         7
  C:09F9H         LINE#         8
  C:09FBH         LINE#         10
  C:09FBH         LINE#         11
  C:09FDH         LINE#         12
  C:09FFH         LINE#         13
  C:0A01H         LINE#         14
  -------         ENDPROC       _DELAY
  -------         ENDMOD        DELAY

  -------         MODULE        LCD1602
  C:0000H         SYMBOL        _ICE_DUMMY_
  D:0080H         PUBLIC        P0
  D:00A0H         PUBLIC        P2
  C:0A4AH         PUBLIC        _LCD_WriteCommand
  C:0925H         PUBLIC        _LCD_ShowNum
  C:0763H         PUBLIC        _LCD_ShowBinNum
  C:0A1CH         PUBLIC        LCD_Delay
BL51 BANKED LINKER/LOCATER V6.22.4.0                                                  06/15/2026  15:12:22  PAGE 7


  C:06F1H         PUBLIC        _LCD_ShowHexNum
  C:08DFH         PUBLIC        _LCD_WriteData
  B:00A0H.7       PUBLIC        LCD_EN
  C:0A02H         PUBLIC        LCD_Init
  C:08A8H         PUBLIC        _LCD_ShowString
  C:0A54H         PUBLIC        _LCD_ShowChar
  B:00A0H.6       PUBLIC        LCD_RS
  B:00A0H.5       PUBLIC        LCD_RW
  C:09ABH         PUBLIC        _LCD_SetCursor
  C:06B7H         PUBLIC        _LCD_ShowSignedNum
  C:07A7H         PUBLIC        _LCD_Pow
  -------         PROC          L?0048
  -------         ENDPROC       L?0048
  -------         PROC          LCD_DELAY
  -------         DO            
  D:0007H         SYMBOL        i
  D:0006H         SYMBOL        j
  -------         ENDDO         
  C:0A1CH         LINE#         15
  C:0A1CH         LINE#         16
  C:0A1CH         LINE#         19
  C:0A1EH         LINE#         20
  C:0A20H         LINE#         22
  C:0A20H         LINE#         23
  C:0A22H         LINE#         24
  C:0A24H         LINE#         25
  -------         ENDPROC       LCD_DELAY
  -------         PROC          _LCD_WRITECOMMAND
  D:0007H         SYMBOL        Command
  C:0A4AH         LINE#         32
  C:0A4AH         LINE#         33
  C:0A4AH         LINE#         34
  C:0A4CH         LINE#         35
  C:0A4CH         LINE#         36
  C:0A4CH         LINE#         37
  C:0A4CH         LINE#         38
  C:0A4FH         LINE#         39
  C:0A51H         LINE#         40
  -------         ENDPROC       _LCD_WRITECOMMAND
  -------         PROC          L?0047
  -------         ENDPROC       L?0047
  -------         PROC          _LCD_WRITEDATA
  D:0007H         SYMBOL        Data
  C:08DFH         LINE#         48
  C:08DFH         LINE#         49
  C:08DFH         LINE#         50
  C:08E1H         LINE#         51
  C:08E1H         LINE#         52
  C:08E1H         LINE#         53
  C:08E1H         LINE#         54
  C:08E4H         LINE#         55
  C:08E6H         LINE#         56
  -------         ENDPROC       _LCD_WRITEDATA
  -------         PROC          _LCD_SETCURSOR
  D:0006H         SYMBOL        Line
  D:0005H         SYMBOL        Column
  C:09ABH         LINE#         65
BL51 BANKED LINKER/LOCATER V6.22.4.0                                                  06/15/2026  15:12:22  PAGE 8


  C:09ADH         LINE#         66
  C:09ADH         LINE#         67
  C:09B0H         LINE#         68
  C:09B0H         LINE#         69
  C:09B2H         LINE#         70
  C:09B4H         LINE#         71
  C:09B7H         LINE#         72
  C:09B7H         LINE#         73
  C:09C0H         LINE#         74
  C:09C0H         LINE#         75
  -------         ENDPROC       _LCD_SETCURSOR
  -------         PROC          LCD_INIT
  C:0A02H         LINE#         82
  C:0A02H         LINE#         83
  C:0A02H         LINE#         84
  C:0A07H         LINE#         85
  C:0A0CH         LINE#         86
  C:0A11H         LINE#         87
  -------         ENDPROC       LCD_INIT
  -------         PROC          _LCD_SHOWCHAR
  D:0006H         SYMBOL        Line
  D:0005H         SYMBOL        Column
  D:0004H         SYMBOL        Char
  C:0A54H         LINE#         97
  C:0A56H         LINE#         98
  C:0A56H         LINE#         99
  C:0A59H         LINE#         100
  -------         ENDPROC       _LCD_SHOWCHAR
  -------         PROC          _LCD_SHOWSTRING
  D:0007H         SYMBOL        Line
  D:0005H         SYMBOL        Column
  D:000CH         SYMBOL        String
  -------         DO            
  D:0005H         SYMBOL        i
  -------         ENDDO         
  C:08A8H         LINE#         110
  C:08AEH         LINE#         111
  C:08AEH         LINE#         113
  C:08B1H         LINE#         114
  C:08C4H         LINE#         115
  C:08C4H         LINE#         116
  C:08C7H         LINE#         117
  C:08CAH         LINE#         118
  -------         ENDPROC       _LCD_SHOWSTRING
  C:079DH         SYMBOL        L?0046
  -------         PROC          L?0045
  -------         ENDPROC       L?0045
  C:079DH         SYMBOL        L?0046
  -------         PROC          _LCD_POW
  D:000DH         SYMBOL        X
  D:000FH         SYMBOL        Y
  -------         DO            
  D:0003H         SYMBOL        i
  D:0006H         SYMBOL        Result
  -------         ENDDO         
  C:07A7H         LINE#         123
  C:07AFH         LINE#         124
BL51 BANKED LINKER/LOCATER V6.22.4.0                                                  06/15/2026  15:12:22  PAGE 9


  C:07AFH         LINE#         126
  C:07B3H         LINE#         127
  C:07C3H         LINE#         128
  C:07C3H         LINE#         129
  C:07CAH         LINE#         130
  C:07CDH         LINE#         131
  C:07CDH         LINE#         132
  -------         ENDPROC       _LCD_POW
  -------         PROC          _LCD_SHOWNUM
  D:0007H         SYMBOL        Line
  D:0005H         SYMBOL        Column
  D:000AH         SYMBOL        Number
  D:000CH         SYMBOL        Length
  -------         DO            
  D:0002H         SYMBOL        i
  -------         ENDDO         
  C:0925H         LINE#         142
  C:0929H         LINE#         143
  C:0929H         LINE#         145
  C:092CH         LINE#         146
  C:0934H         LINE#         147
  C:0934H         LINE#         148
  C:093EH         LINE#         149
  C:0941H         LINE#         150
  -------         ENDPROC       _LCD_SHOWNUM
  -------         PROC          _LCD_SHOWSIGNEDNUM
  D:0007H         SYMBOL        Line
  D:0005H         SYMBOL        Column
  D:0002H         SYMBOL        Number
  D:001DH         SYMBOL        Length
  -------         DO            
  D:0002H         SYMBOL        i
  D:001EH         SYMBOL        Number1
  -------         ENDDO         
  C:06B7H         LINE#         160
  C:06B7H         LINE#         161
  C:06B7H         LINE#         164
  C:06BAH         LINE#         165
  C:06C2H         LINE#         166
  C:06C2H         LINE#         167
  C:06C7H         LINE#         168
  C:06CBH         LINE#         169
  C:06CDH         LINE#         171
  C:06CDH         LINE#         172
  C:06D2H         LINE#         173
  C:06DBH         LINE#         174
  C:06DBH         LINE#         175
  C:06E3H         LINE#         176
  C:06E3H         LINE#         177
  C:06EDH         LINE#         178
  C:06F0H         LINE#         179
  -------         ENDPROC       _LCD_SHOWSIGNEDNUM
  -------         PROC          _LCD_SHOWHEXNUM
  D:0007H         SYMBOL        Line
  D:0005H         SYMBOL        Column
  D:0022H         SYMBOL        Number
  D:0024H         SYMBOL        Length
BL51 BANKED LINKER/LOCATER V6.22.4.0                                                  06/15/2026  15:12:22  PAGE 10


  -------         DO            
  D:0002H         SYMBOL        i
  D:0006H         SYMBOL        SingleNumber
  -------         ENDDO         
  C:06F1H         LINE#         189
  C:06F5H         LINE#         190
  C:06F5H         LINE#         192
  C:06F8H         LINE#         193
  C:0700H         LINE#         194
  C:0700H         LINE#         195
  C:0716H         LINE#         196
  C:071CH         LINE#         197
  C:071CH         LINE#         198
  C:071EH         LINE#         199
  C:0720H         LINE#         201
  C:0720H         LINE#         202
  C:0726H         LINE#         203
  C:0726H         LINE#         204
  C:0729H         LINE#         205
  -------         ENDPROC       _LCD_SHOWHEXNUM
  -------         PROC          _LCD_SHOWBINNUM
  D:0007H         SYMBOL        Line
  D:0005H         SYMBOL        Column
  D:0027H         SYMBOL        Number
  D:0029H         SYMBOL        Length
  -------         DO            
  D:0002H         SYMBOL        i
  -------         ENDDO         
  C:0763H         LINE#         215
  C:0767H         LINE#         216
  C:0767H         LINE#         218
  C:076AH         LINE#         219
  C:0772H         LINE#         220
  C:0772H         LINE#         221
  C:0797H         LINE#         222
  C:079AH         LINE#         223
  -------         ENDPROC       _LCD_SHOWBINNUM
  -------         ENDMOD        LCD1602

  -------         MODULE        AT24C02
  C:0000H         SYMBOL        _ICE_DUMMY_
  C:0800H         PUBLIC        _AT24C02_ReadByte
  C:0884H         PUBLIC        _AT24C02_WriteByte
  -------         PROC          _AT24C02_WRITEBYTE
  D:002AH         SYMBOL        WordAddress
  D:002BH         SYMBOL        Data
  C:0884H         LINE#         12
  C:088AH         LINE#         13
  C:088AH         LINE#         14
  C:088DH         LINE#         15
  C:0892H         LINE#         16
  C:0895H         LINE#         17
  C:089AH         LINE#         18
  C:089DH         LINE#         19
  C:08A2H         LINE#         20
  C:08A5H         LINE#         21
  -------         ENDPROC       _AT24C02_WRITEBYTE
BL51 BANKED LINKER/LOCATER V6.22.4.0                                                  06/15/2026  15:12:22  PAGE 11


  -------         PROC          _AT24C02_READBYTE
  D:0030H         SYMBOL        WordAddress
  -------         DO            
  D:0031H         SYMBOL        Data
  -------         ENDDO         
  C:0800H         LINE#         29
  C:0802H         LINE#         30
  C:0802H         LINE#         32
  C:0805H         LINE#         33
  C:080AH         LINE#         34
  C:080DH         LINE#         35
  C:0812H         LINE#         36
  C:0815H         LINE#         37
  C:0818H         LINE#         38
  C:081DH         LINE#         39
  C:0820H         LINE#         40
  C:0825H         LINE#         41
  C:082AH         LINE#         42
  C:082DH         LINE#         43
  C:082FH         LINE#         44
  -------         ENDPROC       _AT24C02_READBYTE
  -------         ENDMOD        AT24C02

  -------         MODULE        I2C
  C:0000H         SYMBOL        _ICE_DUMMY_
  B:00A0H.1       PUBLIC        I2C_SCL
  D:00A0H         PUBLIC        P2
  C:0A68H         PUBLIC        I2C_Start
  C:0A5EH         PUBLIC        _I2C_SendAck
  C:085BH         PUBLIC        _I2C_SendByte
  C:0A78H         PUBLIC        I2C_Stop
  C:0A32H         PUBLIC        I2C_ReceiveAck
  B:00A0H.0       PUBLIC        I2C_SDA
  C:08E9H         PUBLIC        I2C_ReceiveByte
  -------         PROC          I2C_START
  C:0A68H         LINE#         12
  C:0A68H         LINE#         13
  C:0A68H         LINE#         14
  C:0A6AH         LINE#         15
  C:0A6CH         LINE#         16
  C:0A6EH         LINE#         17
  C:0A70H         LINE#         18
  -------         ENDPROC       I2C_START
  -------         PROC          I2C_STOP
  C:0A78H         LINE#         25
  C:0A78H         LINE#         26
  C:0A78H         LINE#         27
  C:0A7AH         LINE#         28
  C:0A7CH         LINE#         29
  C:0A7EH         LINE#         30
  -------         ENDPROC       I2C_STOP
  -------         PROC          _I2C_SENDBYTE
  D:0005H         SYMBOL        Byte
  -------         DO            
  D:0003H         SYMBOL        i
  -------         ENDDO         
  C:085BH         LINE#         37
BL51 BANKED LINKER/LOCATER V6.22.4.0                                                  06/15/2026  15:12:22  PAGE 12


  C:085DH         LINE#         38
  C:085DH         LINE#         40
  C:085FH         LINE#         41
  C:085FH         LINE#         42
  C:087BH         LINE#         43
  C:087DH         LINE#         44
  C:087FH         LINE#         45
  C:0883H         LINE#         46
  -------         ENDPROC       _I2C_SENDBYTE
  -------         PROC          I2C_RECEIVEBYTE
  -------         DO            
  D:0006H         SYMBOL        i
  D:0007H         SYMBOL        Byte
  -------         ENDDO         
  C:08E9H         LINE#         53
  C:08E9H         LINE#         54
  C:08E9H         LINE#         55
  C:08EBH         LINE#         56
  C:08EDH         LINE#         57
  C:08EEH         LINE#         58
  C:08EEH         LINE#         59
  C:08F0H         LINE#         60
  C:0900H         LINE#         61
  C:0902H         LINE#         62
  C:0906H         LINE#         63
  C:0906H         LINE#         64
  -------         ENDPROC       I2C_RECEIVEBYTE
  -------         PROC          _I2C_SENDACK
  D:0007H         SYMBOL        AckBit
  C:0A5EH         LINE#         71
  C:0A5EH         LINE#         72
  C:0A5EH         LINE#         73
  C:0A63H         LINE#         74
  C:0A65H         LINE#         75
  C:0A67H         LINE#         76
  -------         ENDPROC       _I2C_SENDACK
  -------         PROC          I2C_RECEIVEACK
  -------         DO            
  D:0007H         SYMBOL        AckBit
  -------         ENDDO         
  C:0A32H         LINE#         83
  C:0A32H         LINE#         84
  C:0A32H         LINE#         86
  C:0A34H         LINE#         87
  C:0A36H         LINE#         88
  C:0A3BH         LINE#         89
  C:0A3DH         LINE#         90
  C:0A3DH         LINE#         91
  -------         ENDPROC       I2C_RECEIVEACK
  -------         ENDMOD        I2C

  -------         MODULE        DS18B20
  C:0000H         SYMBOL        _ICE_DUMMY_
  C:0A25H         PUBLIC        DS18B20_ConvertT
  C:0830H         PUBLIC        DS18B20_ReadT
  -------         PROC          DS18B20_CONVERTT
  C:0A25H         LINE#         14
BL51 BANKED LINKER/LOCATER V6.22.4.0                                                  06/15/2026  15:12:22  PAGE 13


  C:0A25H         LINE#         15
  C:0A25H         LINE#         16
  C:0A28H         LINE#         17
  C:0A2DH         LINE#         18
  -------         ENDPROC       DS18B20_CONVERTT
  -------         PROC          DS18B20_READT
  -------         DO            
  D:0008H         SYMBOL        TLSB
  D:0007H         SYMBOL        TMSB
  D:0006H         SYMBOL        Temp
  D:0004H         SYMBOL        T
  -------         ENDDO         
  C:0830H         LINE#         26
  C:0830H         LINE#         27
  C:0830H         LINE#         31
  C:0833H         LINE#         32
  C:0838H         LINE#         33
  C:083DH         LINE#         34
  C:0842H         LINE#         35
  C:0845H         LINE#         36
  C:084AH         LINE#         37
  -------         ENDPROC       DS18B20_READT
  -------         ENDMOD        DS18B20

  -------         MODULE        ONEWIRE
  C:0000H         SYMBOL        _ICE_DUMMY_
  D:00B0H         PUBLIC        P3
  B:00A8H.7       PUBLIC        EA
  C:095FH         PUBLIC        OneWire_ReceiveBit
  B:00B0H.7       PUBLIC        OneWire_DQ
  C:0907H         PUBLIC        OneWire_Init
  C:097BH         PUBLIC        _OneWire_SendByte
  C:09C1H         PUBLIC        _OneWire_SendBit
  C:0942H         PUBLIC        OneWire_ReceiveByte
  -------         PROC          ONEWIRE_INIT
  -------         DO            
  D:0007H         SYMBOL        i
  D:0006H         SYMBOL        AckBit
  -------         ENDDO         
  C:0907H         LINE#         11
  C:0907H         LINE#         12
  C:0907H         LINE#         15
  C:0909H         LINE#         16
  C:090BH         LINE#         17
  C:090DH         LINE#         18
  C:0911H         LINE#         19
  C:0913H         LINE#         20
  C:0917H         LINE#         21
  C:091CH         LINE#         22
  C:0920H         LINE#         23
  C:0922H         LINE#         24
  C:0924H         LINE#         25
  -------         ENDPROC       ONEWIRE_INIT
  -------         PROC          _ONEWIRE_SENDBIT
  D:0007H         SYMBOL        Bit
  -------         DO            
  D:0006H         SYMBOL        i
BL51 BANKED LINKER/LOCATER V6.22.4.0                                                  06/15/2026  15:12:22  PAGE 14


  -------         ENDDO         
  C:09C1H         LINE#         32
  C:09C1H         LINE#         33
  C:09C1H         LINE#         35
  C:09C3H         LINE#         36
  C:09C5H         LINE#         37
  C:09C9H         LINE#         38
  C:09CEH         LINE#         39
  C:09D2H         LINE#         40
  C:09D4H         LINE#         41
  C:09D6H         LINE#         42
  -------         ENDPROC       _ONEWIRE_SENDBIT
  -------         PROC          ONEWIRE_RECEIVEBIT
  -------         DO            
  D:0007H         SYMBOL        i
  D:0006H         SYMBOL        Bit
  -------         ENDDO         
  C:095FH         LINE#         49
  C:095FH         LINE#         50
  C:095FH         LINE#         53
  C:0961H         LINE#         54
  C:0963H         LINE#         55
  C:0967H         LINE#         56
  C:0969H         LINE#         57
  C:096DH         LINE#         58
  C:0972H         LINE#         59
  C:0976H         LINE#         60
  C:0978H         LINE#         61
  C:097AH         LINE#         62
  -------         ENDPROC       ONEWIRE_RECEIVEBIT
  -------         PROC          _ONEWIRE_SENDBYTE
  D:0005H         SYMBOL        Byte
  -------         DO            
  D:0004H         SYMBOL        i
  -------         ENDDO         
  C:097BH         LINE#         69
  C:097DH         LINE#         70
  C:097DH         LINE#         72
  C:097FH         LINE#         73
  C:097FH         LINE#         74
  C:098FH         LINE#         75
  C:0993H         LINE#         76
  -------         ENDPROC       _ONEWIRE_SENDBYTE
  -------         PROC          ONEWIRE_RECEIVEBYTE
  -------         DO            
  D:0004H         SYMBOL        i
  D:0005H         SYMBOL        Byte
  -------         ENDDO         
  C:0942H         LINE#         83
  C:0942H         LINE#         84
  C:0942H         LINE#         86
  C:0944H         LINE#         87
  C:0945H         LINE#         88
  C:0945H         LINE#         89
  C:0958H         LINE#         90
  C:095CH         LINE#         91
  C:095EH         LINE#         92
BL51 BANKED LINKER/LOCATER V6.22.4.0                                                  06/15/2026  15:12:22  PAGE 15


  -------         ENDPROC       ONEWIRE_RECEIVEBYTE
  -------         ENDMOD        ONEWIRE

  -------         MODULE        KEY
  C:0000H         SYMBOL        _ICE_DUMMY_
  B:00B0H.0       PUBLIC        P3_0
  B:00B0H.1       PUBLIC        P3_1
  B:00B0H.2       PUBLIC        P3_2
  B:00B0H.3       PUBLIC        P3_3
  D:002FH         PUBLIC        Key_KeyNumber
  C:072AH         PUBLIC        Key_Loop
  C:0A7FH         PUBLIC        Key
  C:09D7H         PUBLIC        Key_GetState
  -------         PROC          KEY
  -------         DO            
  D:0007H         SYMBOL        Temp
  -------         ENDDO         
  C:0A7FH         LINE#         11
  C:0A7FH         LINE#         12
  C:0A7FH         LINE#         13
  C:0A80H         LINE#         14
  C:0A82H         LINE#         15
  C:0A84H         LINE#         16
  C:0A84H         LINE#         17
  -------         ENDPROC       KEY
  -------         PROC          KEY_GETSTATE
  -------         DO            
  D:0007H         SYMBOL        KeyNumber
  -------         ENDDO         
  C:09D7H         LINE#         24
  C:09D7H         LINE#         25
  C:09D7H         LINE#         26
  C:09D9H         LINE#         28
  C:09DDH         LINE#         29
  C:09E2H         LINE#         30
  C:09E7H         LINE#         31
  C:09ECH         LINE#         33
  C:09ECH         LINE#         34
  -------         ENDPROC       KEY_GETSTATE
  -------         PROC          KEY_LOOP
  -------         DO            
  D:002DH         SYMBOL        NowState
  D:002EH         SYMBOL        LastState
  -------         ENDDO         
  C:072AH         LINE#         41
  C:072AH         LINE#         42
  C:072AH         LINE#         44
  C:072DH         LINE#         45
  C:0732H         LINE#         47
  C:073BH         LINE#         48
  C:073BH         LINE#         49
  C:073EH         LINE#         50
  C:073EH         LINE#         51
  C:0747H         LINE#         52
  C:0747H         LINE#         53
  C:074AH         LINE#         54
  C:074AH         LINE#         55
BL51 BANKED LINKER/LOCATER V6.22.4.0                                                  06/15/2026  15:12:22  PAGE 16


  C:0753H         LINE#         56
  C:0753H         LINE#         57
  C:0756H         LINE#         58
  C:0756H         LINE#         59
  C:075FH         LINE#         60
  C:075FH         LINE#         61
  C:0762H         LINE#         62
  C:0762H         LINE#         63
  -------         ENDPROC       KEY_LOOP
  -------         ENDMOD        KEY

  -------         MODULE        TIMER0
  C:0000H         SYMBOL        _ICE_DUMMY_
  B:00A8H.7       PUBLIC        EA
  C:0994H         PUBLIC        Timer0_Init
  D:0089H         PUBLIC        TMOD
  B:00A8H.1       PUBLIC        ET0
  B:0088H.5       PUBLIC        TF0
  D:008CH         PUBLIC        TH0
  D:008AH         PUBLIC        TL0
  B:00B8H.1       PUBLIC        PT0
  B:0088H.4       PUBLIC        TR0
  -------         PROC          TIMER0_INIT
  C:0994H         LINE#         8
  C:0994H         LINE#         9
  C:0994H         LINE#         10
  C:0997H         LINE#         11
  C:099AH         LINE#         12
  C:099DH         LINE#         13
  C:09A0H         LINE#         14
  C:09A2H         LINE#         15
  C:09A4H         LINE#         16
  C:09A6H         LINE#         17
  C:09A8H         LINE#         18
  C:09AAH         LINE#         19
  -------         ENDPROC       TIMER0_INIT
  -------         ENDMOD        TIMER0

  -------         MODULE        ?C?FPMUL
  C:0003H         PUBLIC        ?C?FPMUL
  -------         ENDMOD        ?C?FPMUL

  -------         MODULE        ?C?FPDIV
  C:010CH         PUBLIC        ?C?FPDIV
  -------         ENDMOD        ?C?FPDIV

  -------         MODULE        ?C?FPCMP
  C:01ABH         PUBLIC        ?C?FPCMP
  C:01A9H         PUBLIC        ?C?FPCMP3
  -------         ENDMOD        ?C?FPCMP

  -------         MODULE        ?C?FPNEG
  C:0222H         PUBLIC        ?C?FPNEG
  -------         ENDMOD        ?C?FPNEG

  -------         MODULE        ?C?FCAST
  C:023DH         PUBLIC        ?C?FCASTC
BL51 BANKED LINKER/LOCATER V6.22.4.0                                                  06/15/2026  15:12:22  PAGE 17


  C:0238H         PUBLIC        ?C?FCASTI
  C:0233H         PUBLIC        ?C?FCASTL
  -------         ENDMOD        ?C?FCAST

  -------         MODULE        ?C?CASTF
  C:0271H         PUBLIC        ?C?CASTF
  -------         ENDMOD        ?C?CASTF

  -------         MODULE        ?C?CLDOPTR
  C:02F2H         PUBLIC        ?C?CLDOPTR
  -------         ENDMOD        ?C?CLDOPTR

  -------         MODULE        ?C?IMUL
  C:031FH         PUBLIC        ?C?IMUL
  -------         ENDMOD        ?C?IMUL

  -------         MODULE        ?C?UIDIV
  C:0331H         PUBLIC        ?C?UIDIV
  -------         ENDMOD        ?C?UIDIV

  -------         MODULE        ?C?ULDIV
  C:03C2H         PUBLIC        ?C?ULDIV
  -------         ENDMOD        ?C?ULDIV

  -------         MODULE        ?C?LNEG
  C:0454H         PUBLIC        ?C?LNEG
  -------         ENDMOD        ?C?LNEG

Program Size: data=51.0 xdata=0 code=2693
LINK/LOCATE RUN COMPLETE.  0 WARNING(S),  0 ERROR(S)
