C51 COMPILER V9.60.7.0   2                                                                 01/27/2026 15:04:15 PAGE 1   


C51 COMPILER V9.60.7.0, COMPILATION OF MODULE 2
OBJECT MODULE PLACED IN .\Objects\2.obj
COMPILER INVOKED BY: D:\k5\C51\BIN\C51.EXE 2.c OPTIMIZE(8,SPEED) BROWSE DEBUG OBJECTEXTEND PRINT(.\Listings\2.lst) TABS(
                    -2) OBJECT(.\Objects\2.obj)

line level    source

   1          #include <REGX52.H>
   2          #include <INTRINS.H>
   3          
   4          void Delay500ms(void) //@11.0592MHz
   5          {
   6   1        unsigned char data i, j, k;
   7   1      
   8   1        _nop_();
   9   1        i = 4;
  10   1        j = 129;
  11   1        k = 119;
  12   1        do
  13   1        {
  14   2          do
  15   2          {
  16   3            while (--k);
  17   3          } while (--j);
  18   2        } while (--i);
  19   1      }
  20          
  21          void main()
  22          {
  23   1        while(1)
  24   1        {
  25   2          P2=0xFE;
  26   2          Delay500ms();
  27   2          P2=0XFF;
  28   2          Delay500ms();
  29   2        }
  30   1      }


MODULE INFORMATION:   STATIC OVERLAYABLE
   CODE SIZE        =     28    ----
   CONSTANT SIZE    =   ----    ----
   XDATA SIZE       =   ----    ----
   PDATA SIZE       =   ----    ----
   DATA SIZE        =   ----    ----
   IDATA SIZE       =   ----    ----
   BIT SIZE         =   ----    ----
END OF MODULE INFORMATION.


C51 COMPILATION COMPLETE.  0 WARNING(S),  0 ERROR(S)
