C51 COMPILER V9.60.7.0   1                                                                 02/07/2026 19:17:22 PAGE 1   


C51 COMPILER V9.60.7.0, COMPILATION OF MODULE 1
OBJECT MODULE PLACED IN .\Objects\1.obj
COMPILER INVOKED BY: D:\k5\C51\BIN\C51.EXE 1.c OPTIMIZE(8,SPEED) BROWSE DEBUG OBJECTEXTEND PRINT(.\Listings\1.lst) TABS(
                    -2) OBJECT(.\Objects\1.obj)

line level    source

   1          #include <REGX52.H>
   2          #include "TIMER0.H"
   3          #include "LCD1602.H"
   4          #include "INTRINS.H"//_crol_和_cror_实现左移和右移
   5          
   6          unsigned char keynum;
   7          unsigned int s,m,h;
   8          
   9          
  10          void main()
  11          {
  12   1          P2_4=0;
  13   1        LCD_Init();
  14   1        Timer0_Init();
  15   1        LCD_ShowString(2, 6, ":00:00:00");
  16   1        LCD_ShowString(2,1,"colck");
  17   1        LCD_ShowString(1,1,"HELLO,PNGPA1");
  18   1      while(1)
  19   1          {
  20   2             LCD_ShowNum(2,13,s,2);
  21   2            LCD_ShowNum(2,10,m,2);
  22   2            LCD_ShowNum(2,7,h,2);
  23   2          }
  24   1      }
  25          void Timer0_Routine() interrupt 1
  26          //跳转
  27          { 
  28   1        static unsigned int T0count;
  29   1        TL0 = 0x66;       //设置定时初始值
  30   1        TH0 = 0xFC;       //设置定时初始值
  31   1        T0count++;
  32   1        if(T0count>=10000)
  33   1        { 
  34   2          T0count=0;
  35   2          s++;
  36   2            if(s>=60)
  37   2            {
  38   3              m++;
  39   3              s=0;
  40   3                if(m>=60)
  41   3                {
  42   4                  h++;
  43   4                  m=0;
  44   4                }
  45   3              }
  46   2            }
  47   1          if(s%2==1)
  48   1          { 
  49   2            P2_1=0;
  50   2            P2_2=1;
  51   2          } 
  52   1            else
  53   1          {   
  54   2            P2_1=1;
C51 COMPILER V9.60.7.0   1                                                                 02/07/2026 19:17:22 PAGE 2   

  55   2            P2_2=0;
  56   2          }
  57   1      }


MODULE INFORMATION:   STATIC OVERLAYABLE
   CODE SIZE        =    196    ----
   CONSTANT SIZE    =     29    ----
   XDATA SIZE       =   ----    ----
   PDATA SIZE       =   ----    ----
   DATA SIZE        =      9    ----
   IDATA SIZE       =   ----    ----
   BIT SIZE         =   ----    ----
END OF MODULE INFORMATION.


C51 COMPILATION COMPLETE.  0 WARNING(S),  0 ERROR(S)
