BL51 BANKED LINKER/LOCATER V6.22.4.0                                                    02/07/2026  19:17:22  PAGE 1


BL51 BANKED LINKER/LOCATER V6.22.4.0, INVOKED BY:
D:\K5\C51\BIN\BL51.EXE .\Objects\1.obj, .\Objects\timer0.obj, .\Objects\Delay.obj, .\Objects\LCD1602.obj TO .\Objects\1 
>> PRINT (.\Listings\1.m51) RAMSIZE (256)


MEMORY MODEL: SMALL


INPUT MODULES INCLUDED:
  .\Objects\1.obj (1)
  .\Objects\timer0.obj (TIMER0)
  .\Objects\Delay.obj (DELAY)
  .\Objects\LCD1602.obj (LCD1602)
  D:\K5\C51\LIB\C51S.LIB (?C_STARTUP)
  D:\K5\C51\LIB\C51S.LIB (?C?CLDOPTR)
  D:\K5\C51\LIB\C51S.LIB (?C?IMUL)
  D:\K5\C51\LIB\C51S.LIB (?C?UIDIV)


LINK MAP OF MODULE:  .\Objects\1 (1)


            TYPE    BASE      LENGTH    RELOCATION   SEGMENT NAME
            -----------------------------------------------------

            * * * * * * *   D A T A   M E M O R Y   * * * * * * *
            REG     0000H     0008H     ABSOLUTE     "REG BANK 0"
            DATA    0008H     0009H     UNIT         ?DT?1
            DATA    0011H     0009H     UNIT         _DATA_GROUP_
            DATA    001AH     0007H     UNIT         ?DT?_LCD_SHOWSIGNEDNUM?LCD1602
            DATA    0021H     0005H     UNIT         ?DT?_LCD_SHOWHEXNUM?LCD1602
            DATA    0026H     0005H     UNIT         ?DT?_LCD_SHOWBINNUM?LCD1602
            IDATA   002BH     0001H     UNIT         ?STACK

            * * * * * * *   C O D E   M E M O R Y   * * * * * * *
            CODE    0000H     0003H     ABSOLUTE     
                    0003H     0008H                  *** GAP ***
            CODE    000BH     0003H     ABSOLUTE     
            CODE    000EH     0094H     UNIT         ?C?LIB_CODE
            CODE    00A2H     0069H     UNIT         ?PR?TIMER0_ROUTINE?1
            CODE    010BH     005BH     UNIT         ?PR?MAIN?1
            CODE    0166H     003AH     UNIT         ?PR?_LCD_SHOWSIGNEDNUM?LCD1602
            CODE    01A0H     0039H     UNIT         ?PR?_LCD_SHOWHEXNUM?LCD1602
            CODE    01D9H     0038H     UNIT         ?PR?_LCD_SHOWBINNUM?LCD1602
            CODE    0211H     0033H     UNIT         ?PR?_LCD_POW?LCD1602
            CODE    0244H     0023H     UNIT         ?PR?_LCD_SHOWSTRING?LCD1602
            CODE    0267H     001EH     UNIT         ?PR?_LCD_WRITEDATA?LCD1602
            CODE    0285H     001DH     UNIT         ?CO?1
            CODE    02A2H     001DH     UNIT         ?PR?_LCD_SHOWNUM?LCD1602
            CODE    02BFH     0016H     UNIT         ?PR?_LCD_SETCURSOR?LCD1602
            CODE    02D5H     0015H     UNIT         ?PR?_DELAY?DELAY
            CODE    02EAH     0014H     UNIT         ?PR?TIMER0_INIT?TIMER0
            CODE    02FEH     0014H     UNIT         ?PR?LCD_INIT?LCD1602
            CODE    0312H     000FH     UNIT         ?PR?LCD_DELAY?LCD1602
            CODE    0321H     000CH     UNIT         ?C_C51STARTUP
            CODE    032DH     000AH     UNIT         ?PR?_LCD_WRITECOMMAND?LCD1602
            CODE    0337H     000AH     UNIT         ?PR?_LCD_SHOWCHAR?LCD1602

BL51 BANKED LINKER/LOCATER V6.22.4.0                                                  02/07/2026  19:17:22  PAGE 2




OVERLAY MAP OF MODULE:   .\Objects\1 (1)


SEGMENT                                  DATA_GROUP 
  +--> CALLED SEGMENT                  START    LENGTH
------------------------------------------------------
?C_C51STARTUP                          -----    -----
  +--> ?PR?MAIN?1

?PR?MAIN?1                             -----    -----
  +--> ?PR?LCD_INIT?LCD1602
  +--> ?PR?TIMER0_INIT?TIMER0
  +--> ?CO?1
  +--> ?PR?_LCD_SHOWSTRING?LCD1602
  +--> ?PR?_LCD_SHOWNUM?LCD1602

?PR?LCD_INIT?LCD1602                   -----    -----
  +--> ?PR?_LCD_WRITECOMMAND?LCD1602

?PR?_LCD_WRITECOMMAND?LCD1602          -----    -----
  +--> ?PR?LCD_DELAY?LCD1602

?PR?_LCD_SHOWSTRING?LCD1602            0011H    0003H
  +--> ?PR?_LCD_SETCURSOR?LCD1602
  +--> ?PR?_LCD_WRITEDATA?LCD1602

?PR?_LCD_SETCURSOR?LCD1602             -----    -----
  +--> ?PR?_LCD_WRITECOMMAND?LCD1602

?PR?_LCD_WRITEDATA?LCD1602             -----    -----
  +--> ?PR?LCD_DELAY?LCD1602

?PR?_LCD_SHOWNUM?LCD1602               0011H    0005H
  +--> ?PR?_LCD_SETCURSOR?LCD1602
  +--> ?PR?_LCD_POW?LCD1602
  +--> ?PR?_LCD_WRITEDATA?LCD1602

?PR?_LCD_POW?LCD1602                   0016H    0004H



SYMBOL TABLE OF MODULE:  .\Objects\1 (1)

  VALUE           TYPE          NAME
  ----------------------------------

  -------         MODULE        1
  C:0000H         SYMBOL        _ICE_DUMMY_
  C:00A2H         PUBLIC        Timer0_Routine
  D:0090H         PUBLIC        P1
  D:00A0H         PUBLIC        P2
  D:00B0H         PUBLIC        P3
  D:00A8H         PUBLIC        IE
  B:00A0H.1       PUBLIC        P2_1
  B:00A0H.2       PUBLIC        P2_2
BL51 BANKED LINKER/LOCATER V6.22.4.0                                                  02/07/2026  19:17:22  PAGE 3


  B:00A0H.4       PUBLIC        P2_4
  D:00B8H         PUBLIC        IP
  D:000AH         PUBLIC        keynum
  C:010BH         PUBLIC        main
  D:0098H         PUBLIC        SCON
  D:0088H         PUBLIC        TCON
  D:008CH         PUBLIC        TH0
  D:008AH         PUBLIC        TL0
  D:000BH         PUBLIC        h
  D:00C8H         PUBLIC        T2CON
  D:000DH         PUBLIC        m
  D:000FH         PUBLIC        s
  D:00D0H         PUBLIC        PSW
  -------         PROC          MAIN
  C:010BH         LINE#         10
  C:010BH         LINE#         11
  C:010BH         LINE#         12
  C:010DH         LINE#         13
  C:0110H         LINE#         14
  C:0113H         LINE#         15
  C:0120H         LINE#         16
  C:012DH         LINE#         17
  C:013AH         LINE#         18
  C:013AH         LINE#         19
  C:013AH         LINE#         20
  C:0148H         LINE#         21
  C:0156H         LINE#         22
  C:0164H         LINE#         23
  -------         ENDPROC       MAIN
  -------         PROC          TIMER0_ROUTINE
  -------         DO            
  D:0008H         SYMBOL        T0count
  -------         ENDDO         
  C:00A2H         LINE#         25
  C:00A6H         LINE#         29
  C:00A9H         LINE#         30
  C:00ACH         LINE#         31
  C:00B4H         LINE#         32
  C:00BDH         LINE#         33
  C:00BDH         LINE#         34
  C:00C3H         LINE#         35
  C:00CBH         LINE#         36
  C:00D3H         LINE#         37
  C:00D3H         LINE#         38
  C:00DBH         LINE#         39
  C:00E1H         LINE#         40
  C:00E9H         LINE#         41
  C:00E9H         LINE#         42
  C:00F1H         LINE#         43
  C:00F7H         LINE#         44
  C:00F7H         LINE#         45
  C:00F7H         LINE#         46
  C:00F7H         LINE#         47
  C:00FCH         LINE#         48
  C:00FCH         LINE#         49
  C:00FEH         LINE#         50
  C:0100H         LINE#         51
BL51 BANKED LINKER/LOCATER V6.22.4.0                                                  02/07/2026  19:17:22  PAGE 4


  C:0102H         LINE#         53
  C:0102H         LINE#         54
  C:0104H         LINE#         55
  C:0106H         LINE#         56
  C:0106H         LINE#         57
  -------         ENDPROC       TIMER0_ROUTINE
  -------         ENDMOD        1

  -------         MODULE        TIMER0
  C:0000H         SYMBOL        _ICE_DUMMY_
  D:0090H         PUBLIC        P1
  D:00A0H         PUBLIC        P2
  D:00B0H         PUBLIC        P3
  B:00A8H.7       PUBLIC        EA
  D:00A8H         PUBLIC        IE
  D:00B8H         PUBLIC        IP
  C:02EAH         PUBLIC        Timer0_Init
  D:0098H         PUBLIC        SCON
  D:0089H         PUBLIC        TMOD
  D:0088H         PUBLIC        TCON
  B:00A8H.1       PUBLIC        ET0
  B:0088H.5       PUBLIC        TF0
  D:008CH         PUBLIC        TH0
  D:008AH         PUBLIC        TL0
  B:00B8H.1       PUBLIC        PT0
  B:0088H.4       PUBLIC        TR0
  D:00C8H         PUBLIC        T2CON
  D:00D0H         PUBLIC        PSW
  -------         PROC          TIMER0_INIT
  C:02EAH         LINE#         5
  C:02EAH         LINE#         6
  C:02EAH         LINE#         7
  C:02ECH         LINE#         8
  C:02EEH         LINE#         9
  C:02F1H         LINE#         10
  C:02F4H         LINE#         11
  C:02F7H         LINE#         12
  C:02F9H         LINE#         13
  C:02FBH         LINE#         14
  C:02FDH         LINE#         15
  -------         ENDPROC       TIMER0_INIT
  -------         ENDMOD        TIMER0

  -------         MODULE        DELAY
  C:0000H         SYMBOL        _ICE_DUMMY_
  C:02D5H         PUBLIC        _Delay
  -------         PROC          _DELAY
  D:0006H         SYMBOL        xms
  -------         DO            
  D:0005H         SYMBOL        i
  D:0004H         SYMBOL        j
  -------         ENDDO         
  C:02D5H         LINE#         1
  C:02D5H         LINE#         2
  C:02D5H         LINE#         4
  C:02DFH         LINE#         5
  C:02DFH         LINE#         6
BL51 BANKED LINKER/LOCATER V6.22.4.0                                                  02/07/2026  19:17:22  PAGE 5


  C:02E1H         LINE#         7
  C:02E3H         LINE#         9
  C:02E3H         LINE#         10
  C:02E5H         LINE#         11
  C:02E5H         LINE#         12
  C:02E7H         LINE#         13
  C:02E9H         LINE#         14
  -------         ENDPROC       _DELAY
  -------         ENDMOD        DELAY

  -------         MODULE        LCD1602
  C:0000H         SYMBOL        _ICE_DUMMY_
  D:0080H         PUBLIC        P0
  D:0090H         PUBLIC        P1
  D:00A0H         PUBLIC        P2
  D:00B0H         PUBLIC        P3
  C:032DH         PUBLIC        _LCD_WriteCommand
  C:02A2H         PUBLIC        _LCD_ShowNum
  D:00A8H         PUBLIC        IE
  D:00B8H         PUBLIC        IP
  C:01D9H         PUBLIC        _LCD_ShowBinNum
  C:0318H         PUBLIC        LCD_Delay
  C:01A0H         PUBLIC        _LCD_ShowHexNum
  D:0098H         PUBLIC        SCON
  D:0088H         PUBLIC        TCON
  C:027BH         PUBLIC        _LCD_WriteData
  B:00A0H.7       PUBLIC        LCD_EN
  C:02FEH         PUBLIC        LCD_Init
  C:0244H         PUBLIC        _LCD_ShowString
  C:0337H         PUBLIC        _LCD_ShowChar
  B:00A0H.6       PUBLIC        LCD_RS
  B:00A0H.5       PUBLIC        LCD_RW
  C:02BFH         PUBLIC        _LCD_SetCursor
  D:00C8H         PUBLIC        T2CON
  C:0166H         PUBLIC        _LCD_ShowSignedNum
  C:021DH         PUBLIC        _LCD_Pow
  D:00D0H         PUBLIC        PSW
  -------         PROC          L?0048
  -------         ENDPROC       L?0048
  -------         PROC          LCD_DELAY
  -------         DO            
  D:0007H         SYMBOL        i
  D:0006H         SYMBOL        j
  -------         ENDDO         
  C:0318H         LINE#         15
  C:0318H         LINE#         16
  C:0318H         LINE#         19
  C:031AH         LINE#         20
  C:031CH         LINE#         22
  C:031CH         LINE#         23
  C:031EH         LINE#         24
  C:0320H         LINE#         25
  -------         ENDPROC       LCD_DELAY
  -------         PROC          _LCD_WRITECOMMAND
  D:0007H         SYMBOL        Command
  C:032DH         LINE#         32
  C:032DH         LINE#         33
BL51 BANKED LINKER/LOCATER V6.22.4.0                                                  02/07/2026  19:17:22  PAGE 6


  C:032DH         LINE#         34
  C:032FH         LINE#         35
  C:032FH         LINE#         36
  C:032FH         LINE#         37
  C:032FH         LINE#         38
  C:0332H         LINE#         39
  C:0334H         LINE#         40
  -------         ENDPROC       _LCD_WRITECOMMAND
  -------         PROC          L?0047
  -------         ENDPROC       L?0047
  -------         PROC          _LCD_WRITEDATA
  D:0007H         SYMBOL        Data
  C:027BH         LINE#         48
  C:027BH         LINE#         49
  C:027BH         LINE#         50
  C:027DH         LINE#         51
  C:027DH         LINE#         52
  C:027DH         LINE#         53
  C:027DH         LINE#         54
  C:0280H         LINE#         55
  C:0282H         LINE#         56
  -------         ENDPROC       _LCD_WRITEDATA
  -------         PROC          _LCD_SETCURSOR
  D:0006H         SYMBOL        Line
  D:0005H         SYMBOL        Column
  C:02BFH         LINE#         65
  C:02C1H         LINE#         66
  C:02C1H         LINE#         67
  C:02C4H         LINE#         68
  C:02C4H         LINE#         69
  C:02C6H         LINE#         70
  C:02C8H         LINE#         71
  C:02CBH         LINE#         72
  C:02CBH         LINE#         73
  C:02D4H         LINE#         74
  C:02D4H         LINE#         75
  -------         ENDPROC       _LCD_SETCURSOR
  -------         PROC          LCD_INIT
  C:02FEH         LINE#         82
  C:02FEH         LINE#         83
  C:02FEH         LINE#         84
  C:0303H         LINE#         85
  C:0308H         LINE#         86
  C:030DH         LINE#         87
  -------         ENDPROC       LCD_INIT
  -------         PROC          _LCD_SHOWCHAR
  D:0006H         SYMBOL        Line
  D:0005H         SYMBOL        Column
  D:0004H         SYMBOL        Char
  C:0337H         LINE#         97
  C:0339H         LINE#         98
  C:0339H         LINE#         99
  C:033CH         LINE#         100
  -------         ENDPROC       _LCD_SHOWCHAR
  -------         PROC          _LCD_SHOWSTRING
  D:0007H         SYMBOL        Line
  D:0005H         SYMBOL        Column
BL51 BANKED LINKER/LOCATER V6.22.4.0                                                  02/07/2026  19:17:22  PAGE 7


  D:0011H         SYMBOL        String
  -------         DO            
  D:0005H         SYMBOL        i
  -------         ENDDO         
  C:0244H         LINE#         110
  C:024AH         LINE#         111
  C:024AH         LINE#         113
  C:024DH         LINE#         114
  C:0260H         LINE#         115
  C:0260H         LINE#         116
  C:0263H         LINE#         117
  C:0266H         LINE#         118
  -------         ENDPROC       _LCD_SHOWSTRING
  C:0213H         SYMBOL        L?0046
  -------         PROC          L?0045
  -------         ENDPROC       L?0045
  C:0213H         SYMBOL        L?0046
  -------         PROC          _LCD_POW
  D:0016H         SYMBOL        X
  D:0018H         SYMBOL        Y
  -------         DO            
  D:0003H         SYMBOL        i
  D:0006H         SYMBOL        Result
  -------         ENDDO         
  C:021DH         LINE#         123
  C:0225H         LINE#         124
  C:0225H         LINE#         126
  C:0229H         LINE#         127
  C:0239H         LINE#         128
  C:0239H         LINE#         129
  C:0240H         LINE#         130
  C:0243H         LINE#         131
  C:0243H         LINE#         132
  -------         ENDPROC       _LCD_POW
  -------         PROC          _LCD_SHOWNUM
  D:0007H         SYMBOL        Line
  D:0005H         SYMBOL        Column
  D:0013H         SYMBOL        Number
  D:0015H         SYMBOL        Length
  -------         DO            
  D:0002H         SYMBOL        i
  -------         ENDDO         
  C:02A2H         LINE#         142
  C:02A6H         LINE#         143
  C:02A6H         LINE#         145
  C:02A9H         LINE#         146
  C:02B1H         LINE#         147
  C:02B1H         LINE#         148
  C:02BBH         LINE#         149
  C:02BEH         LINE#         150
  -------         ENDPROC       _LCD_SHOWNUM
  -------         PROC          _LCD_SHOWSIGNEDNUM
  D:0007H         SYMBOL        Line
  D:0005H         SYMBOL        Column
  D:0002H         SYMBOL        Number
  D:001EH         SYMBOL        Length
  -------         DO            
BL51 BANKED LINKER/LOCATER V6.22.4.0                                                  02/07/2026  19:17:22  PAGE 8


  D:0002H         SYMBOL        i
  D:001FH         SYMBOL        Number1
  -------         ENDDO         
  C:0166H         LINE#         160
  C:0166H         LINE#         161
  C:0166H         LINE#         164
  C:0169H         LINE#         165
  C:0171H         LINE#         166
  C:0171H         LINE#         167
  C:0176H         LINE#         168
  C:017AH         LINE#         169
  C:017CH         LINE#         171
  C:017CH         LINE#         172
  C:0181H         LINE#         173
  C:018AH         LINE#         174
  C:018AH         LINE#         175
  C:0192H         LINE#         176
  C:0192H         LINE#         177
  C:019CH         LINE#         178
  C:019FH         LINE#         179
  -------         ENDPROC       _LCD_SHOWSIGNEDNUM
  -------         PROC          _LCD_SHOWHEXNUM
  D:0007H         SYMBOL        Line
  D:0005H         SYMBOL        Column
  D:0023H         SYMBOL        Number
  D:0025H         SYMBOL        Length
  -------         DO            
  D:0002H         SYMBOL        i
  D:0006H         SYMBOL        SingleNumber
  -------         ENDDO         
  C:01A0H         LINE#         189
  C:01A4H         LINE#         190
  C:01A4H         LINE#         192
  C:01A7H         LINE#         193
  C:01AFH         LINE#         194
  C:01AFH         LINE#         195
  C:01C5H         LINE#         196
  C:01CBH         LINE#         197
  C:01CBH         LINE#         198
  C:01CDH         LINE#         199
  C:01CFH         LINE#         201
  C:01CFH         LINE#         202
  C:01D5H         LINE#         203
  C:01D5H         LINE#         204
  C:01D8H         LINE#         205
  -------         ENDPROC       _LCD_SHOWHEXNUM
  -------         PROC          _LCD_SHOWBINNUM
  D:0007H         SYMBOL        Line
  D:0005H         SYMBOL        Column
  D:0028H         SYMBOL        Number
  D:002AH         SYMBOL        Length
  -------         DO            
  D:0002H         SYMBOL        i
  -------         ENDDO         
  C:01D9H         LINE#         215
  C:01DDH         LINE#         216
  C:01DDH         LINE#         218
BL51 BANKED LINKER/LOCATER V6.22.4.0                                                  02/07/2026  19:17:22  PAGE 9


  C:01E0H         LINE#         219
  C:01E8H         LINE#         220
  C:01E8H         LINE#         221
  C:020DH         LINE#         222
  C:0210H         LINE#         223
  -------         ENDPROC       _LCD_SHOWBINNUM
  -------         ENDMOD        LCD1602

  -------         MODULE        ?C?CLDOPTR
  C:000EH         PUBLIC        ?C?CLDOPTR
  -------         ENDMOD        ?C?CLDOPTR

  -------         MODULE        ?C?IMUL
  C:003BH         PUBLIC        ?C?IMUL
  -------         ENDMOD        ?C?IMUL

  -------         MODULE        ?C?UIDIV
  C:004DH         PUBLIC        ?C?UIDIV
  -------         ENDMOD        ?C?UIDIV

*** WARNING L16: UNCALLED SEGMENT, IGNORED FOR OVERLAY PROCESS
    SEGMENT: ?PR?_DELAY?DELAY

*** WARNING L16: UNCALLED SEGMENT, IGNORED FOR OVERLAY PROCESS
    SEGMENT: ?PR?_LCD_SHOWCHAR?LCD1602

*** WARNING L16: UNCALLED SEGMENT, IGNORED FOR OVERLAY PROCESS
    SEGMENT: ?PR?_LCD_SHOWSIGNEDNUM?LCD1602

*** WARNING L16: UNCALLED SEGMENT, IGNORED FOR OVERLAY PROCESS
    SEGMENT: ?PR?_LCD_SHOWHEXNUM?LCD1602

*** WARNING L16: UNCALLED SEGMENT, IGNORED FOR OVERLAY PROCESS
    SEGMENT: ?PR?_LCD_SHOWBINNUM?LCD1602

Program Size: data=44.0 xdata=0 code=825
LINK/LOCATE RUN COMPLETE.  5 WARNING(S),  0 ERROR(S)
