C51 COMPILER V9.60.7.0   TIMER0                                                            02/07/2026 19:17:22 PAGE 1   


C51 COMPILER V9.60.7.0, COMPILATION OF MODULE TIMER0
OBJECT MODULE PLACED IN .\Objects\timer0.obj
COMPILER INVOKED BY: D:\k5\C51\BIN\C51.EXE timer0.c OPTIMIZE(8,SPEED) BROWSE DEBUG OBJECTEXTEND PRINT(.\Listings\timer0.
                    -lst) TABS(2) OBJECT(.\Objects\timer0.obj)

line level    source

   1          #include <REGX52.H>
   2          
   3          
   4          
   5          void Timer0_Init(void)    //@11.0592MHz
   6          {
   7   1         ET0 = 1;                 // 使能定时器 0 中断
   8   1         EA = 1;                  // 使能全局中断
   9   1        TMOD &= 0xF0;     //设置定时器模式
  10   1        TL0 = 0x66;       //设置定时初始值
  11   1        TH0 = 0xFC;       //设置定时初始值
  12   1        TF0 = 0;        //清除TF0标志
  13   1        TR0 = 1;        //定时器0开始计时
  14   1        PT0=0;          //优先级
  15   1      }
  16          /*
  17          
  18          void Timer0_Routine() interrupt 1
  19          
  20          { 
  21            static unsigned int T0count;
  22            TL0 = 0x66;       //设置定时初始值
  23            TH0 = 0xFC;       //设置定时初始值
  24            T0count++;
  25            if(T0count>=1000)
  26            { 
  27              T0count=0;
  28          
  29            }
  30          }
  31          */


MODULE INFORMATION:   STATIC OVERLAYABLE
   CODE SIZE        =     20    ----
   CONSTANT SIZE    =   ----    ----
   XDATA SIZE       =   ----    ----
   PDATA SIZE       =   ----    ----
   DATA SIZE        =   ----    ----
   IDATA SIZE       =   ----    ----
   BIT SIZE         =   ----    ----
END OF MODULE INFORMATION.


C51 COMPILATION COMPLETE.  0 WARNING(S),  0 ERROR(S)
