BL51 BANKED LINKER/LOCATER V6.22.4.0                                                    02/03/2026  13:39:00  PAGE 1


BL51 BANKED LINKER/LOCATER V6.22.4.0, INVOKED BY:
D:\K5\C51\BIN\BL51.EXE .\Objects\Delay.obj, .\Objects\LCD1602.obj, .\Objects\main.obj TO .\Objects\1 PRINT (.\Listings\1
>> .m51) RAMSIZE (256)


MEMORY MODEL: SMALL


INPUT MODULES INCLUDED:
  .\Objects\Delay.obj (DELAY)
  .\Objects\LCD1602.obj (LCD1602)
  .\Objects\main.obj (MAIN)
  D:\K5\C51\LIB\C51S.LIB (?C_STARTUP)
  D:\K5\C51\LIB\C51S.LIB (?C?CLDOPTR)
  D:\K5\C51\LIB\C51S.LIB (?C?IMUL)
  D:\K5\C51\LIB\C51S.LIB (?C?UIDIV)
  D:\K5\C51\LIB\C51S.LIB (?C_INIT)


LINK MAP OF MODULE:  .\Objects\1 (DELAY)


            TYPE    BASE      LENGTH    RELOCATION   SEGMENT NAME
            -----------------------------------------------------

            * * * * * * *   D A T A   M E M O R Y   * * * * * * *
            REG     0000H     0008H     ABSOLUTE     "REG BANK 0"
            DATA    0008H     0009H     UNIT         _DATA_GROUP_
            DATA    0011H     0007H     UNIT         ?DT?_LCD_SHOWSIGNEDNUM?LCD1602
            DATA    0018H     0005H     UNIT         ?DT?_LCD_SHOWHEXNUM?LCD1602
            DATA    001DH     0005H     UNIT         ?DT?_LCD_SHOWBINNUM?LCD1602
            DATA    0022H     0005H     UNIT         ?DT?MAIN
            IDATA   0027H     0001H     UNIT         ?STACK

            * * * * * * *   C O D E   M E M O R Y   * * * * * * *
            CODE    0000H     0003H     ABSOLUTE     
            CODE    0003H     009DH     UNIT         ?PR?MAIN?MAIN
            CODE    00A0H     0094H     UNIT         ?C?LIB_CODE
            CODE    0134H     008CH     UNIT         ?C_C51STARTUP
            CODE    01C0H     003AH     UNIT         ?PR?_LCD_SHOWSIGNEDNUM?LCD1602
            CODE    01FAH     0039H     UNIT         ?PR?_LCD_SHOWHEXNUM?LCD1602
            CODE    0233H     0038H     UNIT         ?PR?_LCD_SHOWBINNUM?LCD1602
            CODE    026BH     0033H     UNIT         ?PR?_LCD_POW?LCD1602
            CODE    029EH     0023H     UNIT         ?PR?_LCD_SHOWSTRING?LCD1602
            CODE    02C1H     001EH     UNIT         ?PR?_LCD_WRITEDATA?LCD1602
            CODE    02DFH     001DH     UNIT         ?PR?_LCD_SHOWNUM?LCD1602
            CODE    02FCH     0016H     UNIT         ?PR?_LCD_SETCURSOR?LCD1602
            CODE    0312H     0015H     UNIT         ?PR?_DELAY?DELAY
            CODE    0327H     0014H     UNIT         ?PR?LCD_INIT?LCD1602
            CODE    033BH     0014H     UNIT         ?CO?MAIN
            CODE    034FH     000FH     UNIT         ?PR?LCD_DELAY?LCD1602
            CODE    035EH     000EH     UNIT         ?C_INITSEG
            CODE    036CH     000AH     UNIT         ?PR?_LCD_WRITECOMMAND?LCD1602
            CODE    0376H     000AH     UNIT         ?PR?_LCD_SHOWCHAR?LCD1602



OVERLAY MAP OF MODULE:   .\Objects\1 (DELAY)
BL51 BANKED LINKER/LOCATER V6.22.4.0                                                  02/03/2026  13:39:00  PAGE 2




SEGMENT                                  DATA_GROUP 
  +--> CALLED SEGMENT                  START    LENGTH
------------------------------------------------------
?C_C51STARTUP                          -----    -----
  +--> ?PR?MAIN?MAIN
  +--> ?C_INITSEG

?PR?MAIN?MAIN                          -----    -----
  +--> ?PR?LCD_INIT?LCD1602
  +--> ?CO?MAIN
  +--> ?PR?_LCD_SHOWSTRING?LCD1602
  +--> ?PR?_DELAY?DELAY
  +--> ?PR?_LCD_SHOWNUM?LCD1602
  +--> ?PR?_LCD_SHOWCHAR?LCD1602

?PR?LCD_INIT?LCD1602                   -----    -----
  +--> ?PR?_LCD_WRITECOMMAND?LCD1602

?PR?_LCD_WRITECOMMAND?LCD1602          -----    -----
  +--> ?PR?LCD_DELAY?LCD1602

?PR?_LCD_SHOWSTRING?LCD1602            0008H    0003H
  +--> ?PR?_LCD_SETCURSOR?LCD1602
  +--> ?PR?_LCD_WRITEDATA?LCD1602

?PR?_LCD_SETCURSOR?LCD1602             -----    -----
  +--> ?PR?_LCD_WRITECOMMAND?LCD1602

?PR?_LCD_WRITEDATA?LCD1602             -----    -----
  +--> ?PR?LCD_DELAY?LCD1602

?PR?_LCD_SHOWNUM?LCD1602               0008H    0005H
  +--> ?PR?_LCD_SETCURSOR?LCD1602
  +--> ?PR?_LCD_POW?LCD1602
  +--> ?PR?_LCD_WRITEDATA?LCD1602

?PR?_LCD_POW?LCD1602                   000DH    0004H

?PR?_LCD_SHOWCHAR?LCD1602              -----    -----
  +--> ?PR?_LCD_SETCURSOR?LCD1602
  +--> ?PR?_LCD_WRITEDATA?LCD1602



SYMBOL TABLE OF MODULE:  .\Objects\1 (DELAY)

  VALUE           TYPE          NAME
  ----------------------------------

  -------         MODULE        DELAY
  C:0000H         SYMBOL        _ICE_DUMMY_
  C:0312H         PUBLIC        _Delay
  -------         PROC          _DELAY
  D:0006H         SYMBOL        xms
  -------         DO            
BL51 BANKED LINKER/LOCATER V6.22.4.0                                                  02/03/2026  13:39:00  PAGE 3


  D:0005H         SYMBOL        i
  D:0004H         SYMBOL        j
  -------         ENDDO         
  C:0312H         LINE#         1
  C:0312H         LINE#         2
  C:0312H         LINE#         4
  C:031CH         LINE#         5
  C:031CH         LINE#         6
  C:031EH         LINE#         7
  C:0320H         LINE#         9
  C:0320H         LINE#         10
  C:0322H         LINE#         11
  C:0322H         LINE#         12
  C:0324H         LINE#         13
  C:0326H         LINE#         14
  -------         ENDPROC       _DELAY
  -------         ENDMOD        DELAY

  -------         MODULE        LCD1602
  C:0000H         SYMBOL        _ICE_DUMMY_
  D:0080H         PUBLIC        P0
  D:0090H         PUBLIC        P1
  D:00A0H         PUBLIC        P2
  D:00B0H         PUBLIC        P3
  C:036CH         PUBLIC        _LCD_WriteCommand
  C:02DFH         PUBLIC        _LCD_ShowNum
  D:00A8H         PUBLIC        IE
  D:00B8H         PUBLIC        IP
  C:0233H         PUBLIC        _LCD_ShowBinNum
  C:0355H         PUBLIC        LCD_Delay
  C:01FAH         PUBLIC        _LCD_ShowHexNum
  D:0098H         PUBLIC        SCON
  D:0088H         PUBLIC        TCON
  C:02D5H         PUBLIC        _LCD_WriteData
  B:00A0H.7       PUBLIC        LCD_EN
  C:0327H         PUBLIC        LCD_Init
  C:029EH         PUBLIC        _LCD_ShowString
  C:0376H         PUBLIC        _LCD_ShowChar
  B:00A0H.6       PUBLIC        LCD_RS
  B:00A0H.5       PUBLIC        LCD_RW
  C:02FCH         PUBLIC        _LCD_SetCursor
  D:00C8H         PUBLIC        T2CON
  C:01C0H         PUBLIC        _LCD_ShowSignedNum
  C:0277H         PUBLIC        _LCD_Pow
  D:00D0H         PUBLIC        PSW
  -------         PROC          L?0048
  -------         ENDPROC       L?0048
  -------         PROC          LCD_DELAY
  -------         DO            
  D:0007H         SYMBOL        i
  D:0006H         SYMBOL        j
  -------         ENDDO         
  C:0355H         LINE#         15
  C:0355H         LINE#         16
  C:0355H         LINE#         19
  C:0357H         LINE#         20
  C:0359H         LINE#         22
BL51 BANKED LINKER/LOCATER V6.22.4.0                                                  02/03/2026  13:39:00  PAGE 4


  C:0359H         LINE#         23
  C:035BH         LINE#         24
  C:035DH         LINE#         25
  -------         ENDPROC       LCD_DELAY
  -------         PROC          _LCD_WRITECOMMAND
  D:0007H         SYMBOL        Command
  C:036CH         LINE#         32
  C:036CH         LINE#         33
  C:036CH         LINE#         34
  C:036EH         LINE#         35
  C:036EH         LINE#         36
  C:036EH         LINE#         37
  C:036EH         LINE#         38
  C:0371H         LINE#         39
  C:0373H         LINE#         40
  -------         ENDPROC       _LCD_WRITECOMMAND
  -------         PROC          L?0047
  -------         ENDPROC       L?0047
  -------         PROC          _LCD_WRITEDATA
  D:0007H         SYMBOL        Data
  C:02D5H         LINE#         48
  C:02D5H         LINE#         49
  C:02D5H         LINE#         50
  C:02D7H         LINE#         51
  C:02D7H         LINE#         52
  C:02D7H         LINE#         53
  C:02D7H         LINE#         54
  C:02DAH         LINE#         55
  C:02DCH         LINE#         56
  -------         ENDPROC       _LCD_WRITEDATA
  -------         PROC          _LCD_SETCURSOR
  D:0006H         SYMBOL        Line
  D:0005H         SYMBOL        Column
  C:02FCH         LINE#         65
  C:02FEH         LINE#         66
  C:02FEH         LINE#         67
  C:0301H         LINE#         68
  C:0301H         LINE#         69
  C:0303H         LINE#         70
  C:0305H         LINE#         71
  C:0308H         LINE#         72
  C:0308H         LINE#         73
  C:0311H         LINE#         74
  C:0311H         LINE#         75
  -------         ENDPROC       _LCD_SETCURSOR
  -------         PROC          LCD_INIT
  C:0327H         LINE#         82
  C:0327H         LINE#         83
  C:0327H         LINE#         84
  C:032CH         LINE#         85
  C:0331H         LINE#         86
  C:0336H         LINE#         87
  -------         ENDPROC       LCD_INIT
  -------         PROC          _LCD_SHOWCHAR
  D:0006H         SYMBOL        Line
  D:0005H         SYMBOL        Column
  D:0004H         SYMBOL        Char
BL51 BANKED LINKER/LOCATER V6.22.4.0                                                  02/03/2026  13:39:00  PAGE 5


  C:0376H         LINE#         97
  C:0378H         LINE#         98
  C:0378H         LINE#         99
  C:037BH         LINE#         100
  -------         ENDPROC       _LCD_SHOWCHAR
  -------         PROC          _LCD_SHOWSTRING
  D:0007H         SYMBOL        Line
  D:0005H         SYMBOL        Column
  D:0008H         SYMBOL        String
  -------         DO            
  D:0005H         SYMBOL        i
  -------         ENDDO         
  C:029EH         LINE#         110
  C:02A4H         LINE#         111
  C:02A4H         LINE#         113
  C:02A7H         LINE#         114
  C:02BAH         LINE#         115
  C:02BAH         LINE#         116
  C:02BDH         LINE#         117
  C:02C0H         LINE#         118
  -------         ENDPROC       _LCD_SHOWSTRING
  C:026DH         SYMBOL        L?0046
  -------         PROC          L?0045
  -------         ENDPROC       L?0045
  C:026DH         SYMBOL        L?0046
  -------         PROC          _LCD_POW
  D:000DH         SYMBOL        X
  D:000FH         SYMBOL        Y
  -------         DO            
  D:0003H         SYMBOL        i
  D:0006H         SYMBOL        Result
  -------         ENDDO         
  C:0277H         LINE#         123
  C:027FH         LINE#         124
  C:027FH         LINE#         126
  C:0283H         LINE#         127
  C:0293H         LINE#         128
  C:0293H         LINE#         129
  C:029AH         LINE#         130
  C:029DH         LINE#         131
  C:029DH         LINE#         132
  -------         ENDPROC       _LCD_POW
  -------         PROC          _LCD_SHOWNUM
  D:0007H         SYMBOL        Line
  D:0005H         SYMBOL        Column
  D:000AH         SYMBOL        Number
  D:000CH         SYMBOL        Length
  -------         DO            
  D:0002H         SYMBOL        i
  -------         ENDDO         
  C:02DFH         LINE#         142
  C:02E3H         LINE#         143
  C:02E3H         LINE#         145
  C:02E6H         LINE#         146
  C:02EEH         LINE#         147
  C:02EEH         LINE#         148
  C:02F8H         LINE#         149
BL51 BANKED LINKER/LOCATER V6.22.4.0                                                  02/03/2026  13:39:00  PAGE 6


  C:02FBH         LINE#         150
  -------         ENDPROC       _LCD_SHOWNUM
  -------         PROC          _LCD_SHOWSIGNEDNUM
  D:0007H         SYMBOL        Line
  D:0005H         SYMBOL        Column
  D:0002H         SYMBOL        Number
  D:0015H         SYMBOL        Length
  -------         DO            
  D:0002H         SYMBOL        i
  D:0016H         SYMBOL        Number1
  -------         ENDDO         
  C:01C0H         LINE#         160
  C:01C0H         LINE#         161
  C:01C0H         LINE#         164
  C:01C3H         LINE#         165
  C:01CBH         LINE#         166
  C:01CBH         LINE#         167
  C:01D0H         LINE#         168
  C:01D4H         LINE#         169
  C:01D6H         LINE#         171
  C:01D6H         LINE#         172
  C:01DBH         LINE#         173
  C:01E4H         LINE#         174
  C:01E4H         LINE#         175
  C:01ECH         LINE#         176
  C:01ECH         LINE#         177
  C:01F6H         LINE#         178
  C:01F9H         LINE#         179
  -------         ENDPROC       _LCD_SHOWSIGNEDNUM
  -------         PROC          _LCD_SHOWHEXNUM
  D:0007H         SYMBOL        Line
  D:0005H         SYMBOL        Column
  D:001AH         SYMBOL        Number
  D:001CH         SYMBOL        Length
  -------         DO            
  D:0002H         SYMBOL        i
  D:0006H         SYMBOL        SingleNumber
  -------         ENDDO         
  C:01FAH         LINE#         189
  C:01FEH         LINE#         190
  C:01FEH         LINE#         192
  C:0201H         LINE#         193
  C:0209H         LINE#         194
  C:0209H         LINE#         195
  C:021FH         LINE#         196
  C:0225H         LINE#         197
  C:0225H         LINE#         198
  C:0227H         LINE#         199
  C:0229H         LINE#         201
  C:0229H         LINE#         202
  C:022FH         LINE#         203
  C:022FH         LINE#         204
  C:0232H         LINE#         205
  -------         ENDPROC       _LCD_SHOWHEXNUM
  -------         PROC          _LCD_SHOWBINNUM
  D:0007H         SYMBOL        Line
  D:0005H         SYMBOL        Column
BL51 BANKED LINKER/LOCATER V6.22.4.0                                                  02/03/2026  13:39:00  PAGE 7


  D:001FH         SYMBOL        Number
  D:0021H         SYMBOL        Length
  -------         DO            
  D:0002H         SYMBOL        i
  -------         ENDDO         
  C:0233H         LINE#         215
  C:0237H         LINE#         216
  C:0237H         LINE#         218
  C:023AH         LINE#         219
  C:0242H         LINE#         220
  C:0242H         LINE#         221
  C:0267H         LINE#         222
  C:026AH         LINE#         223
  -------         ENDPROC       _LCD_SHOWBINNUM
  -------         ENDMOD        LCD1602

  -------         MODULE        MAIN
  C:0000H         SYMBOL        _ICE_DUMMY_
  D:0022H         PUBLIC        second
  D:0090H         PUBLIC        P1
  D:00A0H         PUBLIC        P2
  D:00B0H         PUBLIC        P3
  D:00A8H         PUBLIC        IE
  D:0023H         PUBLIC        minute
  D:00B8H         PUBLIC        IP
  C:0003H         PUBLIC        main
  D:0024H         PUBLIC        count
  D:0098H         PUBLIC        SCON
  D:0088H         PUBLIC        TCON
  D:0026H         PUBLIC        hour
  D:00C8H         PUBLIC        T2CON
  D:00D0H         PUBLIC        PSW
  -------         PROC          MAIN
  C:0003H         LINE#         10
  C:0003H         LINE#         11
  C:0003H         LINE#         12
  C:0006H         LINE#         15
  C:0013H         LINE#         17
  C:0013H         LINE#         18
  C:0013H         LINE#         19
  C:001AH         LINE#         20
  C:0022H         LINE#         22
  C:002BH         LINE#         23
  C:002BH         LINE#         24
  C:0030H         LINE#         25
  C:0032H         LINE#         27
  C:0038H         LINE#         28
  C:0038H         LINE#         29
  C:003BH         LINE#         30
  C:003DH         LINE#         32
  C:0043H         LINE#         33
  C:0043H         LINE#         34
  C:0046H         LINE#         35
  C:0048H         LINE#         37
  C:004EH         LINE#         38
  C:004EH         LINE#         39
  C:0051H         LINE#         40
BL51 BANKED LINKER/LOCATER V6.22.4.0                                                  02/03/2026  13:39:00  PAGE 8


  C:0051H         LINE#         41
  C:0051H         LINE#         42
  C:0051H         LINE#         43
  C:005EH         LINE#         44
  C:006DH         LINE#         45
  C:0076H         LINE#         46
  C:0085H         LINE#         47
  C:008EH         LINE#         48
  C:009DH         LINE#         49
  C:009DH         LINE#         50
  -------         ENDPROC       MAIN
  -------         ENDMOD        MAIN

  -------         MODULE        ?C?CLDOPTR
  C:00A0H         PUBLIC        ?C?CLDOPTR
  -------         ENDMOD        ?C?CLDOPTR

  -------         MODULE        ?C?IMUL
  C:00CDH         PUBLIC        ?C?IMUL
  -------         ENDMOD        ?C?IMUL

  -------         MODULE        ?C?UIDIV
  C:00DFH         PUBLIC        ?C?UIDIV
  -------         ENDMOD        ?C?UIDIV

*** WARNING L16: UNCALLED SEGMENT, IGNORED FOR OVERLAY PROCESS
    SEGMENT: ?PR?_LCD_SHOWSIGNEDNUM?LCD1602

*** WARNING L16: UNCALLED SEGMENT, IGNORED FOR OVERLAY PROCESS
    SEGMENT: ?PR?_LCD_SHOWHEXNUM?LCD1602

*** WARNING L16: UNCALLED SEGMENT, IGNORED FOR OVERLAY PROCESS
    SEGMENT: ?PR?_LCD_SHOWBINNUM?LCD1602

Program Size: data=40.0 xdata=0 code=896
LINK/LOCATE RUN COMPLETE.  3 WARNING(S),  0 ERROR(S)
