BL51 BANKED LINKER/LOCATER V6.22.4.0                                                    02/03/2026  13:52:51  PAGE 1


BL51 BANKED LINKER/LOCATER V6.22.4.0, INVOKED BY:
D:\K5\C51\BIN\BL51.EXE .\Objects\Delay.obj, .\Objects\LCD1602.obj, .\Objects\main.obj TO .\Objects\1 PRINT (.\Listings\1
>> .m51) RAMSIZE (256)


MEMORY MODEL: SMALL


INPUT MODULES INCLUDED:
  .\Objects\Delay.obj (DELAY)
  .\Objects\LCD1602.obj (LCD1602)
  .\Objects\main.obj (MAIN)
  D:\K5\C51\LIB\C51S.LIB (?C_STARTUP)
  D:\K5\C51\LIB\C51S.LIB (?C?CLDOPTR)
  D:\K5\C51\LIB\C51S.LIB (?C?IMUL)
  D:\K5\C51\LIB\C51S.LIB (?C?UIDIV)
  D:\K5\C51\LIB\C51S.LIB (?C_INIT)


LINK MAP OF MODULE:  .\Objects\1 (DELAY)


            TYPE    BASE      LENGTH    RELOCATION   SEGMENT NAME
            -----------------------------------------------------

            * * * * * * *   D A T A   M E M O R Y   * * * * * * *
            REG     0000H     0008H     ABSOLUTE     "REG BANK 0"
            DATA    0008H     0009H     UNIT         _DATA_GROUP_
            DATA    0011H     0007H     UNIT         ?DT?_LCD_SHOWSIGNEDNUM?LCD1602
            DATA    0018H     0005H     UNIT         ?DT?_LCD_SHOWHEXNUM?LCD1602
            DATA    001DH     0005H     UNIT         ?DT?_LCD_SHOWBINNUM?LCD1602
            DATA    0022H     0005H     UNIT         ?DT?MAIN
            IDATA   0027H     0001H     UNIT         ?STACK

            * * * * * * *   C O D E   M E M O R Y   * * * * * * *
            CODE    0000H     0003H     ABSOLUTE     
            CODE    0003H     00BEH     UNIT         ?PR?MAIN?MAIN
            CODE    00C1H     0094H     UNIT         ?C?LIB_CODE
            CODE    0155H     008CH     UNIT         ?C_C51STARTUP
            CODE    01E1H     003AH     UNIT         ?PR?_LCD_SHOWSIGNEDNUM?LCD1602
            CODE    021BH     0039H     UNIT         ?PR?_LCD_SHOWHEXNUM?LCD1602
            CODE    0254H     0038H     UNIT         ?PR?_LCD_SHOWBINNUM?LCD1602
            CODE    028CH     0033H     UNIT         ?PR?_LCD_POW?LCD1602
            CODE    02BFH     0023H     UNIT         ?PR?_LCD_SHOWSTRING?LCD1602
            CODE    02E2H     0023H     UNIT         ?CO?MAIN
            CODE    0305H     001EH     UNIT         ?PR?_LCD_WRITEDATA?LCD1602
            CODE    0323H     001DH     UNIT         ?PR?_LCD_SHOWNUM?LCD1602
            CODE    0340H     0016H     UNIT         ?PR?_LCD_SETCURSOR?LCD1602
            CODE    0356H     0015H     UNIT         ?PR?_DELAY?DELAY
            CODE    036BH     0014H     UNIT         ?PR?LCD_INIT?LCD1602
            CODE    037FH     000FH     UNIT         ?PR?LCD_DELAY?LCD1602
            CODE    038EH     000EH     UNIT         ?C_INITSEG
            CODE    039CH     000AH     UNIT         ?PR?_LCD_WRITECOMMAND?LCD1602
            CODE    03A6H     000AH     UNIT         ?PR?_LCD_SHOWCHAR?LCD1602



OVERLAY MAP OF MODULE:   .\Objects\1 (DELAY)
BL51 BANKED LINKER/LOCATER V6.22.4.0                                                  02/03/2026  13:52:51  PAGE 2




SEGMENT                                  DATA_GROUP 
  +--> CALLED SEGMENT                  START    LENGTH
------------------------------------------------------
?C_C51STARTUP                          -----    -----
  +--> ?PR?MAIN?MAIN
  +--> ?C_INITSEG

?PR?MAIN?MAIN                          -----    -----
  +--> ?PR?LCD_INIT?LCD1602
  +--> ?CO?MAIN
  +--> ?PR?_LCD_SHOWSTRING?LCD1602
  +--> ?PR?_DELAY?DELAY
  +--> ?PR?_LCD_SHOWNUM?LCD1602
  +--> ?PR?_LCD_SHOWCHAR?LCD1602

?PR?LCD_INIT?LCD1602                   -----    -----
  +--> ?PR?_LCD_WRITECOMMAND?LCD1602

?PR?_LCD_WRITECOMMAND?LCD1602          -----    -----
  +--> ?PR?LCD_DELAY?LCD1602

?PR?_LCD_SHOWSTRING?LCD1602            0008H    0003H
  +--> ?PR?_LCD_SETCURSOR?LCD1602
  +--> ?PR?_LCD_WRITEDATA?LCD1602

?PR?_LCD_SETCURSOR?LCD1602             -----    -----
  +--> ?PR?_LCD_WRITECOMMAND?LCD1602

?PR?_LCD_WRITEDATA?LCD1602             -----    -----
  +--> ?PR?LCD_DELAY?LCD1602

?PR?_LCD_SHOWNUM?LCD1602               0008H    0005H
  +--> ?PR?_LCD_SETCURSOR?LCD1602
  +--> ?PR?_LCD_POW?LCD1602
  +--> ?PR?_LCD_WRITEDATA?LCD1602

?PR?_LCD_POW?LCD1602                   000DH    0004H

?PR?_LCD_SHOWCHAR?LCD1602              -----    -----
  +--> ?PR?_LCD_SETCURSOR?LCD1602
  +--> ?PR?_LCD_WRITEDATA?LCD1602



SYMBOL TABLE OF MODULE:  .\Objects\1 (DELAY)

  VALUE           TYPE          NAME
  ----------------------------------

  -------         MODULE        DELAY
  C:0000H         SYMBOL        _ICE_DUMMY_
  C:0356H         PUBLIC        _Delay
  -------         PROC          _DELAY
  D:0006H         SYMBOL        xms
  -------         DO            
BL51 BANKED LINKER/LOCATER V6.22.4.0                                                  02/03/2026  13:52:51  PAGE 3


  D:0005H         SYMBOL        i
  D:0004H         SYMBOL        j
  -------         ENDDO         
  C:0356H         LINE#         1
  C:0356H         LINE#         2
  C:0356H         LINE#         4
  C:0360H         LINE#         5
  C:0360H         LINE#         6
  C:0362H         LINE#         7
  C:0364H         LINE#         9
  C:0364H         LINE#         10
  C:0366H         LINE#         11
  C:0366H         LINE#         12
  C:0368H         LINE#         13
  C:036AH         LINE#         14
  -------         ENDPROC       _DELAY
  -------         ENDMOD        DELAY

  -------         MODULE        LCD1602
  C:0000H         SYMBOL        _ICE_DUMMY_
  D:0080H         PUBLIC        P0
  D:0090H         PUBLIC        P1
  D:00A0H         PUBLIC        P2
  D:00B0H         PUBLIC        P3
  C:039CH         PUBLIC        _LCD_WriteCommand
  C:0323H         PUBLIC        _LCD_ShowNum
  D:00A8H         PUBLIC        IE
  D:00B8H         PUBLIC        IP
  C:0254H         PUBLIC        _LCD_ShowBinNum
  C:0385H         PUBLIC        LCD_Delay
  C:021BH         PUBLIC        _LCD_ShowHexNum
  D:0098H         PUBLIC        SCON
  D:0088H         PUBLIC        TCON
  C:0319H         PUBLIC        _LCD_WriteData
  B:00A0H.7       PUBLIC        LCD_EN
  C:036BH         PUBLIC        LCD_Init
  C:02BFH         PUBLIC        _LCD_ShowString
  C:03A6H         PUBLIC        _LCD_ShowChar
  B:00A0H.6       PUBLIC        LCD_RS
  B:00A0H.5       PUBLIC        LCD_RW
  C:0340H         PUBLIC        _LCD_SetCursor
  D:00C8H         PUBLIC        T2CON
  C:01E1H         PUBLIC        _LCD_ShowSignedNum
  C:0298H         PUBLIC        _LCD_Pow
  D:00D0H         PUBLIC        PSW
  -------         PROC          L?0048
  -------         ENDPROC       L?0048
  -------         PROC          LCD_DELAY
  -------         DO            
  D:0007H         SYMBOL        i
  D:0006H         SYMBOL        j
  -------         ENDDO         
  C:0385H         LINE#         15
  C:0385H         LINE#         16
  C:0385H         LINE#         19
  C:0387H         LINE#         20
  C:0389H         LINE#         22
BL51 BANKED LINKER/LOCATER V6.22.4.0                                                  02/03/2026  13:52:51  PAGE 4


  C:0389H         LINE#         23
  C:038BH         LINE#         24
  C:038DH         LINE#         25
  -------         ENDPROC       LCD_DELAY
  -------         PROC          _LCD_WRITECOMMAND
  D:0007H         SYMBOL        Command
  C:039CH         LINE#         32
  C:039CH         LINE#         33
  C:039CH         LINE#         34
  C:039EH         LINE#         35
  C:039EH         LINE#         36
  C:039EH         LINE#         37
  C:039EH         LINE#         38
  C:03A1H         LINE#         39
  C:03A3H         LINE#         40
  -------         ENDPROC       _LCD_WRITECOMMAND
  -------         PROC          L?0047
  -------         ENDPROC       L?0047
  -------         PROC          _LCD_WRITEDATA
  D:0007H         SYMBOL        Data
  C:0319H         LINE#         48
  C:0319H         LINE#         49
  C:0319H         LINE#         50
  C:031BH         LINE#         51
  C:031BH         LINE#         52
  C:031BH         LINE#         53
  C:031BH         LINE#         54
  C:031EH         LINE#         55
  C:0320H         LINE#         56
  -------         ENDPROC       _LCD_WRITEDATA
  -------         PROC          _LCD_SETCURSOR
  D:0006H         SYMBOL        Line
  D:0005H         SYMBOL        Column
  C:0340H         LINE#         65
  C:0342H         LINE#         66
  C:0342H         LINE#         67
  C:0345H         LINE#         68
  C:0345H         LINE#         69
  C:0347H         LINE#         70
  C:0349H         LINE#         71
  C:034CH         LINE#         72
  C:034CH         LINE#         73
  C:0355H         LINE#         74
  C:0355H         LINE#         75
  -------         ENDPROC       _LCD_SETCURSOR
  -------         PROC          LCD_INIT
  C:036BH         LINE#         82
  C:036BH         LINE#         83
  C:036BH         LINE#         84
  C:0370H         LINE#         85
  C:0375H         LINE#         86
  C:037AH         LINE#         87
  -------         ENDPROC       LCD_INIT
  -------         PROC          _LCD_SHOWCHAR
  D:0006H         SYMBOL        Line
  D:0005H         SYMBOL        Column
  D:0004H         SYMBOL        Char
BL51 BANKED LINKER/LOCATER V6.22.4.0                                                  02/03/2026  13:52:51  PAGE 5


  C:03A6H         LINE#         97
  C:03A8H         LINE#         98
  C:03A8H         LINE#         99
  C:03ABH         LINE#         100
  -------         ENDPROC       _LCD_SHOWCHAR
  -------         PROC          _LCD_SHOWSTRING
  D:0007H         SYMBOL        Line
  D:0005H         SYMBOL        Column
  D:0008H         SYMBOL        String
  -------         DO            
  D:0005H         SYMBOL        i
  -------         ENDDO         
  C:02BFH         LINE#         110
  C:02C5H         LINE#         111
  C:02C5H         LINE#         113
  C:02C8H         LINE#         114
  C:02DBH         LINE#         115
  C:02DBH         LINE#         116
  C:02DEH         LINE#         117
  C:02E1H         LINE#         118
  -------         ENDPROC       _LCD_SHOWSTRING
  C:028EH         SYMBOL        L?0046
  -------         PROC          L?0045
  -------         ENDPROC       L?0045
  C:028EH         SYMBOL        L?0046
  -------         PROC          _LCD_POW
  D:000DH         SYMBOL        X
  D:000FH         SYMBOL        Y
  -------         DO            
  D:0003H         SYMBOL        i
  D:0006H         SYMBOL        Result
  -------         ENDDO         
  C:0298H         LINE#         123
  C:02A0H         LINE#         124
  C:02A0H         LINE#         126
  C:02A4H         LINE#         127
  C:02B4H         LINE#         128
  C:02B4H         LINE#         129
  C:02BBH         LINE#         130
  C:02BEH         LINE#         131
  C:02BEH         LINE#         132
  -------         ENDPROC       _LCD_POW
  -------         PROC          _LCD_SHOWNUM
  D:0007H         SYMBOL        Line
  D:0005H         SYMBOL        Column
  D:000AH         SYMBOL        Number
  D:000CH         SYMBOL        Length
  -------         DO            
  D:0002H         SYMBOL        i
  -------         ENDDO         
  C:0323H         LINE#         142
  C:0327H         LINE#         143
  C:0327H         LINE#         145
  C:032AH         LINE#         146
  C:0332H         LINE#         147
  C:0332H         LINE#         148
  C:033CH         LINE#         149
BL51 BANKED LINKER/LOCATER V6.22.4.0                                                  02/03/2026  13:52:51  PAGE 6


  C:033FH         LINE#         150
  -------         ENDPROC       _LCD_SHOWNUM
  -------         PROC          _LCD_SHOWSIGNEDNUM
  D:0007H         SYMBOL        Line
  D:0005H         SYMBOL        Column
  D:0002H         SYMBOL        Number
  D:0015H         SYMBOL        Length
  -------         DO            
  D:0002H         SYMBOL        i
  D:0016H         SYMBOL        Number1
  -------         ENDDO         
  C:01E1H         LINE#         160
  C:01E1H         LINE#         161
  C:01E1H         LINE#         164
  C:01E4H         LINE#         165
  C:01ECH         LINE#         166
  C:01ECH         LINE#         167
  C:01F1H         LINE#         168
  C:01F5H         LINE#         169
  C:01F7H         LINE#         171
  C:01F7H         LINE#         172
  C:01FCH         LINE#         173
  C:0205H         LINE#         174
  C:0205H         LINE#         175
  C:020DH         LINE#         176
  C:020DH         LINE#         177
  C:0217H         LINE#         178
  C:021AH         LINE#         179
  -------         ENDPROC       _LCD_SHOWSIGNEDNUM
  -------         PROC          _LCD_SHOWHEXNUM
  D:0007H         SYMBOL        Line
  D:0005H         SYMBOL        Column
  D:001AH         SYMBOL        Number
  D:001CH         SYMBOL        Length
  -------         DO            
  D:0002H         SYMBOL        i
  D:0006H         SYMBOL        SingleNumber
  -------         ENDDO         
  C:021BH         LINE#         189
  C:021FH         LINE#         190
  C:021FH         LINE#         192
  C:0222H         LINE#         193
  C:022AH         LINE#         194
  C:022AH         LINE#         195
  C:0240H         LINE#         196
  C:0246H         LINE#         197
  C:0246H         LINE#         198
  C:0248H         LINE#         199
  C:024AH         LINE#         201
  C:024AH         LINE#         202
  C:0250H         LINE#         203
  C:0250H         LINE#         204
  C:0253H         LINE#         205
  -------         ENDPROC       _LCD_SHOWHEXNUM
  -------         PROC          _LCD_SHOWBINNUM
  D:0007H         SYMBOL        Line
  D:0005H         SYMBOL        Column
BL51 BANKED LINKER/LOCATER V6.22.4.0                                                  02/03/2026  13:52:51  PAGE 7


  D:001FH         SYMBOL        Number
  D:0021H         SYMBOL        Length
  -------         DO            
  D:0002H         SYMBOL        i
  -------         ENDDO         
  C:0254H         LINE#         215
  C:0258H         LINE#         216
  C:0258H         LINE#         218
  C:025BH         LINE#         219
  C:0263H         LINE#         220
  C:0263H         LINE#         221
  C:0288H         LINE#         222
  C:028BH         LINE#         223
  -------         ENDPROC       _LCD_SHOWBINNUM
  -------         ENDMOD        LCD1602

  -------         MODULE        MAIN
  C:0000H         SYMBOL        _ICE_DUMMY_
  D:0022H         PUBLIC        second
  D:0090H         PUBLIC        P1
  D:00A0H         PUBLIC        P2
  D:00B0H         PUBLIC        P3
  D:00A8H         PUBLIC        IE
  B:00B0H.1       PUBLIC        P3_1
  D:0023H         PUBLIC        minute
  D:00B8H         PUBLIC        IP
  C:0003H         PUBLIC        main
  D:0024H         PUBLIC        count
  D:0098H         PUBLIC        SCON
  D:0088H         PUBLIC        TCON
  D:0026H         PUBLIC        hour
  D:00C8H         PUBLIC        T2CON
  D:00D0H         PUBLIC        PSW
  -------         PROC          MAIN
  C:0003H         LINE#         10
  C:0003H         LINE#         11
  C:0003H         LINE#         12
  C:0006H         LINE#         15
  C:0013H         LINE#         17
  C:0013H         LINE#         18
  C:0013H         LINE#         19
  C:001AH         LINE#         20
  C:0022H         LINE#         22
  C:002BH         LINE#         23
  C:002BH         LINE#         24
  C:0030H         LINE#         25
  C:0032H         LINE#         27
  C:0038H         LINE#         28
  C:0038H         LINE#         29
  C:003BH         LINE#         30
  C:003DH         LINE#         32
  C:0043H         LINE#         33
  C:0043H         LINE#         34
  C:0046H         LINE#         35
  C:0048H         LINE#         37
  C:004EH         LINE#         38
  C:004EH         LINE#         39
BL51 BANKED LINKER/LOCATER V6.22.4.0                                                  02/03/2026  13:52:51  PAGE 8


  C:0051H         LINE#         40
  C:0051H         LINE#         41
  C:0051H         LINE#         42
  C:0051H         LINE#         43
  C:005EH         LINE#         44
  C:006DH         LINE#         45
  C:0076H         LINE#         46
  C:0085H         LINE#         47
  C:008EH         LINE#         48
  C:009DH         LINE#         49
  C:009DH         LINE#         50
  C:00A3H         LINE#         51
  C:00A3H         LINE#         52
  C:00A6H         LINE#         53
  C:00A8H         LINE#         54
  C:00AAH         LINE#         55
  C:00B7H         LINE#         56
  C:00BEH         LINE#         57
  C:00BEH         LINE#         58
  -------         ENDPROC       MAIN
  -------         ENDMOD        MAIN

  -------         MODULE        ?C?CLDOPTR
  C:00C1H         PUBLIC        ?C?CLDOPTR
  -------         ENDMOD        ?C?CLDOPTR

  -------         MODULE        ?C?IMUL
  C:00EEH         PUBLIC        ?C?IMUL
  -------         ENDMOD        ?C?IMUL

  -------         MODULE        ?C?UIDIV
  C:0100H         PUBLIC        ?C?UIDIV
  -------         ENDMOD        ?C?UIDIV

*** WARNING L16: UNCALLED SEGMENT, IGNORED FOR OVERLAY PROCESS
    SEGMENT: ?PR?_LCD_SHOWSIGNEDNUM?LCD1602

*** WARNING L16: UNCALLED SEGMENT, IGNORED FOR OVERLAY PROCESS
    SEGMENT: ?PR?_LCD_SHOWHEXNUM?LCD1602

*** WARNING L16: UNCALLED SEGMENT, IGNORED FOR OVERLAY PROCESS
    SEGMENT: ?PR?_LCD_SHOWBINNUM?LCD1602

Program Size: data=40.0 xdata=0 code=944
LINK/LOCATE RUN COMPLETE.  3 WARNING(S),  0 ERROR(S)
