BL51 BANKED LINKER/LOCATER V6.22.4.0                                                    02/02/2026  20:15:18  PAGE 1


BL51 BANKED LINKER/LOCATER V6.22.4.0, INVOKED BY:
D:\K5\C51\BIN\BL51.EXE .\Objects\nixie.obj, .\Objects\main.obj, .\Objects\Delay.obj TO .\Objects\1 PRINT (.\Listings\1.m
>> 51) RAMSIZE (256)


MEMORY MODEL: SMALL


INPUT MODULES INCLUDED:
  .\Objects\nixie.obj (NIXIE)
  .\Objects\main.obj (MAIN)
  .\Objects\Delay.obj (DELAY)
  D:\K5\C51\LIB\C51S.LIB (?C_STARTUP)
  D:\K5\C51\LIB\C51S.LIB (?C_INIT)


LINK MAP OF MODULE:  .\Objects\1 (NIXIE)


            TYPE    BASE      LENGTH    RELOCATION   SEGMENT NAME
            -----------------------------------------------------

            * * * * * * *   D A T A   M E M O R Y   * * * * * * *
            REG     0000H     0008H     ABSOLUTE     "REG BANK 0"
            DATA    0008H     000AH     UNIT         ?DT?NIXIE
            IDATA   0012H     0001H     UNIT         ?STACK

            * * * * * * *   C O D E   M E M O R Y   * * * * * * *
            CODE    0000H     0003H     ABSOLUTE     
            CODE    0003H     008CH     UNIT         ?C_C51STARTUP
            CODE    008FH     0069H     UNIT         ?PR?_NIXIE?NIXIE
            CODE    00F8H     0015H     UNIT         ?PR?_DELAY?DELAY
            CODE    010DH     000DH     UNIT         ?C_INITSEG
            CODE    011AH     000BH     UNIT         ?PR?MAIN?MAIN



OVERLAY MAP OF MODULE:   .\Objects\1 (NIXIE)


SEGMENT
  +--> CALLED SEGMENT
---------------------
?C_C51STARTUP
  +--> ?PR?MAIN?MAIN
  +--> ?C_INITSEG

?PR?MAIN?MAIN
  +--> ?PR?_NIXIE?NIXIE

?PR?_NIXIE?NIXIE
  +--> ?PR?_DELAY?DELAY



SYMBOL TABLE OF MODULE:  .\Objects\1 (NIXIE)

  VALUE           TYPE          NAME
BL51 BANKED LINKER/LOCATER V6.22.4.0                                                  02/02/2026  20:15:18  PAGE 2


  ----------------------------------

  -------         MODULE        NIXIE
  C:0000H         SYMBOL        _ICE_DUMMY_
  D:0080H         PUBLIC        P0
  D:0090H         PUBLIC        P1
  D:00A0H         PUBLIC        P2
  D:00B0H         PUBLIC        P3
  D:00A8H         PUBLIC        IE
  B:00A0H.2       PUBLIC        P2_2
  B:00A0H.3       PUBLIC        P2_3
  B:00A0H.4       PUBLIC        P2_4
  D:00B8H         PUBLIC        IP
  C:008FH         PUBLIC        _nixie
  D:0098H         PUBLIC        SCON
  D:0088H         PUBLIC        TCON
  D:00C8H         PUBLIC        T2CON
  D:0008H         PUBLIC        nixieT
  D:00D0H         PUBLIC        PSW
  -------         PROC          _NIXIE
  D:0007H         SYMBOL        loc
  D:0004H         SYMBOL        num
  C:008FH         LINE#         7
  C:008FH         LINE#         8
  C:008FH         LINE#         9
  C:00BCH         LINE#         10
  C:00BCH         LINE#         11
  C:00C0H         LINE#         12
  C:00C4H         LINE#         13
  C:00C8H         LINE#         14
  C:00CCH         LINE#         15
  C:00D4H         LINE#         16
  C:00DCH         LINE#         17
  C:00E4H         LINE#         18
  C:00EAH         LINE#         19
  C:00EAH         LINE#         20
  C:00F1H         LINE#         21
  -------         ENDPROC       _NIXIE
  -------         ENDMOD        NIXIE

  -------         MODULE        MAIN
  C:0000H         SYMBOL        _ICE_DUMMY_
  D:0090H         PUBLIC        P1
  D:00A0H         PUBLIC        P2
  D:00B0H         PUBLIC        P3
  D:00A8H         PUBLIC        IE
  D:00B8H         PUBLIC        IP
  C:011AH         PUBLIC        main
  D:0098H         PUBLIC        SCON
  D:0088H         PUBLIC        TCON
  D:00C8H         PUBLIC        T2CON
  D:00D0H         PUBLIC        PSW
  -------         PROC          MAIN
  C:011AH         LINE#         5
  C:011AH         LINE#         6
  C:011AH         LINE#         7
  C:011AH         LINE#         8
BL51 BANKED LINKER/LOCATER V6.22.4.0                                                  02/02/2026  20:15:18  PAGE 3


  C:011AH         LINE#         9
  C:0123H         LINE#         10
  -------         ENDPROC       MAIN
  -------         ENDMOD        MAIN

  -------         MODULE        DELAY
  C:0000H         SYMBOL        _ICE_DUMMY_
  C:00F8H         PUBLIC        _Delay
  -------         PROC          _DELAY
  D:0006H         SYMBOL        xms
  -------         DO            
  D:0005H         SYMBOL        i
  D:0004H         SYMBOL        j
  -------         ENDDO         
  C:00F8H         LINE#         1
  C:00F8H         LINE#         2
  C:00F8H         LINE#         4
  C:0102H         LINE#         5
  C:0102H         LINE#         6
  C:0104H         LINE#         7
  C:0106H         LINE#         9
  C:0106H         LINE#         10
  C:0108H         LINE#         11
  C:0108H         LINE#         12
  C:010AH         LINE#         13
  C:010CH         LINE#         14
  -------         ENDPROC       _DELAY
  -------         ENDMOD        DELAY

Program Size: data=19.0 xdata=0 code=293
LINK/LOCATE RUN COMPLETE.  0 WARNING(S),  0 ERROR(S)
