C51 COMPILER V9.60.7.0   NIXIE                                                             02/02/2026 20:13:00 PAGE 1   


C51 COMPILER V9.60.7.0, COMPILATION OF MODULE NIXIE
OBJECT MODULE PLACED IN .\Objects\nixie.obj
COMPILER INVOKED BY: D:\k5\C51\BIN\C51.EXE nixie.c OPTIMIZE(8,SPEED) BROWSE DEBUG OBJECTEXTEND PRINT(.\Listings\nixie.ls
                    -t) TABS(2) OBJECT(.\Objects\nixie.obj)

line level    source

   1          #include <REGX52.H>
   2          #include  "Delay.H"
   3          
   4          
   5          unsigned char nixieT[]={0x3F,0x06,0x5B,0x4f,0x66,0x6D,0x7D,0x07,0x7F,0x6F};
   6          
   7          void nixie(unsigned char loc,num)
   8          {
   9   1        switch(loc)
  10   1        {
  11   2          case 1:P2_4=1;P2_3=1;P2_2=1;break;
  12   2          case 2:P2_4=1;P2_3=1;P2_2=0;break;
  13   2          case 3:P2_4=1;P2_3=0;P2_2=1;break;
  14   2          case 4:P2_4=1;P2_3=0;P2_2=0;break;
  15   2          case 5:P2_4=0;P2_3=1;P2_2=1;break;
  16   2          case 6:P2_4=0;P2_3=1;P2_2=0;break;
  17   2          case 7:P2_4=0;P2_3=0;P2_2=1;break;
  18   2          case 8:P2_4=0;P2_3=0;P2_2=0;break;
  19   2        }
  20   1        P0=nixieT[num];
  21   1        Delay(1);
  22   1      }


MODULE INFORMATION:   STATIC OVERLAYABLE
   CODE SIZE        =    105    ----
   CONSTANT SIZE    =   ----    ----
   XDATA SIZE       =   ----    ----
   PDATA SIZE       =   ----    ----
   DATA SIZE        =     10    ----
   IDATA SIZE       =   ----    ----
   BIT SIZE         =   ----    ----
END OF MODULE INFORMATION.


C51 COMPILATION COMPLETE.  0 WARNING(S),  0 ERROR(S)
