C51 COMPILER V9.60.7.0   KEY_JVZHENG                                                       02/05/2026 12:03:31 PAGE 1   


C51 COMPILER V9.60.7.0, COMPILATION OF MODULE KEY_JVZHENG
OBJECT MODULE PLACED IN .\Objects\key_jvzheng.obj
COMPILER INVOKED BY: D:\k5\C51\BIN\C51.EXE key_jvzheng.c OPTIMIZE(8,SPEED) BROWSE DEBUG OBJECTEXTEND PRINT(.\Listings\ke
                    -y_jvzheng.lst) TABS(2) OBJECT(.\Objects\key_jvzheng.obj)

line level    source

   1          #include <REGX52.H>
   2          #include "DELAY.H"
   3          unsigned char key()
   4          {
   5   1        unsigned char keynum=0;
   6   1        
   7   1        P1=0xFF;
   8   1        P1_3=0;                 
   9   1          if(P1_7==0)
  10   1          {Delay(20);while(P1_7==0);
  11   2            Delay(20);keynum=1;}
  12   1          if(P1_6==0)
  13   1          {Delay(20);while(P1_6==0);
  14   2            Delay(20);keynum=5;}
  15   1          if(P1_5==0)
  16   1          {Delay(20);while(P1_5==0);
  17   2            Delay(20);keynum=9;}
  18   1          if(P1_4==0)
  19   1          {Delay(20);while(P1_4==0);
  20   2            Delay(20);keynum=13;}
  21   1        P1=0xFF;
  22   1        P1_2=0;                 
  23   1          if(P1_7==0)
  24   1          {Delay(20);while(P1_7==0);
  25   2            Delay(20);keynum=2;}
  26   1          if(P1_6==0)
  27   1          {Delay(20);while(P1_6==0);
  28   2            Delay(20);keynum=6;}
  29   1          if(P1_5==0)
  30   1          {Delay(20);while(P1_5==0);
  31   2            Delay(20);keynum=10;}
  32   1          if(P1_4==0)
  33   1          {Delay(20);while(P1_4==0);
  34   2            Delay(20);keynum=14;}
  35   1        P1=0xFF;
  36   1        P1_1=0;                 
  37   1          if(P1_7==0)
  38   1          {Delay(20);while(P1_7==0);
  39   2            Delay(20);keynum=3;}
  40   1          if(P1_6==0)
  41   1          {Delay(20);while(P1_6==0);
  42   2            Delay(20);keynum=7;}
  43   1          if(P1_5==0)
  44   1          {Delay(20);while(P1_5==0);
  45   2            Delay(20);keynum=11;}
  46   1          if(P1_4==0)
  47   1          {Delay(20);while(P1_4==0);
  48   2            Delay(20);keynum=15;}
  49   1        P1=0xFF;
  50   1        P1_0=0;                 
  51   1          if(P1_7==0)
  52   1          {Delay(20);while(P1_7==0);
  53   2            Delay(20);keynum=4;}
  54   1          if(P1_6==0)
C51 COMPILER V9.60.7.0   KEY_JVZHENG                                                       02/05/2026 12:03:31 PAGE 2   

  55   1          {Delay(20);while(P1_6==0);
  56   2            Delay(20);keynum=8;}
  57   1          if(P1_5==0)
  58   1          {Delay(20);while(P1_5==0);
  59   2            Delay(20);keynum=12;}
  60   1          if(P1_4==0)
  61   1          {Delay(20);while(P1_4==0);
  62   2            Delay(20);keynum=16;}
  63   1        
  64   1        return keynum;
  65   1      }


MODULE INFORMATION:   STATIC OVERLAYABLE
   CODE SIZE        =    393    ----
   CONSTANT SIZE    =   ----    ----
   XDATA SIZE       =   ----    ----
   PDATA SIZE       =   ----    ----
   DATA SIZE        =   ----       1
   IDATA SIZE       =   ----    ----
   BIT SIZE         =   ----    ----
END OF MODULE INFORMATION.


C51 COMPILATION COMPLETE.  0 WARNING(S),  0 ERROR(S)
