C51 COMPILER V9.60.7.0   MAIN                                                              02/05/2026 12:02:11 PAGE 1   


C51 COMPILER V9.60.7.0, COMPILATION OF MODULE MAIN
OBJECT MODULE PLACED IN .\Objects\main.obj
COMPILER INVOKED BY: D:\k5\C51\BIN\C51.EXE main.c OPTIMIZE(8,SPEED) BROWSE DEBUG OBJECTEXTEND PRINT(.\Listings\main.lst)
                    - TABS(2) OBJECT(.\Objects\main.obj)

line level    source

   1          #include <REGX52.H>
   2          #include "DELAY.H"
   3          #include "LCD1602.H"
   4          #include "KEY_JVZHENG.H"
   5          
   6          unsigned char keynum;
   7          
   8          void main()
   9          {
  10   1        LCD_Init();   
  11   1        LCD_ShowString(1,1,"hello,word");
  12   1        while(1)
  13   1        {
  14   2          keynum=key();
  15   2            if(keynum)
  16   2            {
  17   3              LCD_ShowNum(2,1,keynum,2);
  18   3            }
  19   2        }
  20   1      }


MODULE INFORMATION:   STATIC OVERLAYABLE
   CODE SIZE        =     40    ----
   CONSTANT SIZE    =     11    ----
   XDATA SIZE       =   ----    ----
   PDATA SIZE       =   ----    ----
   DATA SIZE        =      1    ----
   IDATA SIZE       =   ----    ----
   BIT SIZE         =   ----    ----
END OF MODULE INFORMATION.


C51 COMPILATION COMPLETE.  0 WARNING(S),  0 ERROR(S)
