BL51 BANKED LINKER/LOCATER V6.22.4.0                                                    01/30/2026  18:15:48  PAGE 1


BL51 BANKED LINKER/LOCATER V6.22.4.0, INVOKED BY:
D:\K5\C51\BIN\BL51.EXE .\Objects\1.obj TO .\Objects\1 PRINT (.\Listings\1.m51) RAMSIZE (256)


MEMORY MODEL: SMALL


INPUT MODULES INCLUDED:
  .\Objects\1.obj (1)
  D:\K5\C51\LIB\C51S.LIB (?C_STARTUP)


LINK MAP OF MODULE:  .\Objects\1 (1)


            TYPE    BASE      LENGTH    RELOCATION   SEGMENT NAME
            -----------------------------------------------------

            * * * * * * *   D A T A   M E M O R Y   * * * * * * *
            REG     0000H     0008H     ABSOLUTE     "REG BANK 0"
            IDATA   0008H     0001H     UNIT         ?STACK

            * * * * * * *   C O D E   M E M O R Y   * * * * * * *
            CODE    0000H     0003H     ABSOLUTE     
            CODE    0003H     0018H     UNIT         ?PR?MAIN?1
            CODE    001BH     0014H     UNIT         ?PR?_DELAY?1
            CODE    002FH     000CH     UNIT         ?C_C51STARTUP



OVERLAY MAP OF MODULE:   .\Objects\1 (1)


SEGMENT
  +--> CALLED SEGMENT
---------------------
?C_C51STARTUP
  +--> ?PR?MAIN?1

?PR?MAIN?1
  +--> ?PR?_DELAY?1



SYMBOL TABLE OF MODULE:  .\Objects\1 (1)

  VALUE           TYPE          NAME
  ----------------------------------

  -------         MODULE        1
  C:0000H         SYMBOL        _ICE_DUMMY_
  D:0090H         PUBLIC        P1
  D:00A0H         PUBLIC        P2
  D:00B0H         PUBLIC        P3
  D:00A8H         PUBLIC        IE
  B:00A0H.0       PUBLIC        P2_0
  B:00B0H.1       PUBLIC        P3_1
  D:00B8H         PUBLIC        IP
BL51 BANKED LINKER/LOCATER V6.22.4.0                                                  01/30/2026  18:15:48  PAGE 2


  C:0003H         PUBLIC        main
  D:0098H         PUBLIC        SCON
  D:0088H         PUBLIC        TCON
  D:00C8H         PUBLIC        T2CON
  C:001BH         PUBLIC        _Delay
  D:00D0H         PUBLIC        PSW
  -------         PROC          _DELAY
  D:0006H         SYMBOL        xms
  -------         DO            
  D:0005H         SYMBOL        i
  D:0004H         SYMBOL        j
  -------         ENDDO         
  C:001BH         LINE#         3
  C:001BH         LINE#         4
  C:001BH         LINE#         6
  C:001FH         LINE#         7
  C:001FH         LINE#         8
  C:0021H         LINE#         9
  C:0023H         LINE#         11
  C:0023H         LINE#         12
  C:0025H         LINE#         13
  C:0027H         LINE#         14
  C:002CH         LINE#         15
  C:002EH         LINE#         16
  -------         ENDPROC       _DELAY
  -------         PROC          MAIN
  C:0003H         LINE#         18
  C:0003H         LINE#         19
  C:0003H         LINE#         20
  C:0003H         LINE#         21
  C:0003H         LINE#         22
  C:0006H         LINE#         23
  C:0006H         LINE#         24
  C:000DH         LINE#         25
  C:0010H         LINE#         26
  C:0017H         LINE#         28
  C:0019H         LINE#         29
  C:0019H         LINE#         30
  -------         ENDPROC       MAIN
  -------         ENDMOD        1

Program Size: data=9.0 xdata=0 code=59
LINK/LOCATE RUN COMPLETE.  0 WARNING(S),  0 ERROR(S)
