BL51 BANKED LINKER/LOCATER V6.22.4.0                                                    01/31/2026  14:24:35  PAGE 1


BL51 BANKED LINKER/LOCATER V6.22.4.0, INVOKED BY:
D:\K5\C51\BIN\BL51.EXE .\Objects\main.obj TO .\Objects\1 PRINT (.\Listings\1.m51) RAMSIZE (256)


MEMORY MODEL: SMALL


INPUT MODULES INCLUDED:
  .\Objects\main.obj (MAIN)
  D:\K5\C51\LIB\C51S.LIB (?C_STARTUP)


LINK MAP OF MODULE:  .\Objects\1 (MAIN)


            TYPE    BASE      LENGTH    RELOCATION   SEGMENT NAME
            -----------------------------------------------------

            * * * * * * *   D A T A   M E M O R Y   * * * * * * *
            REG     0000H     0008H     ABSOLUTE     "REG BANK 0"
            IDATA   0008H     0001H     UNIT         ?STACK

            * * * * * * *   C O D E   M E M O R Y   * * * * * * *
            CODE    0000H     0003H     ABSOLUTE     
            CODE    0003H     0014H     UNIT         ?PR?MAIN?MAIN
            CODE    0017H     000EH     UNIT         ?PR?DELAY500MS?MAIN
            CODE    0025H     000CH     UNIT         ?C_C51STARTUP



OVERLAY MAP OF MODULE:   .\Objects\1 (MAIN)


SEGMENT
  +--> CALLED SEGMENT
---------------------
?C_C51STARTUP
  +--> ?PR?MAIN?MAIN

?PR?MAIN?MAIN
  +--> ?PR?DELAY500MS?MAIN



SYMBOL TABLE OF MODULE:  .\Objects\1 (MAIN)

  VALUE           TYPE          NAME
  ----------------------------------

  -------         MODULE        MAIN
  C:0000H         SYMBOL        _ICE_DUMMY_
  D:0090H         PUBLIC        P1
  D:00A0H         PUBLIC        P2
  D:00B0H         PUBLIC        P3
  D:00A8H         PUBLIC        IE
  D:00B8H         PUBLIC        IP
  C:0003H         PUBLIC        main
  D:0098H         PUBLIC        SCON
BL51 BANKED LINKER/LOCATER V6.22.4.0                                                  01/31/2026  14:24:35  PAGE 2


  D:0088H         PUBLIC        TCON
  D:00C8H         PUBLIC        T2CON
  C:0017H         PUBLIC        Delay500ms
  D:00D0H         PUBLIC        PSW
  -------         PROC          DELAY500MS
  -------         DO            
  D:0007H         SYMBOL        i
  D:0006H         SYMBOL        j
  D:0005H         SYMBOL        k
  -------         ENDDO         
  C:0017H         LINE#         4
  C:0017H         LINE#         5
  C:0017H         LINE#         8
  C:0018H         LINE#         9
  C:001AH         LINE#         10
  C:001CH         LINE#         11
  C:001EH         LINE#         13
  C:001EH         LINE#         15
  C:001EH         LINE#         16
  C:0020H         LINE#         17
  C:0022H         LINE#         18
  C:0024H         LINE#         19
  -------         ENDPROC       DELAY500MS
  -------         PROC          MAIN
  -------         DO            
  D:0004H         SYMBOL        LED
  -------         ENDDO         
  C:0003H         LINE#         21
  C:0003H         LINE#         22
  C:0003H         LINE#         23
  C:0005H         LINE#         24
  C:0005H         LINE#         25
  C:0005H         LINE#         26
  C:0007H         LINE#         27
  C:000AH         LINE#         28
  C:0010H         LINE#         29
  C:0013H         LINE#         30
  C:0013H         LINE#         31
  C:0015H         LINE#         32
  C:0015H         LINE#         33
  -------         ENDPROC       MAIN
  -------         ENDMOD        MAIN

Program Size: data=9.0 xdata=0 code=49
LINK/LOCATE RUN COMPLETE.  0 WARNING(S),  0 ERROR(S)
