C51 COMPILER V9.60.7.0   MAIN                                                              01/31/2026 14:02:16 PAGE 1   


C51 COMPILER V9.60.7.0, COMPILATION OF MODULE MAIN
OBJECT MODULE PLACED IN .\Objects\main.obj
COMPILER INVOKED BY: D:\k5\C51\BIN\C51.EXE main.c OPTIMIZE(8,SPEED) BROWSE DEBUG OBJECTEXTEND PRINT(.\Listings\main.lst)
                    - TABS(2) OBJECT(.\Objects\main.obj)

line level    source

   1          #define LED_ON(pin)    (P2 &= ~(1 << (pin)))
   2          #define LED_OFF(pin)   (P2 |= (1 << (pin)))
   3          #define ALL_OFF()      (P2 = 0xFF)
   4          #include <REGX52.H>
   5          
   6          void Delay500ms(void) //@11.0592MHz
   7          {
   8   1        unsigned char data i, j, k;
   9   1      
  10   1        _nop_();
*** WARNING C206 IN LINE 10 OF main.c: '_nop_': missing function-prototype
*** ERROR C264 IN LINE 10 OF main.c: intrinsic '_nop_': declaration/activation error
  11   1        i = 4;
  12   1        j = 129;
  13   1        k = 119;
  14   1        do
  15   1        {
  16   2          do
  17   2          {
  18   3            while (--k);
  19   3          } while (--j);
  20   2        } while (--i);
  21   1      }
  22          
  23          void main()
  24          {
  25   1          unsigned char i;
  26   1          
  27   1          while(1)
  28   1          {
  29   2              for(i = 0; i < 8; i++)
  30   2              {
  31   3                  ALL_OFF();        // 全部熄灭
  32   3                  LED_ON(i);        // 点亮第i个LED
  33   3                  Delay500ms();
  34   3              }
  35   2          }
  36   1      }

C51 COMPILATION COMPLETE.  1 WARNING(S),  1 ERROR(S)
