C51 COMPILER V9.60.7.0   1                                                                 02/07/2026 20:10:25 PAGE 1   


C51 COMPILER V9.60.7.0, COMPILATION OF MODULE 1
OBJECT MODULE PLACED IN .\Objects\1.obj
COMPILER INVOKED BY: D:\k5\C51\BIN\C51.EXE 1.c OPTIMIZE(8,SPEED) BROWSE DEBUG OBJECTEXTEND PRINT(.\Listings\1.lst) TABS(
                    -2) OBJECT(.\Objects\1.obj)

line level    source

   1          #include <REGX52.H>
   2          #include "TIMER0.H"
   3          #include "LCD1602.H"
   4          #include "INTRINS.H"//_crol_和_cror_实现左移和右移
   5          
   6          
   7          
   8          static unsigned int s,m,h;
   9          //static:静止的
  10          
  11          void main()
  12          {
  13   1          P2_4=0;
  14   1        LCD_Init();
  15   1        Timer0_Init();
  16   1        LCD_ShowString(2, 6, ":00:00:00");
  17   1        LCD_ShowString(2,1,"clock");
  18   1        LCD_ShowString(1,1,"HELLO,PNGPA1");
  19   1      while(1)
  20   1          {
  21   2             LCD_ShowNum(2,13,s,2);
  22   2            LCD_ShowNum(2,10,m,2);
  23   2            LCD_ShowNum(2,7,h,2);
  24   2          }
  25   1      }
  26          void Timer0_Routine() interrupt 1
  27          //跳转
  28          { 
  29   1        static unsigned int T0count;
  30   1        TL0 = 0x66;       //设置定时初始值
  31   1        TH0 = 0xFC;       //设置定时初始值
  32   1        T0count++;
  33   1        if(T0count>=1000)
  34   1        { 
  35   2          T0count=0;
  36   2          s++;
  37   2            if(s>=60)
  38   2            {
  39   3              m++;
  40   3              s=0;
  41   3                if(m>=60)
  42   3                {
  43   4                  h++;
  44   4                  m=0;
  45   4                }
  46   3              }
  47   2            }
  48   1          if(s%2==1)
  49   1          { 
  50   2            P2_1=0;
  51   2            P2_2=1;
  52   2          } 
  53   1            else
  54   1          {   
C51 COMPILER V9.60.7.0   1                                                                 02/07/2026 20:10:25 PAGE 2   

  55   2            P2_1=1;
  56   2            P2_2=0;
  57   2          }
  58   1      }


MODULE INFORMATION:   STATIC OVERLAYABLE
   CODE SIZE        =    196    ----
   CONSTANT SIZE    =     29    ----
   XDATA SIZE       =   ----    ----
   PDATA SIZE       =   ----    ----
   DATA SIZE        =      8    ----
   IDATA SIZE       =   ----    ----
   BIT SIZE         =   ----    ----
END OF MODULE INFORMATION.


C51 COMPILATION COMPLETE.  0 WARNING(S),  0 ERROR(S)
