BL51 BANKED LINKER/LOCATER V6.22.4.0                                                    02/07/2026  20:10:26  PAGE 1


BL51 BANKED LINKER/LOCATER V6.22.4.0, INVOKED BY:
D:\K5\C51\BIN\BL51.EXE .\Objects\1.obj, .\Objects\timer0.obj, .\Objects\Delay.obj, .\Objects\LCD1602.obj, .\Objects\DULI
>> KEY.obj TO .\Objects\1 PRINT (.\Listings\1.m51) RAMSIZE (256)


MEMORY MODEL: SMALL


INPUT MODULES INCLUDED:
  .\Objects\1.obj (1)
  .\Objects\timer0.obj (TIMER0)
  .\Objects\Delay.obj (DELAY)
  .\Objects\LCD1602.obj (LCD1602)
  .\Objects\DULIKEY.obj (DULIKEY)
  D:\K5\C51\LIB\C51S.LIB (?C_STARTUP)
  D:\K5\C51\LIB\C51S.LIB (?C?CLDOPTR)
  D:\K5\C51\LIB\C51S.LIB (?C?IMUL)
  D:\K5\C51\LIB\C51S.LIB (?C?UIDIV)


LINK MAP OF MODULE:  .\Objects\1 (1)


            TYPE    BASE      LENGTH    RELOCATION   SEGMENT NAME
            -----------------------------------------------------

            * * * * * * *   D A T A   M E M O R Y   * * * * * * *
            REG     0000H     0008H     ABSOLUTE     "REG BANK 0"
            DATA    0008H     0009H     UNIT         _DATA_GROUP_
            DATA    0011H     0008H     UNIT         ?DT?1
            DATA    0019H     0007H     UNIT         ?DT?_LCD_SHOWSIGNEDNUM?LCD1602
            DATA    0020H     0005H     UNIT         ?DT?_LCD_SHOWHEXNUM?LCD1602
            DATA    0025H     0005H     UNIT         ?DT?_LCD_SHOWBINNUM?LCD1602
            DATA    002AH     0001H     UNIT         ?DT?DULI?DULIKEY
            IDATA   002BH     0001H     UNIT         ?STACK

            * * * * * * *   C O D E   M E M O R Y   * * * * * * *
            CODE    0000H     0003H     ABSOLUTE     
                    0003H     0008H                  *** GAP ***
            CODE    000BH     0003H     ABSOLUTE     
            CODE    000EH     0094H     UNIT         ?C?LIB_CODE
            CODE    00A2H     0069H     UNIT         ?PR?TIMER0_ROUTINE?1
            CODE    010BH     0061H     UNIT         ?PR?DULI?DULIKEY
            CODE    016CH     005BH     UNIT         ?PR?MAIN?1
            CODE    01C7H     003AH     UNIT         ?PR?_LCD_SHOWSIGNEDNUM?LCD1602
            CODE    0201H     0039H     UNIT         ?PR?_LCD_SHOWHEXNUM?LCD1602
            CODE    023AH     0038H     UNIT         ?PR?_LCD_SHOWBINNUM?LCD1602
            CODE    0272H     0033H     UNIT         ?PR?_LCD_POW?LCD1602
            CODE    02A5H     0023H     UNIT         ?PR?_LCD_SHOWSTRING?LCD1602
            CODE    02C8H     001EH     UNIT         ?PR?_LCD_WRITEDATA?LCD1602
            CODE    02E6H     001DH     UNIT         ?CO?1
            CODE    0303H     001DH     UNIT         ?PR?_LCD_SHOWNUM?LCD1602
            CODE    0320H     0017H     UNIT         ?PR?TIMER0_INIT?TIMER0
            CODE    0337H     0016H     UNIT         ?PR?_LCD_SETCURSOR?LCD1602
            CODE    034DH     0015H     UNIT         ?PR?_DELAY?DELAY
            CODE    0362H     0014H     UNIT         ?PR?LCD_INIT?LCD1602
            CODE    0376H     000FH     UNIT         ?PR?LCD_DELAY?LCD1602
            CODE    0385H     000CH     UNIT         ?C_C51STARTUP
BL51 BANKED LINKER/LOCATER V6.22.4.0                                                  02/07/2026  20:10:26  PAGE 2


            CODE    0391H     000AH     UNIT         ?PR?_LCD_WRITECOMMAND?LCD1602
            CODE    039BH     000AH     UNIT         ?PR?_LCD_SHOWCHAR?LCD1602



OVERLAY MAP OF MODULE:   .\Objects\1 (1)


SEGMENT                                  DATA_GROUP 
  +--> CALLED SEGMENT                  START    LENGTH
------------------------------------------------------
?C_C51STARTUP                          -----    -----
  +--> ?PR?MAIN?1

?PR?MAIN?1                             -----    -----
  +--> ?PR?LCD_INIT?LCD1602
  +--> ?PR?TIMER0_INIT?TIMER0
  +--> ?CO?1
  +--> ?PR?_LCD_SHOWSTRING?LCD1602
  +--> ?PR?_LCD_SHOWNUM?LCD1602

?PR?LCD_INIT?LCD1602                   -----    -----
  +--> ?PR?_LCD_WRITECOMMAND?LCD1602

?PR?_LCD_WRITECOMMAND?LCD1602          -----    -----
  +--> ?PR?LCD_DELAY?LCD1602

?PR?_LCD_SHOWSTRING?LCD1602            0008H    0003H
  +--> ?PR?_LCD_SETCURSOR?LCD1602
  +--> ?PR?_LCD_WRITEDATA?LCD1602

?PR?_LCD_SETCURSOR?LCD1602             -----    -----
  +--> ?PR?_LCD_WRITECOMMAND?LCD1602

?PR?_LCD_WRITEDATA?LCD1602             -----    -----
  +--> ?PR?LCD_DELAY?LCD1602

?PR?_LCD_SHOWNUM?LCD1602               0008H    0005H
  +--> ?PR?_LCD_SETCURSOR?LCD1602
  +--> ?PR?_LCD_POW?LCD1602
  +--> ?PR?_LCD_WRITEDATA?LCD1602

?PR?_LCD_POW?LCD1602                   000DH    0004H



SYMBOL TABLE OF MODULE:  .\Objects\1 (1)

  VALUE           TYPE          NAME
  ----------------------------------

  -------         MODULE        1
  C:0000H         SYMBOL        _ICE_DUMMY_
  C:00A2H         PUBLIC        Timer0_Routine
  D:0090H         PUBLIC        P1
  D:00A0H         PUBLIC        P2
  D:00B0H         PUBLIC        P3
BL51 BANKED LINKER/LOCATER V6.22.4.0                                                  02/07/2026  20:10:26  PAGE 3


  D:00A8H         PUBLIC        IE
  B:00A0H.1       PUBLIC        P2_1
  B:00A0H.2       PUBLIC        P2_2
  B:00A0H.4       PUBLIC        P2_4
  D:00B8H         PUBLIC        IP
  C:016CH         PUBLIC        main
  D:0098H         PUBLIC        SCON
  D:0088H         PUBLIC        TCON
  D:008CH         PUBLIC        TH0
  D:008AH         PUBLIC        TL0
  D:0013H         SYMBOL        h
  D:00C8H         PUBLIC        T2CON
  D:0015H         SYMBOL        m
  D:0017H         SYMBOL        s
  D:00D0H         PUBLIC        PSW
  -------         PROC          MAIN
  C:016CH         LINE#         11
  C:016CH         LINE#         12
  C:016CH         LINE#         13
  C:016EH         LINE#         14
  C:0171H         LINE#         15
  C:0174H         LINE#         16
  C:0181H         LINE#         17
  C:018EH         LINE#         18
  C:019BH         LINE#         19
  C:019BH         LINE#         20
  C:019BH         LINE#         21
  C:01A9H         LINE#         22
  C:01B7H         LINE#         23
  C:01C5H         LINE#         24
  -------         ENDPROC       MAIN
  -------         PROC          TIMER0_ROUTINE
  -------         DO            
  D:0011H         SYMBOL        T0count
  -------         ENDDO         
  C:00A2H         LINE#         26
  C:00A6H         LINE#         30
  C:00A9H         LINE#         31
  C:00ACH         LINE#         32
  C:00B4H         LINE#         33
  C:00BDH         LINE#         34
  C:00BDH         LINE#         35
  C:00C3H         LINE#         36
  C:00CBH         LINE#         37
  C:00D3H         LINE#         38
  C:00D3H         LINE#         39
  C:00DBH         LINE#         40
  C:00E1H         LINE#         41
  C:00E9H         LINE#         42
  C:00E9H         LINE#         43
  C:00F1H         LINE#         44
  C:00F7H         LINE#         45
  C:00F7H         LINE#         46
  C:00F7H         LINE#         47
  C:00F7H         LINE#         48
  C:00FCH         LINE#         49
  C:00FCH         LINE#         50
BL51 BANKED LINKER/LOCATER V6.22.4.0                                                  02/07/2026  20:10:26  PAGE 4


  C:00FEH         LINE#         51
  C:0100H         LINE#         52
  C:0102H         LINE#         54
  C:0102H         LINE#         55
  C:0104H         LINE#         56
  C:0106H         LINE#         57
  C:0106H         LINE#         58
  -------         ENDPROC       TIMER0_ROUTINE
  -------         ENDMOD        1

  -------         MODULE        TIMER0
  C:0000H         SYMBOL        _ICE_DUMMY_
  D:0090H         PUBLIC        P1
  D:00A0H         PUBLIC        P2
  D:00B0H         PUBLIC        P3
  B:00A8H.7       PUBLIC        EA
  D:00A8H         PUBLIC        IE
  D:00B8H         PUBLIC        IP
  C:0320H         PUBLIC        Timer0_Init
  D:0098H         PUBLIC        SCON
  D:0089H         PUBLIC        TMOD
  D:0088H         PUBLIC        TCON
  B:00A8H.1       PUBLIC        ET0
  B:0088H.5       PUBLIC        TF0
  D:008CH         PUBLIC        TH0
  D:008AH         PUBLIC        TL0
  B:00B8H.1       PUBLIC        PT0
  B:0088H.4       PUBLIC        TR0
  D:00C8H         PUBLIC        T2CON
  D:00D0H         PUBLIC        PSW
  -------         PROC          TIMER0_INIT
  C:0320H         LINE#         4
  C:0320H         LINE#         5
  C:0320H         LINE#         6
  C:0323H         LINE#         7
  C:0326H         LINE#         9
  C:0329H         LINE#         10
  C:032CH         LINE#         12
  C:032EH         LINE#         13
  C:0330H         LINE#         14
  C:0332H         LINE#         15
  C:0334H         LINE#         17
  C:0336H         LINE#         18
  -------         ENDPROC       TIMER0_INIT
  -------         ENDMOD        TIMER0

  -------         MODULE        DELAY
  C:0000H         SYMBOL        _ICE_DUMMY_
  C:034DH         PUBLIC        _Delay
  -------         PROC          _DELAY
  D:0006H         SYMBOL        xms
  -------         DO            
  D:0005H         SYMBOL        i
  D:0004H         SYMBOL        j
  -------         ENDDO         
  C:034DH         LINE#         1
  C:034DH         LINE#         2
BL51 BANKED LINKER/LOCATER V6.22.4.0                                                  02/07/2026  20:10:26  PAGE 5


  C:034DH         LINE#         4
  C:0357H         LINE#         5
  C:0357H         LINE#         6
  C:0359H         LINE#         7
  C:035BH         LINE#         9
  C:035BH         LINE#         10
  C:035DH         LINE#         11
  C:035DH         LINE#         12
  C:035FH         LINE#         13
  C:0361H         LINE#         14
  -------         ENDPROC       _DELAY
  -------         ENDMOD        DELAY

  -------         MODULE        LCD1602
  C:0000H         SYMBOL        _ICE_DUMMY_
  D:0080H         PUBLIC        P0
  D:0090H         PUBLIC        P1
  D:00A0H         PUBLIC        P2
  D:00B0H         PUBLIC        P3
  C:0391H         PUBLIC        _LCD_WriteCommand
  C:0303H         PUBLIC        _LCD_ShowNum
  D:00A8H         PUBLIC        IE
  D:00B8H         PUBLIC        IP
  C:023AH         PUBLIC        _LCD_ShowBinNum
  C:037CH         PUBLIC        LCD_Delay
  C:0201H         PUBLIC        _LCD_ShowHexNum
  D:0098H         PUBLIC        SCON
  D:0088H         PUBLIC        TCON
  C:02DCH         PUBLIC        _LCD_WriteData
  B:00A0H.7       PUBLIC        LCD_EN
  C:0362H         PUBLIC        LCD_Init
  C:02A5H         PUBLIC        _LCD_ShowString
  C:039BH         PUBLIC        _LCD_ShowChar
  B:00A0H.6       PUBLIC        LCD_RS
  B:00A0H.5       PUBLIC        LCD_RW
  C:0337H         PUBLIC        _LCD_SetCursor
  D:00C8H         PUBLIC        T2CON
  C:01C7H         PUBLIC        _LCD_ShowSignedNum
  C:027EH         PUBLIC        _LCD_Pow
  D:00D0H         PUBLIC        PSW
  -------         PROC          L?0048
  -------         ENDPROC       L?0048
  -------         PROC          LCD_DELAY
  -------         DO            
  D:0007H         SYMBOL        i
  D:0006H         SYMBOL        j
  -------         ENDDO         
  C:037CH         LINE#         15
  C:037CH         LINE#         16
  C:037CH         LINE#         19
  C:037EH         LINE#         20
  C:0380H         LINE#         22
  C:0380H         LINE#         23
  C:0382H         LINE#         24
  C:0384H         LINE#         25
  -------         ENDPROC       LCD_DELAY
  -------         PROC          _LCD_WRITECOMMAND
BL51 BANKED LINKER/LOCATER V6.22.4.0                                                  02/07/2026  20:10:26  PAGE 6


  D:0007H         SYMBOL        Command
  C:0391H         LINE#         32
  C:0391H         LINE#         33
  C:0391H         LINE#         34
  C:0393H         LINE#         35
  C:0393H         LINE#         36
  C:0393H         LINE#         37
  C:0393H         LINE#         38
  C:0396H         LINE#         39
  C:0398H         LINE#         40
  -------         ENDPROC       _LCD_WRITECOMMAND
  -------         PROC          L?0047
  -------         ENDPROC       L?0047
  -------         PROC          _LCD_WRITEDATA
  D:0007H         SYMBOL        Data
  C:02DCH         LINE#         48
  C:02DCH         LINE#         49
  C:02DCH         LINE#         50
  C:02DEH         LINE#         51
  C:02DEH         LINE#         52
  C:02DEH         LINE#         53
  C:02DEH         LINE#         54
  C:02E1H         LINE#         55
  C:02E3H         LINE#         56
  -------         ENDPROC       _LCD_WRITEDATA
  -------         PROC          _LCD_SETCURSOR
  D:0006H         SYMBOL        Line
  D:0005H         SYMBOL        Column
  C:0337H         LINE#         65
  C:0339H         LINE#         66
  C:0339H         LINE#         67
  C:033CH         LINE#         68
  C:033CH         LINE#         69
  C:033EH         LINE#         70
  C:0340H         LINE#         71
  C:0343H         LINE#         72
  C:0343H         LINE#         73
  C:034CH         LINE#         74
  C:034CH         LINE#         75
  -------         ENDPROC       _LCD_SETCURSOR
  -------         PROC          LCD_INIT
  C:0362H         LINE#         82
  C:0362H         LINE#         83
  C:0362H         LINE#         84
  C:0367H         LINE#         85
  C:036CH         LINE#         86
  C:0371H         LINE#         87
  -------         ENDPROC       LCD_INIT
  -------         PROC          _LCD_SHOWCHAR
  D:0006H         SYMBOL        Line
  D:0005H         SYMBOL        Column
  D:0004H         SYMBOL        Char
  C:039BH         LINE#         97
  C:039DH         LINE#         98
  C:039DH         LINE#         99
  C:03A0H         LINE#         100
  -------         ENDPROC       _LCD_SHOWCHAR
BL51 BANKED LINKER/LOCATER V6.22.4.0                                                  02/07/2026  20:10:26  PAGE 7


  -------         PROC          _LCD_SHOWSTRING
  D:0007H         SYMBOL        Line
  D:0005H         SYMBOL        Column
  D:0008H         SYMBOL        String
  -------         DO            
  D:0005H         SYMBOL        i
  -------         ENDDO         
  C:02A5H         LINE#         110
  C:02ABH         LINE#         111
  C:02ABH         LINE#         113
  C:02AEH         LINE#         114
  C:02C1H         LINE#         115
  C:02C1H         LINE#         116
  C:02C4H         LINE#         117
  C:02C7H         LINE#         118
  -------         ENDPROC       _LCD_SHOWSTRING
  C:0274H         SYMBOL        L?0046
  -------         PROC          L?0045
  -------         ENDPROC       L?0045
  C:0274H         SYMBOL        L?0046
  -------         PROC          _LCD_POW
  D:000DH         SYMBOL        X
  D:000FH         SYMBOL        Y
  -------         DO            
  D:0003H         SYMBOL        i
  D:0006H         SYMBOL        Result
  -------         ENDDO         
  C:027EH         LINE#         123
  C:0286H         LINE#         124
  C:0286H         LINE#         126
  C:028AH         LINE#         127
  C:029AH         LINE#         128
  C:029AH         LINE#         129
  C:02A1H         LINE#         130
  C:02A4H         LINE#         131
  C:02A4H         LINE#         132
  -------         ENDPROC       _LCD_POW
  -------         PROC          _LCD_SHOWNUM
  D:0007H         SYMBOL        Line
  D:0005H         SYMBOL        Column
  D:000AH         SYMBOL        Number
  D:000CH         SYMBOL        Length
  -------         DO            
  D:0002H         SYMBOL        i
  -------         ENDDO         
  C:0303H         LINE#         142
  C:0307H         LINE#         143
  C:0307H         LINE#         145
  C:030AH         LINE#         146
  C:0312H         LINE#         147
  C:0312H         LINE#         148
  C:031CH         LINE#         149
  C:031FH         LINE#         150
  -------         ENDPROC       _LCD_SHOWNUM
  -------         PROC          _LCD_SHOWSIGNEDNUM
  D:0007H         SYMBOL        Line
  D:0005H         SYMBOL        Column
BL51 BANKED LINKER/LOCATER V6.22.4.0                                                  02/07/2026  20:10:26  PAGE 8


  D:0002H         SYMBOL        Number
  D:001DH         SYMBOL        Length
  -------         DO            
  D:0002H         SYMBOL        i
  D:001EH         SYMBOL        Number1
  -------         ENDDO         
  C:01C7H         LINE#         160
  C:01C7H         LINE#         161
  C:01C7H         LINE#         164
  C:01CAH         LINE#         165
  C:01D2H         LINE#         166
  C:01D2H         LINE#         167
  C:01D7H         LINE#         168
  C:01DBH         LINE#         169
  C:01DDH         LINE#         171
  C:01DDH         LINE#         172
  C:01E2H         LINE#         173
  C:01EBH         LINE#         174
  C:01EBH         LINE#         175
  C:01F3H         LINE#         176
  C:01F3H         LINE#         177
  C:01FDH         LINE#         178
  C:0200H         LINE#         179
  -------         ENDPROC       _LCD_SHOWSIGNEDNUM
  -------         PROC          _LCD_SHOWHEXNUM
  D:0007H         SYMBOL        Line
  D:0005H         SYMBOL        Column
  D:0022H         SYMBOL        Number
  D:0024H         SYMBOL        Length
  -------         DO            
  D:0002H         SYMBOL        i
  D:0006H         SYMBOL        SingleNumber
  -------         ENDDO         
  C:0201H         LINE#         189
  C:0205H         LINE#         190
  C:0205H         LINE#         192
  C:0208H         LINE#         193
  C:0210H         LINE#         194
  C:0210H         LINE#         195
  C:0226H         LINE#         196
  C:022CH         LINE#         197
  C:022CH         LINE#         198
  C:022EH         LINE#         199
  C:0230H         LINE#         201
  C:0230H         LINE#         202
  C:0236H         LINE#         203
  C:0236H         LINE#         204
  C:0239H         LINE#         205
  -------         ENDPROC       _LCD_SHOWHEXNUM
  -------         PROC          _LCD_SHOWBINNUM
  D:0007H         SYMBOL        Line
  D:0005H         SYMBOL        Column
  D:0027H         SYMBOL        Number
  D:0029H         SYMBOL        Length
  -------         DO            
  D:0002H         SYMBOL        i
  -------         ENDDO         
BL51 BANKED LINKER/LOCATER V6.22.4.0                                                  02/07/2026  20:10:26  PAGE 9


  C:023AH         LINE#         215
  C:023EH         LINE#         216
  C:023EH         LINE#         218
  C:0241H         LINE#         219
  C:0249H         LINE#         220
  C:0249H         LINE#         221
  C:026EH         LINE#         222
  C:0271H         LINE#         223
  -------         ENDPROC       _LCD_SHOWBINNUM
  -------         ENDMOD        LCD1602

  -------         MODULE        DULIKEY
  C:0000H         SYMBOL        _ICE_DUMMY_
  D:0090H         PUBLIC        P1
  D:00A0H         PUBLIC        P2
  D:00B0H         PUBLIC        P3
  D:00A8H         PUBLIC        IE
  B:00B0H.0       PUBLIC        P3_0
  B:00B0H.1       PUBLIC        P3_1
  B:00B0H.2       PUBLIC        P3_2
  B:00B0H.3       PUBLIC        P3_3
  D:00B8H         PUBLIC        IP
  C:010BH         PUBLIC        duli
  D:0098H         PUBLIC        SCON
  D:0088H         PUBLIC        TCON
  D:00C8H         PUBLIC        T2CON
  D:00D0H         PUBLIC        PSW
  -------         PROC          DULI
  -------         DO            
  D:002AH         SYMBOL        duli_num
  -------         ENDDO         
  C:010BH         LINE#         4
  C:010BH         LINE#         5
  C:010BH         LINE#         6
  C:010EH         LINE#         8
  C:0124H         LINE#         9
  C:013BH         LINE#         10
  C:0152H         LINE#         11
  C:0169H         LINE#         13
  C:016BH         LINE#         14
  -------         ENDPROC       DULI
  -------         ENDMOD        DULIKEY

  -------         MODULE        ?C?CLDOPTR
  C:000EH         PUBLIC        ?C?CLDOPTR
  -------         ENDMOD        ?C?CLDOPTR

  -------         MODULE        ?C?IMUL
  C:003BH         PUBLIC        ?C?IMUL
  -------         ENDMOD        ?C?IMUL

  -------         MODULE        ?C?UIDIV
  C:004DH         PUBLIC        ?C?UIDIV
  -------         ENDMOD        ?C?UIDIV

*** WARNING L16: UNCALLED SEGMENT, IGNORED FOR OVERLAY PROCESS
    SEGMENT: ?PR?_LCD_SHOWCHAR?LCD1602
BL51 BANKED LINKER/LOCATER V6.22.4.0                                                  02/07/2026  20:10:26  PAGE 10



*** WARNING L16: UNCALLED SEGMENT, IGNORED FOR OVERLAY PROCESS
    SEGMENT: ?PR?_LCD_SHOWSIGNEDNUM?LCD1602

*** WARNING L16: UNCALLED SEGMENT, IGNORED FOR OVERLAY PROCESS
    SEGMENT: ?PR?_LCD_SHOWHEXNUM?LCD1602

*** WARNING L16: UNCALLED SEGMENT, IGNORED FOR OVERLAY PROCESS
    SEGMENT: ?PR?_LCD_SHOWBINNUM?LCD1602

*** WARNING L16: UNCALLED SEGMENT, IGNORED FOR OVERLAY PROCESS
    SEGMENT: ?PR?DULI?DULIKEY

Program Size: data=44.0 xdata=0 code=925
LINK/LOCATE RUN COMPLETE.  5 WARNING(S),  0 ERROR(S)
