C51 COMPILER V9.60.7.0   1                                                                 02/10/2026 11:56:34 PAGE 1   


C51 COMPILER V9.60.7.0, COMPILATION OF MODULE 1
OBJECT MODULE PLACED IN .\Objects\1.obj
COMPILER INVOKED BY: D:\k5\C51\BIN\C51.EXE 1.c OPTIMIZE(8,SPEED) BROWSE DEBUG OBJECTEXTEND PRINT(.\Listings\1.lst) TABS(
                    -2) OBJECT(.\Objects\1.obj)

line level    source

   1          #include <REGX52.H>
   2          #include "TIMER0.H"
   3          #include "LCD1602.H"
   4          #include "INTRINS.H"//_crol_和_cror_实现左移和右移
   5          #include "KEY_JVZHENG.H"
   6          
   7          static unsigned char s,min,h,d,m,y,w ;
   8          //static:静止的
   9          
  10          unsigned char key();
  11          unsigned char timekey;
  12          unsigned char mode;
  13          
  14          
  15          void main()
  16          {
  17   1      
  18   1        LCD_Init();
  19   1        Timer0_Init();
  20   1        LCD_ShowString(2, 6, ":00:00:00");
  21   1        LCD_ShowString(2,1,"clock");
  22   1        LCD_ShowString(1,1,"20  :  :");
  23   1        mode=0;
  24   1        y=1;
  25   1        m=1;
  26   1        d=1;
  27   1        
  28   1      while(1)
  29   1          {
  30   2            
  31   2      //  蔡勒公式（c=21）：w = ( y + y/4 + 26*(m+1)/10 + d - 36 ) % 7
  32   2          w= ( y + y/4 + 26*(m+1)/10 + d - 36 ) % 7;
  33   2          switch(w)
  34   2          {
  35   3              case 0: LCD_ShowString(1,14,"Sun");break;
  36   3              case 1: LCD_ShowString(1,14,"Mon");break;
  37   3              case 2: LCD_ShowString(1,14,"Tue");break;
  38   3              case 3: LCD_ShowString(1,14,"Wed");break;
  39   3              case 4: LCD_ShowString(1,14,"Thu");break;
  40   3              case 5: LCD_ShowString(1,14,"Fri");break;
  41   3              case 6: LCD_ShowString(1,14,"Sat");break;
  42   3          }
  43   2          
  44   2          
  45   2            LCD_ShowNum(2,13,s,2);
  46   2            LCD_ShowNum(2,10,min,2);
  47   2            LCD_ShowNum(2,7,h,2);
  48   2            LCD_ShowNum(1,9,d,2);
  49   2            LCD_ShowNum(1,6,m,2);
  50   2            LCD_ShowNum(1,3,y,2);
  51   2      //      LED格式如下：
  52   2      //      20yy:mm:dd
  53   2      //      clock：hh:mm:ss
  54   2              timekey=key();
C51 COMPILER V9.60.7.0   1                                                                 02/10/2026 11:56:34 PAGE 2   

  55   2          if(mode==1||mode==0)
  56   2          {
  57   3            if(timekey==1)
  58   3            {
  59   4              y++;
  60   4            }
  61   3            if(timekey==2)
  62   3            {
  63   4              m++;
  64   4            }
  65   3            if(timekey==3)
  66   3            {
  67   4              d++;
  68   4            }
  69   3            if(timekey==4)
  70   3            {
  71   4              h++;
  72   4            }
  73   3            if(timekey==5)
  74   3            {
  75   4              min++;
  76   4            }
  77   3            if(timekey==6)
  78   3            {
  79   4              s++;
  80   4            }
  81   3      
  82   3          if(mode>=3)
  83   3          {
  84   4            if(timekey==1)
  85   4            {
  86   5              y--;
  87   5            }
  88   4            if(timekey==2)
  89   4            {
  90   5              m--;
  91   5            }
  92   4            if(timekey==3)
  93   4            {
  94   5              d--;
  95   5            }
  96   4            if(timekey==4)
  97   4            {
  98   5              h--;
  99   5            }
 100   4            if(timekey==5)
 101   4            {
 102   5              min--;
 103   5            }
 104   4            if(timekey==6)
 105   4            {
 106   5              s--;
 107   5            }
 108   4          }
 109   3        }
 110   2          
 111   2            
 112   2          
 113   2            if(timekey==15)
 114   2            {
 115   3                y=1;
 116   3                m=1;
C51 COMPILER V9.60.7.0   1                                                                 02/10/2026 11:56:34 PAGE 3   

 117   3                d=1;
 118   3                h=0;
 119   3                min=0;
 120   3                s=0;
 121   3            }
 122   2            
 123   2            //模式
 124   2              if(timekey == 16)//MODE0正常时钟，MODE1暂停，MODE2倒计时。
 125   2              {
 126   3                  mode++;
 127   3                  if(mode >= 3)
 128   3                  {
 129   4                      mode = 0;
 130   4                      
 131   4                  }
 132   3              }
 133   2            
 134   2          if(s >= 60) { s = 0; min++; }   
 135   2          if(min >= 60) { min = 0; h++; } 
 136   2          if(h >= 24) { h = 0; d++; }    
 137   2          if(d > 30) { d = 1; m++; }    
 138   2          if(m > 12) { m = 1; y++; }    
 139   2          }
 140   1      
 141   1      }
 142          
 143          
 144          
 145          
 146          
 147          void Timer0_Routine() interrupt 1
 148          //跳转
 149          { 
 150   1        static unsigned int T0count;
 151   1        TL0 = 0x66;       //设置定时初始值
 152   1        TH0 = 0xFC;       //设置定时初始值
 153   1        T0count++;
 154   1        if(T0count>=1000)
 155   1        { 
 156   2          T0count=0;
 157   2          if(mode==0)
 158   2          {
 159   3              T0count=0;
 160   3              s++;
 161   3                if(s>=60)
 162   3                {
 163   4                  min++;
 164   4                  s=0;
 165   4                }
 166   3                    if(min>=60)
 167   3                    {
 168   4                      h++;
 169   4                      min=0;
 170   4                    }
 171   3                    if(h>=24)
 172   3                    {
 173   4                      d++;
 174   4                      h=0;
 175   4                    }
 176   3                      if(d>30)
 177   3                      {
 178   4                        min++;
C51 COMPILER V9.60.7.0   1                                                                 02/10/2026 11:56:34 PAGE 4   

 179   4                        d=1;
 180   4                      }
 181   3                        if(m>=12)
 182   3                        {
 183   4                          y++;
 184   4                          m=1;
 185   4                        }
 186   3                      
 187   3          }
 188   2          if(mode==1)
 189   2          {
 190   3            
 191   3            T0count=0;
 192   3          }
 193   2          if(mode==2)
 194   2          {
 195   3            T0count=0;
 196   3            if(s == 0)
 197   3      {
 198   4          s = 59;
 199   4          if(min == 0)
 200   4          {
 201   5              min = 59;
 202   5              if(h == 0)
 203   5              {
 204   6                  h = 23;
 205   6                  if(d <= 1)
 206   6                  {
 207   7                      d = 30;
 208   7                      if(m <= 1)
 209   7                      {
 210   8                          m = 12;
 211   8                          y--;
 212   8                      }
 213   7                      else
 214   7                      {
 215   8                          m--;
 216   8                      }
 217   7                  }
 218   6                  else
 219   6                  {
 220   7                      d--;
 221   7                  }
 222   6              }
 223   5              else
 224   5              {
 225   6                  h--;
 226   6              }
 227   5          }
 228   4          else
 229   4          {
 230   5              min--;
 231   5          }
 232   4      }
 233   3      else
 234   3      {
 235   4          s--;
 236   4      }
 237   3      
 238   3          }
 239   2        }
 240   1      
C51 COMPILER V9.60.7.0   1                                                                 02/10/2026 11:56:34 PAGE 5   

 241   1        
 242   1            
 243   1            
 244   1        if(s%2==1)
 245   1          { 
 246   2            P2_1=0;
 247   2            P2_2=1;
 248   2          } 
 249   1            else
 250   1          {   
 251   2            P2_1=1;
 252   2            P2_2=0;
 253   2          }
 254   1      }
 255            


MODULE INFORMATION:   STATIC OVERLAYABLE
   CODE SIZE        =    720    ----
   CONSTANT SIZE    =     53    ----
   XDATA SIZE       =   ----    ----
   PDATA SIZE       =   ----    ----
   DATA SIZE        =     11    ----
   IDATA SIZE       =   ----    ----
   BIT SIZE         =   ----    ----
END OF MODULE INFORMATION.


C51 COMPILATION COMPLETE.  0 WARNING(S),  0 ERROR(S)
