C51 COMPILER V9.60.7.0   DULIKEY                                                           02/09/2026 19:16:52 PAGE 1   


C51 COMPILER V9.60.7.0, COMPILATION OF MODULE DULIKEY
OBJECT MODULE PLACED IN .\Objects\DULIKEY.obj
COMPILER INVOKED BY: D:\k5\C51\BIN\C51.EXE ..\计时器_时钟\DULIKEY.c OPTIMIZE(8,SPEED) BROWSE DEBUG OBJECTEXTEND PRINT(.\
                    -Listings\DULIKEY.lst) TABS(2) OBJECT(.\Objects\DULIKEY.obj)

line level    source

   1          #include <REGX52.H>
   2          #include "DELAY.H"
   3          
   4          unsigned char duli()
   5          {
   6   1        unsigned char duli_num=0;
   7   1        
   8   1        if(P3_1==0){Delay(20);while(P3_1==0);Delay(20);duli_num=1;}
   9   1        if(P3_0==0){Delay(20);while(P3_0==0);Delay(20);duli_num=2;}//第二个按键为P2_0
  10   1        if(P3_2==0){Delay(20);while(P3_2==0);Delay(20);duli_num=3;}
  11   1        if(P3_3==0){Delay(20);while(P3_3==0);Delay(20);duli_num=4;}
  12   1        
  13   1        return duli_num;
  14   1      }


MODULE INFORMATION:   STATIC OVERLAYABLE
   CODE SIZE        =     97    ----
   CONSTANT SIZE    =   ----    ----
   XDATA SIZE       =   ----    ----
   PDATA SIZE       =   ----    ----
   DATA SIZE        =   ----       1
   IDATA SIZE       =   ----    ----
   BIT SIZE         =   ----    ----
END OF MODULE INFORMATION.


C51 COMPILATION COMPLETE.  0 WARNING(S),  0 ERROR(S)
