C51 COMPILER V9.60.7.0   TIMER0                                                            02/07/2026 19:21:05 PAGE 1   


C51 COMPILER V9.60.7.0, COMPILATION OF MODULE TIMER0
OBJECT MODULE PLACED IN .\Objects\timer0.obj
COMPILER INVOKED BY: D:\k5\C51\BIN\C51.EXE timer0.c OPTIMIZE(8,SPEED) BROWSE DEBUG OBJECTEXTEND PRINT(.\Listings\timer0.
                    -lst) TABS(2) OBJECT(.\Objects\timer0.obj)

line level    source

   1          #include <REGX52.H>
   2          
   3          
   4          void Timer0_Init(void)   //@11.0592MHz
   5          {
   6   1          TMOD &= 0xF0;        // 清除 T0 的模式位
   7   1          TMOD |= 0x01;        // ① 定时器0，模式1（16位）
   8   1      
   9   1          TL0 = 0x66;          // ② 1ms 定时初值
  10   1          TH0 = 0xFC;
  11   1      
  12   1          TF0 = 0;             // ③ 清中断标志
  13   1          ET0 = 1;             // ④ 使能 T0 中断
  14   1          EA  = 1;             // ⑤ 使能总中断
  15   1          PT0 = 0;             // ⑥ 中断优先级（低即可）
  16   1      
  17   1          TR0 = 1;             // ⑦ 启动定时器
  18   1      }


MODULE INFORMATION:   STATIC OVERLAYABLE
   CODE SIZE        =     23    ----
   CONSTANT SIZE    =   ----    ----
   XDATA SIZE       =   ----    ----
   PDATA SIZE       =   ----    ----
   DATA SIZE        =   ----    ----
   IDATA SIZE       =   ----    ----
   BIT SIZE         =   ----    ----
END OF MODULE INFORMATION.


C51 COMPILATION COMPLETE.  0 WARNING(S),  0 ERROR(S)
