BL51 BANKED LINKER/LOCATER V6.22.4.0                                                    02/03/2026  11:05:53  PAGE 1


BL51 BANKED LINKER/LOCATER V6.22.4.0, INVOKED BY:
D:\K5\C51\BIN\BL51.EXE .\Objects\main.obj, .\Objects\LCD1602.obj, .\Objects\Delay.obj TO .\Objects\1 PRINT (.\Listings\1
>> .m51) RAMSIZE (256) DISABLEWARNING (16)


MEMORY MODEL: SMALL


INPUT MODULES INCLUDED:
  .\Objects\main.obj (MAIN)
  .\Objects\LCD1602.obj (LCD1602)
  .\Objects\Delay.obj (DELAY)
  D:\K5\C51\LIB\C51S.LIB (?C_STARTUP)
  D:\K5\C51\LIB\C51S.LIB (?C?CLDOPTR)
  D:\K5\C51\LIB\C51S.LIB (?C?IMUL)
  D:\K5\C51\LIB\C51S.LIB (?C?UIDIV)


LINK MAP OF MODULE:  .\Objects\1 (MAIN)


            TYPE    BASE      LENGTH    RELOCATION   SEGMENT NAME
            -----------------------------------------------------

            * * * * * * *   D A T A   M E M O R Y   * * * * * * *
            REG     0000H     0008H     ABSOLUTE     "REG BANK 0"
            DATA    0008H     0009H     UNIT         _DATA_GROUP_
            DATA    0011H     0007H     UNIT         ?DT?_LCD_SHOWSIGNEDNUM?LCD1602
            DATA    0018H     0005H     UNIT         ?DT?_LCD_SHOWHEXNUM?LCD1602
            DATA    001DH     0005H     UNIT         ?DT?_LCD_SHOWBINNUM?LCD1602
            DATA    0022H     0002H     UNIT         ?DT?MAIN
            IDATA   0024H     0001H     UNIT         ?STACK

            * * * * * * *   C O D E   M E M O R Y   * * * * * * *
            CODE    0000H     0003H     ABSOLUTE     
            CODE    0003H     0094H     UNIT         ?C?LIB_CODE
            CODE    0097H     003AH     UNIT         ?PR?_LCD_SHOWSIGNEDNUM?LCD1602
            CODE    00D1H     0039H     UNIT         ?PR?_LCD_SHOWHEXNUM?LCD1602
            CODE    010AH     0038H     UNIT         ?PR?_LCD_SHOWBINNUM?LCD1602
            CODE    0142H     0035H     UNIT         ?PR?MAIN?MAIN
            CODE    0177H     0033H     UNIT         ?PR?_LCD_POW?LCD1602
            CODE    01AAH     0023H     UNIT         ?PR?_LCD_SHOWSTRING?LCD1602
            CODE    01CDH     001EH     UNIT         ?PR?_LCD_WRITEDATA?LCD1602
            CODE    01EBH     001DH     UNIT         ?PR?_LCD_SHOWNUM?LCD1602
            CODE    0208H     0016H     UNIT         ?PR?_LCD_SETCURSOR?LCD1602
            CODE    021EH     0015H     UNIT         ?PR?_DELAY?DELAY
            CODE    0233H     0014H     UNIT         ?PR?LCD_INIT?LCD1602
            CODE    0247H     000FH     UNIT         ?PR?LCD_DELAY?LCD1602
            CODE    0256H     000CH     UNIT         ?C_C51STARTUP
            CODE    0262H     000AH     UNIT         ?CO?MAIN
            CODE    026CH     000AH     UNIT         ?PR?_LCD_WRITECOMMAND?LCD1602
            CODE    0276H     000AH     UNIT         ?PR?_LCD_SHOWCHAR?LCD1602



OVERLAY MAP OF MODULE:   .\Objects\1 (MAIN)


BL51 BANKED LINKER/LOCATER V6.22.4.0                                                  02/03/2026  11:05:53  PAGE 2


SEGMENT                                  DATA_GROUP 
  +--> CALLED SEGMENT                  START    LENGTH
------------------------------------------------------
?C_C51STARTUP                          -----    -----
  +--> ?PR?MAIN?MAIN

?PR?MAIN?MAIN                          -----    -----
  +--> ?PR?LCD_INIT?LCD1602
  +--> ?CO?MAIN
  +--> ?PR?_LCD_SHOWSTRING?LCD1602
  +--> ?PR?_DELAY?DELAY
  +--> ?PR?_LCD_SHOWNUM?LCD1602

?PR?LCD_INIT?LCD1602                   -----    -----
  +--> ?PR?_LCD_WRITECOMMAND?LCD1602

?PR?_LCD_WRITECOMMAND?LCD1602          -----    -----
  +--> ?PR?LCD_DELAY?LCD1602

?PR?_LCD_SHOWSTRING?LCD1602            0008H    0003H
  +--> ?PR?_LCD_SETCURSOR?LCD1602
  +--> ?PR?_LCD_WRITEDATA?LCD1602

?PR?_LCD_SETCURSOR?LCD1602             -----    -----
  +--> ?PR?_LCD_WRITECOMMAND?LCD1602

?PR?_LCD_WRITEDATA?LCD1602             -----    -----
  +--> ?PR?LCD_DELAY?LCD1602

?PR?_LCD_SHOWNUM?LCD1602               0008H    0005H
  +--> ?PR?_LCD_SETCURSOR?LCD1602
  +--> ?PR?_LCD_POW?LCD1602
  +--> ?PR?_LCD_WRITEDATA?LCD1602

?PR?_LCD_POW?LCD1602                   000DH    0004H



SYMBOL TABLE OF MODULE:  .\Objects\1 (MAIN)

  VALUE           TYPE          NAME
  ----------------------------------

  -------         MODULE        MAIN
  C:0000H         SYMBOL        _ICE_DUMMY_
  D:0090H         PUBLIC        P1
  D:00A0H         PUBLIC        P2
  D:00B0H         PUBLIC        P3
  D:00A8H         PUBLIC        IE
  D:00B8H         PUBLIC        IP
  C:0142H         PUBLIC        main
  D:0098H         PUBLIC        SCON
  D:0088H         PUBLIC        TCON
  D:0022H         PUBLIC        num
  D:00C8H         PUBLIC        T2CON
  D:00D0H         PUBLIC        PSW
  -------         PROC          MAIN
BL51 BANKED LINKER/LOCATER V6.22.4.0                                                  02/03/2026  11:05:53  PAGE 3


  C:0142H         LINE#         5
  C:0142H         LINE#         6
  C:0142H         LINE#         7
  C:0148H         LINE#         8
  C:014BH         LINE#         10
  C:0158H         LINE#         12
  C:0158H         LINE#         13
  C:0158H         LINE#         14
  C:0160H         LINE#         15
  C:0167H         LINE#         16
  C:0175H         LINE#         17
  -------         ENDPROC       MAIN
  -------         ENDMOD        MAIN

  -------         MODULE        LCD1602
  C:0000H         SYMBOL        _ICE_DUMMY_
  D:0080H         PUBLIC        P0
  D:0090H         PUBLIC        P1
  D:00A0H         PUBLIC        P2
  D:00B0H         PUBLIC        P3
  C:026CH         PUBLIC        _LCD_WriteCommand
  C:01EBH         PUBLIC        _LCD_ShowNum
  D:00A8H         PUBLIC        IE
  D:00B8H         PUBLIC        IP
  C:010AH         PUBLIC        _LCD_ShowBinNum
  C:024DH         PUBLIC        LCD_Delay
  C:00D1H         PUBLIC        _LCD_ShowHexNum
  D:0098H         PUBLIC        SCON
  D:0088H         PUBLIC        TCON
  C:01E1H         PUBLIC        _LCD_WriteData
  B:00A0H.7       PUBLIC        LCD_EN
  C:0233H         PUBLIC        LCD_Init
  C:01AAH         PUBLIC        _LCD_ShowString
  C:0276H         PUBLIC        _LCD_ShowChar
  B:00A0H.6       PUBLIC        LCD_RS
  B:00A0H.5       PUBLIC        LCD_RW
  C:0208H         PUBLIC        _LCD_SetCursor
  D:00C8H         PUBLIC        T2CON
  C:0097H         PUBLIC        _LCD_ShowSignedNum
  C:0183H         PUBLIC        _LCD_Pow
  D:00D0H         PUBLIC        PSW
  -------         PROC          L?0048
  -------         ENDPROC       L?0048
  -------         PROC          LCD_DELAY
  -------         DO            
  D:0007H         SYMBOL        i
  D:0006H         SYMBOL        j
  -------         ENDDO         
  C:024DH         LINE#         15
  C:024DH         LINE#         16
  C:024DH         LINE#         19
  C:024FH         LINE#         20
  C:0251H         LINE#         22
  C:0251H         LINE#         23
  C:0253H         LINE#         24
  C:0255H         LINE#         25
  -------         ENDPROC       LCD_DELAY
BL51 BANKED LINKER/LOCATER V6.22.4.0                                                  02/03/2026  11:05:53  PAGE 4


  -------         PROC          _LCD_WRITECOMMAND
  D:0007H         SYMBOL        Command
  C:026CH         LINE#         32
  C:026CH         LINE#         33
  C:026CH         LINE#         34
  C:026EH         LINE#         35
  C:026EH         LINE#         36
  C:026EH         LINE#         37
  C:026EH         LINE#         38
  C:0271H         LINE#         39
  C:0273H         LINE#         40
  -------         ENDPROC       _LCD_WRITECOMMAND
  -------         PROC          L?0047
  -------         ENDPROC       L?0047
  -------         PROC          _LCD_WRITEDATA
  D:0007H         SYMBOL        Data
  C:01E1H         LINE#         48
  C:01E1H         LINE#         49
  C:01E1H         LINE#         50
  C:01E3H         LINE#         51
  C:01E3H         LINE#         52
  C:01E3H         LINE#         53
  C:01E3H         LINE#         54
  C:01E6H         LINE#         55
  C:01E8H         LINE#         56
  -------         ENDPROC       _LCD_WRITEDATA
  -------         PROC          _LCD_SETCURSOR
  D:0006H         SYMBOL        Line
  D:0005H         SYMBOL        Column
  C:0208H         LINE#         65
  C:020AH         LINE#         66
  C:020AH         LINE#         67
  C:020DH         LINE#         68
  C:020DH         LINE#         69
  C:020FH         LINE#         70
  C:0211H         LINE#         71
  C:0214H         LINE#         72
  C:0214H         LINE#         73
  C:021DH         LINE#         74
  C:021DH         LINE#         75
  -------         ENDPROC       _LCD_SETCURSOR
  -------         PROC          LCD_INIT
  C:0233H         LINE#         82
  C:0233H         LINE#         83
  C:0233H         LINE#         84
  C:0238H         LINE#         85
  C:023DH         LINE#         86
  C:0242H         LINE#         87
  -------         ENDPROC       LCD_INIT
  -------         PROC          _LCD_SHOWCHAR
  D:0006H         SYMBOL        Line
  D:0005H         SYMBOL        Column
  D:0004H         SYMBOL        Char
  C:0276H         LINE#         97
  C:0278H         LINE#         98
  C:0278H         LINE#         99
  C:027BH         LINE#         100
BL51 BANKED LINKER/LOCATER V6.22.4.0                                                  02/03/2026  11:05:53  PAGE 5


  -------         ENDPROC       _LCD_SHOWCHAR
  -------         PROC          _LCD_SHOWSTRING
  D:0007H         SYMBOL        Line
  D:0005H         SYMBOL        Column
  D:0008H         SYMBOL        String
  -------         DO            
  D:0005H         SYMBOL        i
  -------         ENDDO         
  C:01AAH         LINE#         110
  C:01B0H         LINE#         111
  C:01B0H         LINE#         113
  C:01B3H         LINE#         114
  C:01C6H         LINE#         115
  C:01C6H         LINE#         116
  C:01C9H         LINE#         117
  C:01CCH         LINE#         118
  -------         ENDPROC       _LCD_SHOWSTRING
  C:0179H         SYMBOL        L?0046
  -------         PROC          L?0045
  -------         ENDPROC       L?0045
  C:0179H         SYMBOL        L?0046
  -------         PROC          _LCD_POW
  D:000DH         SYMBOL        X
  D:000FH         SYMBOL        Y
  -------         DO            
  D:0003H         SYMBOL        i
  D:0006H         SYMBOL        Result
  -------         ENDDO         
  C:0183H         LINE#         123
  C:018BH         LINE#         124
  C:018BH         LINE#         126
  C:018FH         LINE#         127
  C:019FH         LINE#         128
  C:019FH         LINE#         129
  C:01A6H         LINE#         130
  C:01A9H         LINE#         131
  C:01A9H         LINE#         132
  -------         ENDPROC       _LCD_POW
  -------         PROC          _LCD_SHOWNUM
  D:0007H         SYMBOL        Line
  D:0005H         SYMBOL        Column
  D:000AH         SYMBOL        Number
  D:000CH         SYMBOL        Length
  -------         DO            
  D:0002H         SYMBOL        i
  -------         ENDDO         
  C:01EBH         LINE#         142
  C:01EFH         LINE#         143
  C:01EFH         LINE#         145
  C:01F2H         LINE#         146
  C:01FAH         LINE#         147
  C:01FAH         LINE#         148
  C:0204H         LINE#         149
  C:0207H         LINE#         150
  -------         ENDPROC       _LCD_SHOWNUM
  -------         PROC          _LCD_SHOWSIGNEDNUM
  D:0007H         SYMBOL        Line
BL51 BANKED LINKER/LOCATER V6.22.4.0                                                  02/03/2026  11:05:53  PAGE 6


  D:0005H         SYMBOL        Column
  D:0002H         SYMBOL        Number
  D:0015H         SYMBOL        Length
  -------         DO            
  D:0002H         SYMBOL        i
  D:0016H         SYMBOL        Number1
  -------         ENDDO         
  C:0097H         LINE#         160
  C:0097H         LINE#         161
  C:0097H         LINE#         164
  C:009AH         LINE#         165
  C:00A2H         LINE#         166
  C:00A2H         LINE#         167
  C:00A7H         LINE#         168
  C:00ABH         LINE#         169
  C:00ADH         LINE#         171
  C:00ADH         LINE#         172
  C:00B2H         LINE#         173
  C:00BBH         LINE#         174
  C:00BBH         LINE#         175
  C:00C3H         LINE#         176
  C:00C3H         LINE#         177
  C:00CDH         LINE#         178
  C:00D0H         LINE#         179
  -------         ENDPROC       _LCD_SHOWSIGNEDNUM
  -------         PROC          _LCD_SHOWHEXNUM
  D:0007H         SYMBOL        Line
  D:0005H         SYMBOL        Column
  D:001AH         SYMBOL        Number
  D:001CH         SYMBOL        Length
  -------         DO            
  D:0002H         SYMBOL        i
  D:0006H         SYMBOL        SingleNumber
  -------         ENDDO         
  C:00D1H         LINE#         189
  C:00D5H         LINE#         190
  C:00D5H         LINE#         192
  C:00D8H         LINE#         193
  C:00E0H         LINE#         194
  C:00E0H         LINE#         195
  C:00F6H         LINE#         196
  C:00FCH         LINE#         197
  C:00FCH         LINE#         198
  C:00FEH         LINE#         199
  C:0100H         LINE#         201
  C:0100H         LINE#         202
  C:0106H         LINE#         203
  C:0106H         LINE#         204
  C:0109H         LINE#         205
  -------         ENDPROC       _LCD_SHOWHEXNUM
  -------         PROC          _LCD_SHOWBINNUM
  D:0007H         SYMBOL        Line
  D:0005H         SYMBOL        Column
  D:001FH         SYMBOL        Number
  D:0021H         SYMBOL        Length
  -------         DO            
  D:0002H         SYMBOL        i
BL51 BANKED LINKER/LOCATER V6.22.4.0                                                  02/03/2026  11:05:53  PAGE 7


  -------         ENDDO         
  C:010AH         LINE#         215
  C:010EH         LINE#         216
  C:010EH         LINE#         218
  C:0111H         LINE#         219
  C:0119H         LINE#         220
  C:0119H         LINE#         221
  C:013EH         LINE#         222
  C:0141H         LINE#         223
  -------         ENDPROC       _LCD_SHOWBINNUM
  -------         ENDMOD        LCD1602

  -------         MODULE        DELAY
  C:0000H         SYMBOL        _ICE_DUMMY_
  C:021EH         PUBLIC        _Delay
  -------         PROC          _DELAY
  D:0006H         SYMBOL        xms
  -------         DO            
  D:0005H         SYMBOL        i
  D:0004H         SYMBOL        j
  -------         ENDDO         
  C:021EH         LINE#         1
  C:021EH         LINE#         2
  C:021EH         LINE#         4
  C:0228H         LINE#         5
  C:0228H         LINE#         6
  C:022AH         LINE#         7
  C:022CH         LINE#         9
  C:022CH         LINE#         10
  C:022EH         LINE#         11
  C:022EH         LINE#         12
  C:0230H         LINE#         13
  C:0232H         LINE#         14
  -------         ENDPROC       _DELAY
  -------         ENDMOD        DELAY

  -------         MODULE        ?C?CLDOPTR
  C:0003H         PUBLIC        ?C?CLDOPTR
  -------         ENDMOD        ?C?CLDOPTR

  -------         MODULE        ?C?IMUL
  C:0030H         PUBLIC        ?C?IMUL
  -------         ENDMOD        ?C?IMUL

  -------         MODULE        ?C?UIDIV
  C:0042H         PUBLIC        ?C?UIDIV
  -------         ENDMOD        ?C?UIDIV

Program Size: data=37.0 xdata=0 code=640
LINK/LOCATE RUN COMPLETE.  0 WARNING(S),  0 ERROR(S)
