C51 COMPILER V9.60.7.0   1                                                                 01/28/2026 17:26:43 PAGE 1   


C51 COMPILER V9.60.7.0, COMPILATION OF MODULE 1
OBJECT MODULE PLACED IN .\Objects\1.obj
COMPILER INVOKED BY: D:\k5\C51\BIN\C51.EXE 1.c OPTIMIZE(8,SPEED) BROWSE DEBUG OBJECTEXTEND PRINT(.\Listings\1.lst) TABS(
                    -2) OBJECT(.\Objects\1.obj)

line level    source

   1          #include <REGX52.H>
   2          
   3          void main()
   4          {
   5   1        while(1)
   6   1        {
   7   2            if(P3_1==0 && P3_0==0)
   8   2            {
   9   3              P2_0=0;
  10   3            }
  11   2            else
  12   2            {
  13   3              P2_0=1;
  14   3            }
  15   2        }
  16   1      }


MODULE INFORMATION:   STATIC OVERLAYABLE
   CODE SIZE        =     14    ----
   CONSTANT SIZE    =   ----    ----
   XDATA SIZE       =   ----    ----
   PDATA SIZE       =   ----    ----
   DATA SIZE        =   ----    ----
   IDATA SIZE       =   ----    ----
   BIT SIZE         =   ----    ----
END OF MODULE INFORMATION.


C51 COMPILATION COMPLETE.  0 WARNING(S),  0 ERROR(S)
